Sat Feb 10 16:28:11 2024: Running xcd server. This server was built by gradle.
Sat Feb 10 16:28:11 2024: Server was asked to start on port: '42975'
Sat Feb 10 16:28:11 2024: Server is using token UUID: '80336868-f5ee-416f-8b87-8a55a9c88e67'
Sat Feb 10 16:28:11 2024: SESSION_MGR: creating session with session uuid: '6d04a3e9-ade5-4ab9-8d63-1f78fcd2ec76' and name 'default'
Sat Feb 10 16:28:11 2024: Attempting to start server on port '42975'
Sat Feb 10 16:28:11 2024: XCD main fifo: created main fifo '/tmp/xcdmain80336868-f5ee-416f-8b87-8a55a9c88e67', fd read = 13
Sat Feb 10 16:28:11 2024: Running Dispatch Server
Sat Feb 10 16:28:11 2024: Version 2.2.0
Sat Feb 10 16:28:13 2024: Dispatch Server: Accepted socket connection from client
Sat Feb 10 16:28:13 2024: Starting Socket connection
Sat Feb 10 16:28:13 2024: EXCHANGE_TOKEN received, server token: 80336868-f5ee-416f-8b87-8a55a9c88e67, passed token: 80336868-f5ee-416f-8b87-8a55a9c88e67
Sat Feb 10 16:28:13 2024: DISPATCH_HANDLER: Adding handler from function makeHandler in library libxv_system_diagram
Sat Feb 10 16:28:13 2024: SESSION_MGR: creating session with session uuid: '84eded8a-093c-4575-8ce2-04789f3020ca' and name 'v++_compile_Work'
Sat Feb 10 16:28:13 2024: KERNEL_SVC: creating session with uuid: '84eded8a-093c-4575-8ce2-04789f3020ca' and name 'v++_compile_Work'
Sat Feb 10 16:28:13 2024: GUIDANCE_SMGR: creating guidance session with uuid: '84eded8a-093c-4575-8ce2-04789f3020ca' and name 'v++_compile_Work'
Sat Feb 10 16:28:13 2024: SYSTEM_DIAGRAM: creating session with uuid: '84eded8a-093c-4575-8ce2-04789f3020ca' and name 'v++_compile_Work'
Sat Feb 10 16:28:21 2024: Dispatch Server: Accepted socket connection from client
Sat Feb 10 16:28:21 2024: Starting Socket connection
Sat Feb 10 16:28:21 2024: SESSION_MGR: creating session with session uuid: '800717a2-933e-47b1-941b-7dea67a8d3e9' and name 'AIE Compilation'
Sat Feb 10 16:28:21 2024: KERNEL_SVC: creating session with uuid: '800717a2-933e-47b1-941b-7dea67a8d3e9' and name 'AIE Compilation'
Sat Feb 10 16:28:21 2024: GUIDANCE_SMGR: creating guidance session with uuid: '800717a2-933e-47b1-941b-7dea67a8d3e9' and name 'AIE Compilation'
Sat Feb 10 16:28:21 2024: SYSTEM_DIAGRAM: creating session with uuid: '800717a2-933e-47b1-941b-7dea67a8d3e9' and name 'AIE Compilation'
Sat Feb 10 16:28:23 2024: Dispatch Server: Accepted socket connection from client
Sat Feb 10 16:28:23 2024: Starting Socket connection
Sat Feb 10 16:28:31 2024: SESSION_MGR: closing session for UUID '800717a2-933e-47b1-941b-7dea67a8d3e9' with name ''
Sat Feb 10 16:28:31 2024: KERNEL_SVC: closing session for UUID '800717a2-933e-47b1-941b-7dea67a8d3e9' with name ''
Sat Feb 10 16:28:31 2024: GUIDANCE_SMGR: closing session for UUID '800717a2-933e-47b1-941b-7dea67a8d3e9' with name ''
Sat Feb 10 16:28:31 2024: SYSTEM_DIAGRAM: closing session for UUID '800717a2-933e-47b1-941b-7dea67a8d3e9' with name ''
Sat Feb 10 16:28:31 2024: SESSION_MGR: closing session for UUID '84eded8a-093c-4575-8ce2-04789f3020ca' with name 'v++_compile_Work'
Sat Feb 10 16:28:31 2024: KERNEL_SVC: closing session for UUID '84eded8a-093c-4575-8ce2-04789f3020ca' with name 'v++_compile_Work'
Sat Feb 10 16:28:31 2024: GUIDANCE_SMGR: closing session for UUID '84eded8a-093c-4575-8ce2-04789f3020ca' with name 'v++_compile_Work'
Sat Feb 10 16:28:31 2024: SYSTEM_DIAGRAM: closing session for UUID '84eded8a-093c-4575-8ce2-04789f3020ca' with name 'v++_compile_Work'
Sat Feb 10 16:28:31 2024: STOP_SERVER received, server token: 80336868-f5ee-416f-8b87-8a55a9c88e67, passed token: 80336868-f5ee-416f-8b87-8a55a9c88e67
Sat Feb 10 16:28:31 2024: Socket received request to stop server.
Sat Feb 10 16:28:31 2024: Dispatch Server: do_await_stop
Sat Feb 10 16:28:31 2024: Dispatch Server: stopping mainFifo_
Sat Feb 10 16:28:31 2024: XCD main fifo: Stopping
Sat Feb 10 16:28:31 2024: XCD main fifo: do_read error code: Operation canceled
Sat Feb 10 16:28:31 2024: XCD main fifo: bytes_transferred: 0
Sat Feb 10 16:28:31 2024: SERVER: destructor for server bound to port 42975
Sat Feb 10 16:28:31 2024: XCD main fifo: Good unlink of /tmp/xcdmain80336868-f5ee-416f-8b87-8a55a9c88e67
Sat Feb 10 16:28:31 2024: Server exiting with status 0.
Sat Feb 10 16:28:31 2024: Closing log file.
Sun Feb 11 11:37:42 2024: Running xcd server. This server was built by gradle.
Sun Feb 11 11:37:42 2024: Server was asked to start on port: '34707'
Sun Feb 11 11:37:42 2024: Server is using token UUID: '4b3fcab3-8cc7-4bd7-8df3-c0502d14389e'
Sun Feb 11 11:37:42 2024: SESSION_MGR: creating session with session uuid: '6d04a3e9-ade5-4ab9-8d63-1f78fcd2ec76' and name 'default'
Sun Feb 11 11:37:42 2024: Attempting to start server on port '34707'
Sun Feb 11 11:37:42 2024: XCD main fifo: created main fifo '/tmp/xcdmain4b3fcab3-8cc7-4bd7-8df3-c0502d14389e', fd read = 13
Sun Feb 11 11:37:42 2024: Running Dispatch Server
Sun Feb 11 11:37:42 2024: Version 2.2.0
Sun Feb 11 11:37:44 2024: Dispatch Server: Accepted socket connection from client
Sun Feb 11 11:37:44 2024: Starting Socket connection
Sun Feb 11 11:37:44 2024: EXCHANGE_TOKEN received, server token: 4b3fcab3-8cc7-4bd7-8df3-c0502d14389e, passed token: 4b3fcab3-8cc7-4bd7-8df3-c0502d14389e
Sun Feb 11 11:37:44 2024: DISPATCH_HANDLER: Adding handler from function makeHandler in library libxv_system_diagram
Sun Feb 11 11:37:44 2024: SESSION_MGR: creating session with session uuid: '012cb252-4f30-47b6-a636-e08e4b99a8d8' and name 'v++_compile_Work'
Sun Feb 11 11:37:44 2024: KERNEL_SVC: creating session with uuid: '012cb252-4f30-47b6-a636-e08e4b99a8d8' and name 'v++_compile_Work'
Sun Feb 11 11:37:44 2024: GUIDANCE_SMGR: creating guidance session with uuid: '012cb252-4f30-47b6-a636-e08e4b99a8d8' and name 'v++_compile_Work'
Sun Feb 11 11:37:44 2024: SYSTEM_DIAGRAM: creating session with uuid: '012cb252-4f30-47b6-a636-e08e4b99a8d8' and name 'v++_compile_Work'
Sun Feb 11 11:37:52 2024: Dispatch Server: Accepted socket connection from client
Sun Feb 11 11:37:52 2024: Starting Socket connection
Sun Feb 11 11:37:52 2024: SESSION_MGR: creating session with session uuid: '0a16f453-2b4c-4252-969b-76f9fd1f7304' and name 'AIE Compilation'
Sun Feb 11 11:37:52 2024: KERNEL_SVC: creating session with uuid: '0a16f453-2b4c-4252-969b-76f9fd1f7304' and name 'AIE Compilation'
Sun Feb 11 11:37:52 2024: GUIDANCE_SMGR: creating guidance session with uuid: '0a16f453-2b4c-4252-969b-76f9fd1f7304' and name 'AIE Compilation'
Sun Feb 11 11:37:52 2024: SYSTEM_DIAGRAM: creating session with uuid: '0a16f453-2b4c-4252-969b-76f9fd1f7304' and name 'AIE Compilation'
Sun Feb 11 11:37:54 2024: Dispatch Server: Accepted socket connection from client
Sun Feb 11 11:37:54 2024: Starting Socket connection
Sun Feb 11 11:38:01 2024: SESSION_MGR: closing session for UUID '0a16f453-2b4c-4252-969b-76f9fd1f7304' with name ''
Sun Feb 11 11:38:01 2024: KERNEL_SVC: closing session for UUID '0a16f453-2b4c-4252-969b-76f9fd1f7304' with name ''
Sun Feb 11 11:38:01 2024: GUIDANCE_SMGR: closing session for UUID '0a16f453-2b4c-4252-969b-76f9fd1f7304' with name ''
Sun Feb 11 11:38:01 2024: SYSTEM_DIAGRAM: closing session for UUID '0a16f453-2b4c-4252-969b-76f9fd1f7304' with name ''
Sun Feb 11 11:38:02 2024: SESSION_MGR: closing session for UUID '012cb252-4f30-47b6-a636-e08e4b99a8d8' with name 'v++_compile_Work'
Sun Feb 11 11:38:02 2024: KERNEL_SVC: closing session for UUID '012cb252-4f30-47b6-a636-e08e4b99a8d8' with name 'v++_compile_Work'
Sun Feb 11 11:38:02 2024: GUIDANCE_SMGR: closing session for UUID '012cb252-4f30-47b6-a636-e08e4b99a8d8' with name 'v++_compile_Work'
Sun Feb 11 11:38:02 2024: SYSTEM_DIAGRAM: closing session for UUID '012cb252-4f30-47b6-a636-e08e4b99a8d8' with name 'v++_compile_Work'
Sun Feb 11 11:38:02 2024: STOP_SERVER received, server token: 4b3fcab3-8cc7-4bd7-8df3-c0502d14389e, passed token: 4b3fcab3-8cc7-4bd7-8df3-c0502d14389e
Sun Feb 11 11:38:02 2024: Socket received request to stop server.
Sun Feb 11 11:38:02 2024: Dispatch Server: do_await_stop
Sun Feb 11 11:38:02 2024: Dispatch Server: stopping mainFifo_
Sun Feb 11 11:38:02 2024: XCD main fifo: Stopping
Sun Feb 11 11:38:02 2024: XCD main fifo: do_read error code: Operation canceled
Sun Feb 11 11:38:02 2024: XCD main fifo: bytes_transferred: 0
Sun Feb 11 11:38:02 2024: SERVER: destructor for server bound to port 34707
Sun Feb 11 11:38:02 2024: XCD main fifo: Good unlink of /tmp/xcdmain4b3fcab3-8cc7-4bd7-8df3-c0502d14389e
Sun Feb 11 11:38:02 2024: Server exiting with status 0.
Sun Feb 11 11:38:02 2024: Closing log file.
Sun Feb 11 16:27:18 2024: Running xcd server. This server was built by gradle.
Sun Feb 11 16:27:18 2024: Server was asked to start on port: '35979'
Sun Feb 11 16:27:18 2024: Server is using token UUID: '802ce7b3-3421-4051-aba9-aa64a862afec'
Sun Feb 11 16:27:18 2024: SESSION_MGR: creating session with session uuid: '6d04a3e9-ade5-4ab9-8d63-1f78fcd2ec76' and name 'default'
Sun Feb 11 16:27:18 2024: Attempting to start server on port '35979'
Sun Feb 11 16:27:18 2024: XCD main fifo: created main fifo '/tmp/xcdmain802ce7b3-3421-4051-aba9-aa64a862afec', fd read = 13
Sun Feb 11 16:27:18 2024: Running Dispatch Server
Sun Feb 11 16:27:18 2024: Version 2.2.0
Sun Feb 11 16:27:20 2024: Dispatch Server: Accepted socket connection from client
Sun Feb 11 16:27:20 2024: Starting Socket connection
Sun Feb 11 16:27:20 2024: EXCHANGE_TOKEN received, server token: 802ce7b3-3421-4051-aba9-aa64a862afec, passed token: 802ce7b3-3421-4051-aba9-aa64a862afec
Sun Feb 11 16:27:21 2024: DISPATCH_HANDLER: Adding handler from function makeHandler in library libxv_system_diagram
Sun Feb 11 16:27:21 2024: SESSION_MGR: creating session with session uuid: '0cc456d2-98ee-4e8c-8513-6ec8248edc1c' and name 'v++_compile_Work'
Sun Feb 11 16:27:21 2024: KERNEL_SVC: creating session with uuid: '0cc456d2-98ee-4e8c-8513-6ec8248edc1c' and name 'v++_compile_Work'
Sun Feb 11 16:27:21 2024: GUIDANCE_SMGR: creating guidance session with uuid: '0cc456d2-98ee-4e8c-8513-6ec8248edc1c' and name 'v++_compile_Work'
Sun Feb 11 16:27:21 2024: SYSTEM_DIAGRAM: creating session with uuid: '0cc456d2-98ee-4e8c-8513-6ec8248edc1c' and name 'v++_compile_Work'
Sun Feb 11 16:27:29 2024: Dispatch Server: Accepted socket connection from client
Sun Feb 11 16:27:29 2024: Starting Socket connection
Sun Feb 11 16:27:29 2024: SESSION_MGR: creating session with session uuid: '10c786ce-db09-4265-bd32-e7c7c313c56e' and name 'AIE Compilation'
Sun Feb 11 16:27:29 2024: KERNEL_SVC: creating session with uuid: '10c786ce-db09-4265-bd32-e7c7c313c56e' and name 'AIE Compilation'
Sun Feb 11 16:27:29 2024: GUIDANCE_SMGR: creating guidance session with uuid: '10c786ce-db09-4265-bd32-e7c7c313c56e' and name 'AIE Compilation'
Sun Feb 11 16:27:29 2024: SYSTEM_DIAGRAM: creating session with uuid: '10c786ce-db09-4265-bd32-e7c7c313c56e' and name 'AIE Compilation'
Sun Feb 11 16:27:30 2024: Dispatch Server: Accepted socket connection from client
Sun Feb 11 16:27:30 2024: Starting Socket connection
Sun Feb 11 16:27:38 2024: SESSION_MGR: closing session for UUID '10c786ce-db09-4265-bd32-e7c7c313c56e' with name ''
Sun Feb 11 16:27:38 2024: KERNEL_SVC: closing session for UUID '10c786ce-db09-4265-bd32-e7c7c313c56e' with name ''
Sun Feb 11 16:27:38 2024: GUIDANCE_SMGR: closing session for UUID '10c786ce-db09-4265-bd32-e7c7c313c56e' with name ''
Sun Feb 11 16:27:38 2024: SYSTEM_DIAGRAM: closing session for UUID '10c786ce-db09-4265-bd32-e7c7c313c56e' with name ''
Sun Feb 11 16:27:38 2024: SESSION_MGR: closing session for UUID '0cc456d2-98ee-4e8c-8513-6ec8248edc1c' with name 'v++_compile_Work'
Sun Feb 11 16:27:38 2024: KERNEL_SVC: closing session for UUID '0cc456d2-98ee-4e8c-8513-6ec8248edc1c' with name 'v++_compile_Work'
Sun Feb 11 16:27:38 2024: GUIDANCE_SMGR: closing session for UUID '0cc456d2-98ee-4e8c-8513-6ec8248edc1c' with name 'v++_compile_Work'
Sun Feb 11 16:27:38 2024: SYSTEM_DIAGRAM: closing session for UUID '0cc456d2-98ee-4e8c-8513-6ec8248edc1c' with name 'v++_compile_Work'
Sun Feb 11 16:27:38 2024: STOP_SERVER received, server token: 802ce7b3-3421-4051-aba9-aa64a862afec, passed token: 802ce7b3-3421-4051-aba9-aa64a862afec
Sun Feb 11 16:27:38 2024: Socket received request to stop server.
Sun Feb 11 16:27:38 2024: Dispatch Server: do_await_stop
Sun Feb 11 16:27:38 2024: Dispatch Server: stopping mainFifo_
Sun Feb 11 16:27:38 2024: XCD main fifo: Stopping
Sun Feb 11 16:27:38 2024: XCD main fifo: do_read error code: Operation canceled
Sun Feb 11 16:27:38 2024: XCD main fifo: bytes_transferred: 0
Sun Feb 11 16:27:38 2024: SERVER: destructor for server bound to port 35979
Sun Feb 11 16:27:38 2024: XCD main fifo: Good unlink of /tmp/xcdmain802ce7b3-3421-4051-aba9-aa64a862afec
Sun Feb 11 16:27:38 2024: Server exiting with status 0.
Sun Feb 11 16:27:38 2024: Closing log file.
Mon Feb 12 17:23:58 2024: Running xcd server. This server was built by gradle.
Mon Feb 12 17:23:58 2024: Server was asked to start on port: '40873'
Mon Feb 12 17:23:58 2024: Server is using token UUID: 'b8a9c427-9c8b-43b4-96db-fef4911319aa'
Mon Feb 12 17:23:58 2024: SESSION_MGR: creating session with session uuid: '6d04a3e9-ade5-4ab9-8d63-1f78fcd2ec76' and name 'default'
Mon Feb 12 17:23:58 2024: Attempting to start server on port '40873'
Mon Feb 12 17:23:58 2024: XCD main fifo: created main fifo '/tmp/xcdmainb8a9c427-9c8b-43b4-96db-fef4911319aa', fd read = 13
Mon Feb 12 17:23:58 2024: Running Dispatch Server
Mon Feb 12 17:23:58 2024: Version 2.2.0
Mon Feb 12 17:47:17 2024: Running xcd server. This server was built by gradle.
Mon Feb 12 17:47:17 2024: Server was asked to start on port: '44997'
Mon Feb 12 17:47:17 2024: Server is using token UUID: '681cd205-efdb-4352-b124-ad9f74bc3d2e'
Mon Feb 12 17:47:17 2024: SESSION_MGR: creating session with session uuid: '6d04a3e9-ade5-4ab9-8d63-1f78fcd2ec76' and name 'default'
Mon Feb 12 17:47:17 2024: Attempting to start server on port '44997'
Mon Feb 12 17:47:17 2024: XCD main fifo: created main fifo '/tmp/xcdmain681cd205-efdb-4352-b124-ad9f74bc3d2e', fd read = 13
Mon Feb 12 17:47:17 2024: Running Dispatch Server
Mon Feb 12 17:47:17 2024: Version 2.2.0
Mon Feb 12 17:47:19 2024: Dispatch Server: Accepted socket connection from client
Mon Feb 12 17:47:19 2024: Starting Socket connection
Mon Feb 12 17:47:19 2024: EXCHANGE_TOKEN received, server token: 681cd205-efdb-4352-b124-ad9f74bc3d2e, passed token: 681cd205-efdb-4352-b124-ad9f74bc3d2e
Mon Feb 12 17:47:19 2024: DISPATCH_HANDLER: Adding handler from function makeHandler in library libxv_system_diagram
Mon Feb 12 17:47:19 2024: SESSION_MGR: creating session with session uuid: 'b82b0225-0361-4915-af00-d0ded2aee1af' and name 'v++_compile_Work'
Mon Feb 12 17:47:19 2024: KERNEL_SVC: creating session with uuid: 'b82b0225-0361-4915-af00-d0ded2aee1af' and name 'v++_compile_Work'
Mon Feb 12 17:47:19 2024: GUIDANCE_SMGR: creating guidance session with uuid: 'b82b0225-0361-4915-af00-d0ded2aee1af' and name 'v++_compile_Work'
Mon Feb 12 17:47:19 2024: SYSTEM_DIAGRAM: creating session with uuid: 'b82b0225-0361-4915-af00-d0ded2aee1af' and name 'v++_compile_Work'
Mon Feb 12 17:47:28 2024: Dispatch Server: Accepted socket connection from client
Mon Feb 12 17:47:28 2024: Starting Socket connection
Mon Feb 12 17:47:28 2024: SESSION_MGR: creating session with session uuid: 'ff14a550-6163-4dea-a1b5-dfc3391714f2' and name 'AIE Compilation'
Mon Feb 12 17:47:28 2024: KERNEL_SVC: creating session with uuid: 'ff14a550-6163-4dea-a1b5-dfc3391714f2' and name 'AIE Compilation'
Mon Feb 12 17:47:28 2024: GUIDANCE_SMGR: creating guidance session with uuid: 'ff14a550-6163-4dea-a1b5-dfc3391714f2' and name 'AIE Compilation'
Mon Feb 12 17:47:28 2024: SYSTEM_DIAGRAM: creating session with uuid: 'ff14a550-6163-4dea-a1b5-dfc3391714f2' and name 'AIE Compilation'
Mon Feb 12 17:47:30 2024: Dispatch Server: Accepted socket connection from client
Mon Feb 12 17:47:30 2024: Starting Socket connection
Mon Feb 12 17:47:38 2024: SESSION_MGR: closing session for UUID 'ff14a550-6163-4dea-a1b5-dfc3391714f2' with name ''
Mon Feb 12 17:47:38 2024: KERNEL_SVC: closing session for UUID 'ff14a550-6163-4dea-a1b5-dfc3391714f2' with name ''
Mon Feb 12 17:47:38 2024: GUIDANCE_SMGR: closing session for UUID 'ff14a550-6163-4dea-a1b5-dfc3391714f2' with name ''
Mon Feb 12 17:47:38 2024: SYSTEM_DIAGRAM: closing session for UUID 'ff14a550-6163-4dea-a1b5-dfc3391714f2' with name ''
Mon Feb 12 17:47:38 2024: SESSION_MGR: closing session for UUID 'b82b0225-0361-4915-af00-d0ded2aee1af' with name 'v++_compile_Work'
Mon Feb 12 17:47:38 2024: KERNEL_SVC: closing session for UUID 'b82b0225-0361-4915-af00-d0ded2aee1af' with name 'v++_compile_Work'
Mon Feb 12 17:47:38 2024: GUIDANCE_SMGR: closing session for UUID 'b82b0225-0361-4915-af00-d0ded2aee1af' with name 'v++_compile_Work'
Mon Feb 12 17:47:38 2024: SYSTEM_DIAGRAM: closing session for UUID 'b82b0225-0361-4915-af00-d0ded2aee1af' with name 'v++_compile_Work'
Mon Feb 12 17:47:38 2024: STOP_SERVER received, server token: 681cd205-efdb-4352-b124-ad9f74bc3d2e, passed token: 681cd205-efdb-4352-b124-ad9f74bc3d2e
Mon Feb 12 17:47:38 2024: Socket received request to stop server.
Mon Feb 12 17:47:38 2024: Dispatch Server: do_await_stop
Mon Feb 12 17:47:38 2024: Dispatch Server: stopping mainFifo_
Mon Feb 12 17:47:38 2024: XCD main fifo: Stopping
Mon Feb 12 17:47:38 2024: XCD main fifo: do_read error code: Operation canceled
Mon Feb 12 17:47:38 2024: XCD main fifo: bytes_transferred: 0
Mon Feb 12 17:47:38 2024: SERVER: destructor for server bound to port 44997
Mon Feb 12 17:47:38 2024: XCD main fifo: Good unlink of /tmp/xcdmain681cd205-efdb-4352-b124-ad9f74bc3d2e
Mon Feb 12 17:47:38 2024: Server exiting with status 0.
Mon Feb 12 17:47:38 2024: Closing log file.
