Running AIE Simulator in Online mode...
AIEsim feature license is found.
Removed previously generated memcfg file
INFO: Executing config: ./Work/config/scsim_config.json
[INFO]: If you are running trace or profile, Xilinx recommends to use --xlopt=0. This will give a greater visibility into the design. One can verify --xlopt level in the aiecompiler command line.
profile data for cores: All
set use_simple_noc to: 1
Loading device config from: /tools/Xilinx/Vitis/2023.2/aietools/data/devices/VC1902.json
Removed previously generated option file
[INFO] : Reading options file at /home/yzwu/Desktop/soc_test/aie_component/build/hw/aiesimTraceOptions.txt
Initializing AIE driver...
Initializing ADF API...
ConfigManager::initialize: columns: 50, AIE rows: 8, mem rows: 0, GMIOConfigSize 3, PLIOConfigSize 0
XAIEFAL: INFO: Resource group Avail is created.
XAIEFAL: INFO: Resource group Static is created.
XAIEFAL: INFO: Resource group Generic is created.
IP-INFO: [ps_i4_ps_main] IP loaded.

Info: DEVICE FILE: /tools/Xilinx/Vitis/2023.2/aietools/data/devices/VC1902.json

Info: AIE SOLUTION FILE: ./Work/arch/aieshim_solution.aiesol
[AIESIM_OPTIONS]: aiesim_options file path aiesimulator_output/aiesim_options.txt
[INFO]: Disable Unused Tiles
[INFO]: Xpe File: /home/yzwu/Desktop/soc_test/aie_component/build/hw/./Work/reports/project.xpe
INFO  : INFO: Running AIE MTMODEL Simulation with 1 threads
ISS disables unused tiles
Optimized ISS Wrapper (R+W), r2p24
RPC SERVER MESSAGE
RPC SERVER MESSAGE iss rpc_server available on port 45373
RPC SERVER MESSAGE
INFO  : ROWS: 8 COLS: 50
Running Dispatch Server on port: 38399
Current Directory=/home/yzwu/Desktop/soc_test/aie_component/build/hw
Enabled fast PM writes.
Enabled fast DM writes.
Open VCD pipe: /tmp/vcd_fifo_6526e1a0-8dc5-4152-adf0-0cf5f8b079c6
Info: (I702) default timescale unit used for tracing: 1 ps (/tmp/vcd_fifo_6526e1a0-8dc5-4152-adf0-0cf5f8b079c6.vcd)
[INFO]: Enabled Stream Switch Port Latency 
IP-INFO: [ps_i4_ps_main] IP started.
MemoryManager::malloc: allocate virtual address for AIESIM 0xca608fd0 with size 2048
MemoryManager::malloc: assign DDR address 0 to PS address 0xca608fd0 with size 2048
MemoryManager::malloc: next 128bit aligned address is 800
GMIO::malloc: virtual address 0xca608fd0, physical address 0, size 2048
MemoryManager::malloc: allocate virtual address for AIESIM 0xca8712c0 with size 2048
MemoryManager::malloc: assign DDR address 800 to PS address 0xca8712c0 with size 2048
MemoryManager::malloc: next 128bit aligned address is 1000
GMIO::malloc: virtual address 0xca8712c0, physical address 800, size 2048
MemoryManager::malloc: allocate virtual address for AIESIM 0xcaada210 with size 2048
MemoryManager::malloc: assign DDR address 1000 to PS address 0xcaada210 with size 2048
MemoryManager::malloc: next 128bit aligned address is 1800
GMIO::malloc: virtual address 0xcaada210, physical address 1000, size 2048
GraphPSImpl::configureIfNotYet: graph id: 0, graph name: mygraph, (column, row, iteration_mem_column, iteration_mem_row, iteration_mem_addr):
(26, 0, 25, 0, 4)
pl kernel instance names: ()
pl axi lite mode: ()
plDriverStartIP function pointers: ()
plDriverCheckIPDone function pointers: ()
me[::tl.aie_logical.aie_xtlm.math_engine.array.tile_26_1.cm.proc.iss] : Stack range [163872..164895] has been loaded from elf executable for stack memory DM_stack and stack pointer SP
me[::tl.aie_logical.aie_xtlm.math_engine.array.tile_26_1.cm.proc.iss] : Stack pointer SP for memory DM_stack has been initialised from elf executable to 163872
Loading elfs of graph mygraph...
Initializing graph mygraph...
MSG :   -1 : me[::tl.aie_logical.aie_xtlm.math_engine.array.tile_26_1.cm.proc.iss] : Stack range [163872..164895] has been loaded from elf executable for stack memory DM_stack and stack pointer SP : loadprogram (elf)
MSG :   -1 : me[::tl.aie_logical.aie_xtlm.math_engine.array.tile_26_1.cm.proc.iss] : Stack pointer SP for memory DM_stack has been initialised from elf executable to 163872 : loadprogram (elf)
Resetting cores of graph mygraph...
Configuring DMAs of graph mygraph...
Configuring PL-Interface for graph mygraph...
GMIOPSImpl::configureIfNotYet: configure GMIO id0
GMIO (id 0) type 0, shimColumn 26, channelNum 2, streamId 3, plId -1, burstLength 16, PL kernel instance name , PL parameter index -1
GMIO id 0 assigned BD num 8
GMIO id 0 assigned BD num 9
GMIO id 0 assigned BD num 10
GMIO id 0 assigned BD num 11
MemoryManager::getPhysicalAddr: transaction.virtualAddr 0xca608fd0, memInfo.virtualAddr 0xca608fd0, transaction.size 1024, memInfo.size 2048
MemoryManager::syncToGM: copy to DDR physical address 0 from PS address 0xca608fd0 with transaction size 1024
gmio_api::enqueueBD: (id 0) enqueue BD num 8 to shim DMA channel 2, DDR address 0, transaction size 1024
GMIOPSImpl::configureIfNotYet: configure GMIO id1
GMIO (id 1) type 0, shimColumn 26, channelNum 3, streamId 7, plId -1, burstLength 16, PL kernel instance name , PL parameter index -1
GMIO id 1 assigned BD num 12
GMIO id 1 assigned BD num 13
GMIO id 1 assigned BD num 14
GMIO id 1 assigned BD num 15
MemoryManager::getPhysicalAddr: transaction.virtualAddr 0xca8712c0, memInfo.virtualAddr 0xca8712c0, transaction.size 1024, memInfo.size 2048
MemoryManager::syncToGM: copy to DDR physical address 800 from PS address 0xca8712c0 with transaction size 1024
gmio_api::enqueueBD: (id 1) enqueue BD num 12 to shim DMA channel 3, DDR address 800, transaction size 1024
GMIOPSImpl::configureIfNotYet: configure GMIO id2
GMIO (id 2) type 1, shimColumn 26, channelNum 0, streamId 2, plId -1, burstLength 16, PL kernel instance name , PL parameter index -1
GMIO id 2 assigned BD num 0
GMIO id 2 assigned BD num 1
GMIO id 2 assigned BD num 2
GMIO id 2 assigned BD num 3
MemoryManager::getPhysicalAddr: transaction.virtualAddr 0xcaada210, memInfo.virtualAddr 0xcaada210, transaction.size 4, memInfo.size 2048
gmio_api::enqueueBD: (id 2) enqueue BD num 0 to shim DMA channel 0, DDR address 1000, transaction size 4
Set iterations for the core(s) of graph mygraph
Enabling core(s) of graph mygraph
gmio_api::wait::XAie_DmaWaitForDone ...
MemoryManager::syncFromGM: copy from DDR physical address 1000 to PS address 0xcaada210 with transaction size 4
0	time = 1121543 us

cycles of matrix : 3574558815

Waiting for core(s) of graph mygraph to finish execution ...
core(s) are done executing
Exiting!
Cores are done executing but the simulation will run for some more cycles to allow PLIO to be flushed
generate profile data for all cores
WARNING : WRN (-2) : me[::tl.aie_logical.aie_xtlm.math_engine.array.tile_26_1.cm.proc.iss] : Execution tracing should be enabled when requesting function details : in function chkapi_function_profiling
WARNING : WRN (-2) : me[::tl.aie_logical.aie_xtlm.math_engine.array.tile_26_1.cm.proc.iss] : Execution tracing should be enabled when requesting function details : in function chkapi_function_profiling
WRN :   -2 : me[::tl.aie_logical.aie_xtlm.math_engine.array.tile_26_1.cm.proc.iss] : Execution tracing should be enabled when requesting function details : chkapi_function_profiling
generate profile data for all cores
Stopping Simulator.

Info: /OSCI/SystemC: Simulation stopped by user.
IP-INFO: deleting ip PSIP_ps_i4 
[INFO] : Simulation Finished, Sim result: 0 Total Simulation time 21558400 ps
AIEsim feature license is released.
