INFO: [aiecompiler 77-3355] ###[Start]: Reading in platform specification from /tools/Xilinx/Vitis/2023.2/base_platforms/xilinx_vck190_base_202320_1/xilinx_vck190_base_202320_1.xpfm
INFO: [aiecompiler 55-2099] Unable to extract 'pdi_files' from /tools/Xilinx/Vitis/2023.2/base_platforms/xilinx_vck190_base_202320_1/hw/hw.xsa to /tools/Xilinx/Vitis/2023.2/base_platforms/xilinx_vck190_base_202320_1/hw/extracted/vitis_design_wrapper_0. XSA may not contain 'pdi_files' or the destination directory is read-only
INFO: [aiecompiler 55-2053] elapsed time for repository (/tools/Xilinx/Vivado/2023.2/data/embeddedsw) loading 0 seconds
INFO: [aiecompiler 77-3354] ###[Finish]:  Reading in platform specification from /tools/Xilinx/Vitis/2023.2/base_platforms/xilinx_vck190_base_202320_1/xilinx_vck190_base_202320_1.xpfm
INFO: [aiecompiler 21-403] Loading part xcvc1902-vsva2197-2MP-e-S
INFO: [aiecompiler 77-3379] Extracted physical device part from platform is : xcvc1902-vsva2197-2MP-e-S 
INFO: [aiecompiler 77-297] Cmd Line : /tools/Xilinx/Vitis/2023.2/aietools/bin/unwrapped/lnx64.o/aiecompiler --config /home/yzwu/Desktop/matrix_vec/matrix_vec/build/hw/Work/aie_hw.cfg 
INFO: [aiecompiler 77-404] Executing Cmd: ${XILINX_VITIS_AIETOOLS}/tps/lnx64/gcc/bin/g++ -E -std=c++17 -D__ADF_FRONTEND__ -D__AIE_ARCH__=10 -I/tools/Xilinx/Vitis/2023.2/aietools/include  -I .  -I /home/yzwu/Desktop/matrix_vec/matrix_vec -I /home/yzwu/Desktop/matrix_vec/matrix_vec/src /home/yzwu/Desktop/matrix_vec/matrix_vec/src/project.cpp > /home/yzwu/Desktop/matrix_vec/matrix_vec/build/hw/./Work/temp/project.ii
INFO: [aiecompiler 77-404] Executing Cmd: graph_preprocessor /home/yzwu/Desktop/matrix_vec/matrix_vec/build/hw/./Work/temp/project.ii -o /home/yzwu/Desktop/matrix_vec/matrix_vec/build/hw/./Work/temp/project.processed.ii -report-core-dump  -- -std=c++17  -ftemplate-depth=2048  -Wno-return-stack-address  -Wno-missing-declarations  -Wno-parentheses-equality  -Wno-shift-negative-value  
INFO: [aiecompiler 77-404] Executing Cmd: ${XILINX_VITIS_AIETOOLS}/tps/lnx64/gcc/bin/g++  -std=c++17  -I .  /home/yzwu/Desktop/matrix_vec/matrix_vec/build/hw/./Work/temp/project.processed.ii -o /home/yzwu/Desktop/matrix_vec/matrix_vec/build/hw/./Work/temp/project.out -L /tools/Xilinx/Vitis/2023.2/aietools/lib/lnx64.o -g -O0 -Wl,--unresolved-symbols=ignore-all  -Wno-return-stack-address  -Wno-missing-declarations  -lfxml_meir_frontend  -lfxml_adf_api_frontend 
INFO: [aiecompiler 77-404] Executing Cmd: /home/yzwu/Desktop/matrix_vec/matrix_vec/build/hw/./Work/temp/project.out -I /home/yzwu/Desktop/matrix_vec/matrix_vec -I /home/yzwu/Desktop/matrix_vec/matrix_vec/src -workdir=/home/yzwu/Desktop/matrix_vec/matrix_vec/build/hw/./Work -aiearch=aie -log-level=1 --pl-axi-lite=0 --enable-multi-layer=0 --disable-dma-autostart=0 --enable-light-cdo=0 --large-program-memory=0
INFO: [aiecompiler 77-749] Reading logical device VC1902.json
INFO: [aiecompiler 77-44894] Executing Cmd: aieir_be --time-passes=0  --disable-om-fifo-insertion=false  --logcfg-file=  --trace-plio-width=64  --pl-freq=312.5  --show-loggers=false  --fast-nonlinearfloats=false  --broadcast-enable-core=true  --high-performance=false  --kernel-address-location=false  --target=hw --swfifo-threshold=40  --single-mm2s-channel=false  --workdir=/home/yzwu/Desktop/matrix_vec/matrix_vec/build/hw/./Work  --exit-after=complete  --event-trace-config=  --test-iterations=-1  --stacksize=1024  --known-tripcount=false  --platform=/tools/Xilinx/Vitis/2023.2/base_platforms/xilinx_vck190_base_202320_1/xilinx_vck190_base_202320_1.xpfm  --event-trace-custom-config=  --output-archive=libadf.a  --write-partitioned-file=true  --schemafile=AIEGraphSchema.json  --disable-multirate=false  --include="/home/yzwu/Desktop/matrix_vec/matrix_vec" --include="/home/yzwu/Desktop/matrix_vec/matrix_vec/src" --fastmath=false  --event-trace-advanced-mapping=0  --lock-fence-mode=1  --enable-reconfig=false  --evaluate-fifo-depth=false  --gen-graph-cleanup=false  --use-canonical-net-names=false  --event-trace-port=gmio --use-phy-shim=true  --xlopt=1  --graph-iterator-event=false  --trace-aiesim-option=0  --mapped-soln-udm=  --optimize-pktids=false  --no-init=false  --adf-api-log-level=2  --num-trace-streams=16  --fast-floats=true  --quiet=false  --exec-timed=0  --Xchess="main:darts.xargs=-nb" --routed-soln-udm=  --large-kernel-program=false  --enable-profiling=false  --runtime-opt=false  --part=  --disable-transform-merge-broadcast=false  --verbose=false  --kernel-compile-replacement=  --event-trace-bounding-box=  --heapsize=1024  --logical-arch=  --enable-reconfig-dma-autostart=false  --nodot-graph=false  --disable-dma-autostart=false  --include-mem-tile=  --disable-transform-broadcast-split=true  --json=/home/yzwu/Desktop/matrix_vec/matrix_vec/build/hw/./Work/temp/project.json
INFO: [aiecompiler 77-3355] ###[Start]: Reading in platform specification from /tools/Xilinx/Vitis/2023.2/base_platforms/xilinx_vck190_base_202320_1/xilinx_vck190_base_202320_1.xpfm
INFO: [aiecompiler 55-2099] Unable to extract 'pdi_files' from /tools/Xilinx/Vitis/2023.2/base_platforms/xilinx_vck190_base_202320_1/hw/hw.xsa to /tools/Xilinx/Vitis/2023.2/base_platforms/xilinx_vck190_base_202320_1/hw/extracted/vitis_design_wrapper_0. XSA may not contain 'pdi_files' or the destination directory is read-only
INFO: [aiecompiler 55-2053] elapsed time for repository (/tools/Xilinx/Vivado/2023.2/data/embeddedsw) loading 0 seconds
INFO: [aiecompiler 77-3354] ###[Finish]:  Reading in platform specification from /tools/Xilinx/Vitis/2023.2/base_platforms/xilinx_vck190_base_202320_1/xilinx_vck190_base_202320_1.xpfm
INFO: [aiecompiler 21-403] Loading part xcvc1902-vsva2197-2MP-e-S
INFO: [aiecompiler 77-3379] Extracted physical device part from platform is : xcvc1902-vsva2197-2MP-e-S 
INFO: [aiecompiler 77-749] Reading logical device VC1902.json
INFO: [aiecompiler 77-750] Reading physical device xcvc1902-vsva2197-2MP-e-S
INFO: [aiecompiler 77-951] ###Start:Loading Device Part xcvc1902-vsva2197-2MP-e-S
INFO: [aiecompiler 77-950] ###Finish(0u 0s 0w):Loading Device Part xcvc1902-vsva2197-2MP-e-S
INFO: [aiecompiler 77-4400] Finish reading physical device xcvc1902-vsva2197-2MP-e-S
INFO: [aiecompiler 77-951] ###Start:Loading Device Part xcvc1902-vsva2197-2MP-e-S
INFO: [aiecompiler 77-950] ###Finish(0u 0s 0w):Loading Device Part xcvc1902-vsva2197-2MP-e-S
INFO: [aiecompiler 77-757] Opening input file: /home/yzwu/Desktop/matrix_vec/matrix_vec/build/hw/./Work/temp/project.json
INFO: [aiecompiler 77-43940] Emitting AIEIr in file: /home/yzwu/Desktop/matrix_vec/matrix_vec/build/hw/./Work/temp/project_aieir_dump.txt
INFO: [aiecompiler 77-656] Processing Graph 'root'
INFO: [aiecompiler 77-404] Executing Cmd: mkdir -p /home/yzwu/Desktop/matrix_vec/matrix_vec/build/hw/./Work/aie/ir;
	cd /home/yzwu/Desktop/matrix_vec/matrix_vec/build/hw/./Work/aie/ir;
	touch empty.cc;
	${XILINX_VITIS_AIETOOLS}/tps/${RDI_PLATFORM}/target/bin/LNa64bin/chesscc +f +s -p me -P ${XILINX_VITIS_AIETOOLS}/data/versal_prod/lib +Wllvm,-O2,-fno-jump-tables,-femit-all-decls,-fno-discard-value-names,-mllvm,-chess-collapse-struct-types-during-linking=0,-Xclang,-chess-only-info-critical-passes,-g -D__AIENGINE__ -D__AIE_ARCH__=10 -I ${XILINX_VITIS_AIETOOLS}/data/versal_prod/lib -I ${XILINX_VITIS_AIETOOLS}/data/versal_prod/lib/runtime_cxx/libcxx-lite/include -I ${XILINX_VITIS_AIETOOLS}/data/versal_prod/lib/runtime_cxx/libs/libcxx-9.0.0/include-lite -I ${XILINX_VITIS_AIETOOLS}/data/versal_prod/lib/runtime/include empty.cc -o _header.ll;

INFO: [aiecompiler 77-404] Executing Cmd: make -C /home/yzwu/Desktop/matrix_vec/matrix_vec/build/hw/./Work/aie/ir -j 8 -f i3_vitis_single_node_templates.makefile all 2>&1;

INFO: [aiecompiler 77-404] Executing Cmd: rm -f /home/yzwu/Desktop/matrix_vec/matrix_vec/build/hw/./Work/aie/ir/i3_vitis_single_node_templates.makefile;

INFO: [aiecompiler 77-404] Executing Cmd: 	cd /home/yzwu/Desktop/matrix_vec/matrix_vec/build/hw/./Work/aie/ir;
	export XILINX_CARDANO_KERNEL_ANALYSIS_OPTIONS="-spec=i3_vitis_single_node_templates_spec.json" ;
	${XILINX_VITIS_AIETOOLS}/lnx64.o/tools/clang/15.0.7/bin/opt -opaque-pointers=0 -S -load-pass-plugin ${XILINX_VITIS_AIETOOLS}/lib/lnx64.o/libLLVMKernelAnalysis-15.0.7.so -spec=i3_vitis_single_node_templates_spec.json  -passes=kernel_analysis i3_vitis_single_node_templates.ll > /dev/null;

INFO: [aiecompiler 77-404] Executing Cmd: 	cd /home/yzwu/Desktop/matrix_vec/matrix_vec/build/hw/./Work/aie/ir;
	${XILINX_VITIS_AIETOOLS}/lnx64.o/tools/clang/15.0.7/bin/opt -opaque-pointers=0 -S -load-pass-plugin=${XILINX_VITIS_AIETOOLS}/lib/lnx64.o/libLLVMXLOptPreProc-15.0.7.so -passes=XLOptPreProc -spec=i3_vitis_single_node_templates_spec.json i3_vitis_single_node_templates.ll -o i3_vitis_single_node_templates.ll 2>/dev/null;

INFO: [aiecompiler 77-5917] Repetition count for mygraph.first is 1.
WARNING: [aiecompiler 77-4249] Specified frequency for PLIO datain1 is greater than maximum allowed value 625.000000
WARNING: [aiecompiler 77-4249] Specified frequency for PLIO datain2 is greater than maximum allowed value 625.000000
WARNING: [aiecompiler 77-4249] Specified frequency for PLIO dataout is greater than maximum allowed value 625.000000
INFO: [aiecompiler 77-43929] DRC Results: 0 Errors
INFO: [aiecompiler 77-281] ###Writing Partition Data To JSON File /home/yzwu/Desktop/matrix_vec/matrix_vec/build/hw/./Work/temp/project_partition.json
INFO: [aiecompiler 18-6359] No Clock Expansion Window constraints config file entry for device xcvc1902.  GCLK Deskew mode will be Off and cannot be enabled via GCLK_DESKEW override.
INFO: [aiecompiler 18-5720] The default GCLK Deskew mode is Off.
INFO: [aiecompiler 77-43966] Post Partition DRC Results: 0 Errors
Writing AI Engine constraints file '/home/yzwu/Desktop/matrix_vec/matrix_vec/build/hw/./Work/temp/project_aie_constraints_for_placer.aiecst'
Reading constraints schema from /tools/Xilinx/Vitis/2023.2/aietools/data/aietools_constr_schema.json
Check AIE-PRE-MAPPER has run: 0 errors
AIE Mapper Partitioner succeeded.
INFO: [aiecompiler 47-778] Running Pass 0 of AIE Mapper.
INFO: [aiecompiler 47-777] Running Global placer
INFO: [aiecompiler 47-776] Running Detail placer
INFO: [aiecompiler 47-116] Mapper found an optimal solution for BufferOptLevel9.
Check AIE-MAPPER has run: 0 errors
AIE Mapper Solution Checker succeeded.
INFO: [aiecompiler 77-280] ###Writing Mapped Data To JSON File /home/yzwu/Desktop/matrix_vec/matrix_vec/build/hw/./Work/temp/project_mapped.json
INFO: [aiecompiler 77-1012] Writing Mapping Information To Constraints File /home/yzwu/Desktop/matrix_vec/matrix_vec/build/hw/./Work/temp/project_aie_mapped.aiecst
Writing AI Engine constraints file '/home/yzwu/Desktop/matrix_vec/matrix_vec/build/hw/./Work/temp/project_aie_mapped.aiecst'
Reading constraints schema from /tools/Xilinx/Vitis/2023.2/aietools/data/aietools_constr_schema.json
INFO: [aiecompiler 77-43944] Entering MAPPING ANALYSIS pass 
INFO: [aiecompiler 77-43959] Mapped filename /home/yzwu/Desktop/matrix_vec/matrix_vec/build/hw/./Work/temp/project_mapped.json
INFO: [aiecompiler 77-4161] Generating AIE shim-constraint file at: /home/yzwu/Desktop/matrix_vec/matrix_vec/build/hw/./Work/arch/aie_interface.aieintfcst
INFO: [aiecompiler 77-4165] Opening AIE shim-constraints schema JSON file: /tools/Xilinx/Vivado/2023.2/data/parts/xilinx/common/noc/schemas/constraints.json
INFO: [aiecompiler 77-43937] Done with MAPPING ANALYSIS pass 
INFO: [aiecompiler 77-310] Generating logical architecture in file /home/yzwu/Desktop/matrix_vec/matrix_vec/build/hw/./Work/arch/logical_arch_aie.larch
INFO: [aiecompiler 77-313] Initializing logical architecture from file /home/yzwu/Desktop/matrix_vec/matrix_vec/build/hw/./Work/arch/logical_arch_aie.larch
INFO: [aiecompiler 77-43943] Entering INTERPOSER ANALYSIS pass
INFO: [aiecompiler 77-43934] Done with  INTERPOSER ANALYSIS pass
Target Part xcvc1902-vsva2197-2MP-e-S 0xadc3f80
Create HARTArchHelperV8
Create HARTArchHelperV8
Create HARTArchHelperV10
HARTArchConstsV10::initialize
BOUNCE_MIN_DIST 1, 1
HARTArchConstsV10::initialize - done
New Arch Helper: 0x4812d550 for device: 0xadc3f80
INFO: [aiecompiler 35-3142] AIE Router building the Nodegraph
FirstActiveCoreTileCol 0 FirstArctiveCoreTileRow 0
FirstActiveCoreTileCol 0 FirstArctiveCoreTileRow 1
INFO: [aiecompiler 35-3197] AIE Router finished building the Nodegraph.
INFO: [aiecompiler 35-3196] AIE Router Nodegraph build cpu time 4.130000 wall time 4.130000
INFO: [aiecompiler 35-3225] AIE Router starting Netlist building.
INFO: [aiecompiler 35-3162] AIE Router creating Pin Mapper
Running AIE Post-Map Finalizer.
Post-Map Finalizer succeeded.
INFO: [aiecompiler 35-3211] AIE Router finished creating Pin Mapper.
INFO: [aiecompiler 35-3212] AIE Router Pin Mapper creation cpu time 0.020000 wall time 0.020000
Number of Horizontal Crossings across a cut: 36
Post Netlist Builder Checksum | NetGraph: d8feacfb | NumContArr: a3d62e00
INFO: [aiecompiler 35-3182] AIE Router finished building the Netlist.
INFO: [aiecompiler 35-3183] AIE Router Netlist building cpu time 0.030000 wall time 0.020000
INFO: [aiecompiler 35-3223] AIE Router starting Constraint Manager.
Area group: Exclude(Exclusive)  Contain Routing Rects : {{(0, 1)(49, 8)} {(0, 0)(49, 0)}  excluding portions of netIds from this group: { } containing portions of netIds in this group: { 0 1 2 }
INFO: [aiecompiler 35-3148] AIE Router finished reading area constraints.
INFO: [aiecompiler 35-3147] AIE Router Constraint Manager cpu time 0.000000 wall time -0.000000
INFO: [aiecompiler 35-3326] AIE Router starting projection of pins
Running AIE Post-Map Finalizer.
Post-Map Finalizer succeeded.
INFO: [aiecompiler 35-3325] AIE Router finished projection of pins
INFO: [aiecompiler 35-3324] AIE Router Projection cpu time 0.000000 wall time 0.000000
INFO: [aiecompiler 35-3224] AIE Router starting Cost Builder.
INFO: [aiecompiler 35-3152] AIE Router finished Cost Builder.
INFO: [aiecompiler 35-3151] AIE Router Cost Builder cpu time 0.000000 wall time 0.000000
INFO: [aiecompiler 35-3226] AIE Router starting to route nets.
Cost Coeffs: m_costCoef 1, m_congCostCoef 0.3, m_iterCostCoef 0.4, m_histCostCoef 3
CostMgr nodeGraph::getClkRgnInfo status: 0
Creating HDRTPinDelayHelperV10 for floorplan 0x44645f60
HDRTPinDelayHelperV10:: Creating pin delay helper
popping debug nodes from file  set using param route.printExpandDebugNodes
Min Local Branch Penalty = 10
Min Type Branch Penalty = 10
Outbound Branch Penalty = 20
BufferFromBel: sysmem0 on (24,0,0) has: <0,1210>
BufferFromBel: sysmem0 on (24,0,0) has: <globalOffset, fullSize> <0,1216>
Total number of components: 1
No FIFO terms found to need Global ILP, skipping

--GLOBAL Congestion:
Utilization threshold used for congestion level computation: 1
Congestion Report
North Dir Cong Level = 0 Max Cong = 0.333333 No Congested Regions.
South Dir Cong Level = 0 Max Cong = 0.25 No Congested Regions.
East Dir Cong Level = 0 Max Cong = 0 No Congested Regions.
West Dir Cong Level = 0 Max Cong = 0 No Congested Regions.

------------------------------
Reporting congestion hotspots
------------------------------
Direction: North
----------------
Congested clusters found at Level 0
Effective congestion level: 0 Aspect Ratio: 1 Sparse Ratio: 0
Direction: South
----------------
Congested clusters found at Level 0
Effective congestion level: 0 Aspect Ratio: 1 Sparse Ratio: 0
Direction: East
----------------
Congested clusters found at Level 0
Effective congestion level: 0 Aspect Ratio: 1 Sparse Ratio: 0
Direction: West
----------------
Congested clusters found at Level 0
Effective congestion level: 0 Aspect Ratio: 1 Sparse Ratio: 0


INFO: [aiecompiler 35-21] Average Estimated Local Routing Congestion:
 +-----------+-------------+-------------+
 | Direction | Region Size | Utilization |
 +-----------+-------------+-------------+
 | North     | 1 x 1       |      33.33% |
 | South     | 1 x 1       |      25.00% |
 | East      | 1 x 1       |       0.00% |
 | West      | 1 x 1       |       0.00% |
 +-----------+-------------+-------------+

NORTH:
*********************************************************************************************************************************
* 1             * 2             * 3             * 4             * 5             * 6             * 7             * 8             *
*********************************************************************************************************************************
| 30000 (0.67%) | 30000 (0.00%) | 30000 (0.00%) | 30000 (0.00%) | 30000 (0.00%) | 30000 (0.00%) | 30000 (0.00%) | 30000 (0.00%) |
~~~~~~~~~~~~~~~~~~~~~~~~~~~~~~~~~~~~~~~~~~~~~~~~~~~~~~~~~~~~~~~~~~~~~~~~~~~~~~~~~~~~~~~~~~~~~~~~~~~~~~~~~~~~~~~~~~~~~~~~~~~~~~~~~
SOUTH:
*********************************************************************************************************************************
* 1             * 2             * 3             * 4             * 5             * 6             * 7             * 8             *
*********************************************************************************************************************************
| 20000 (0.50%) | 20000 (0.00%) | 20000 (0.00%) | 20000 (0.00%) | 20000 (0.00%) | 20000 (0.00%) | 20000 (0.00%) | 20000 (0.00%) |
~~~~~~~~~~~~~~~~~~~~~~~~~~~~~~~~~~~~~~~~~~~~~~~~~~~~~~~~~~~~~~~~~~~~~~~~~~~~~~~~~~~~~~~~~~~~~~~~~~~~~~~~~~~~~~~~~~~~~~~~~~~~~~~~~
EAST:
****************************************************************************************************************************************************************************************************************************************************************************************************************************************************************************************************************************************************************************************************************************************************************************************************************************************************************************************************************************************************************
* 1            * 2            * 3            * 4            * 5            * 6            * 7            * 8            * 9            * 10           * 11           * 12           * 13           * 14           * 15           * 16           * 17           * 18           * 19           * 20           * 21           * 22           * 23           * 24           * 25           * 26           * 27           * 28           * 29           * 30           * 31           * 32           * 33           * 34           * 35           * 36           * 37           * 38           * 39           * 40           * 41           * 42           * 43           * 44           * 45           * 46           * 47           * 48           * 49           *
****************************************************************************************************************************************************************************************************************************************************************************************************************************************************************************************************************************************************************************************************************************************************************************************************************************************************************************************************************************************************************
| 3600 (0.00%) | 3600 (0.00%) | 3600 (0.00%) | 3600 (0.00%) | 3600 (0.00%) | 3600 (0.00%) | 3600 (0.00%) | 3600 (0.00%) | 3600 (0.00%) | 3600 (0.00%) | 3600 (0.00%) | 3600 (0.00%) | 3600 (0.00%) | 3600 (0.00%) | 3600 (0.00%) | 3600 (0.00%) | 3600 (0.00%) | 3600 (0.00%) | 3600 (0.00%) | 3600 (0.00%) | 3600 (0.00%) | 3600 (0.00%) | 3600 (0.00%) | 3600 (0.00%) | 3600 (0.00%) | 3600 (0.00%) | 3600 (0.00%) | 3600 (0.00%) | 3600 (0.00%) | 3600 (0.00%) | 3600 (0.00%) | 3600 (0.00%) | 3600 (0.00%) | 3600 (0.00%) | 3600 (0.00%) | 3600 (0.00%) | 3600 (0.00%) | 3600 (0.00%) | 3600 (0.00%) | 3600 (0.00%) | 3600 (0.00%) | 3600 (0.00%) | 3600 (0.00%) | 3600 (0.00%) | 3600 (0.00%) | 3600 (0.00%) | 3600 (0.00%) | 3600 (0.00%) | 3600 (0.00%) |
~~~~~~~~~~~~~~~~~~~~~~~~~~~~~~~~~~~~~~~~~~~~~~~~~~~~~~~~~~~~~~~~~~~~~~~~~~~~~~~~~~~~~~~~~~~~~~~~~~~~~~~~~~~~~~~~~~~~~~~~~~~~~~~~~~~~~~~~~~~~~~~~~~~~~~~~~~~~~~~~~~~~~~~~~~~~~~~~~~~~~~~~~~~~~~~~~~~~~~~~~~~~~~~~~~~~~~~~~~~~~~~~~~~~~~~~~~~~~~~~~~~~~~~~~~~~~~~~~~~~~~~~~~~~~~~~~~~~~~~~~~~~~~~~~~~~~~~~~~~~~~~~~~~~~~~~~~~~~~~~~~~~~~~~~~~~~~~~~~~~~~~~~~~~~~~~~~~~~~~~~~~~~~~~~~~~~~~~~~~~~~~~~~~~~~~~~~~~~~~~~~~~~~~~~~~~~~~~~~~~~~~~~~~~~~~~~~~~~~~~~~~~~~~~~~~~~~~~~~~~~~~~~~~~~~~~~~~~~~~~~~~~~~~~~~~~~~~~~~~~~~~~~~~~~~~~~~~~~~~~~~~~~~~~~~~~~~~~~~~~~~~~~~~~~~~~~~~~~~~~~~~~~~~~~~~~~~~~~~~~~~~~~~~~~~~~~~~~~~~~~~~~~~~~~~~~~~~~~~~~~~~~~~~~~~~~~~~~~~~~~~~~~~~~~~~~~~~~~~~~~~~~~~~~~~~~~~~~~~~~~~~~~~~~~~~~~~~~~~~~~~~~~~~~~~~~~~~~~~~~~~~~~~~~~~~~~~~~
WEST:
****************************************************************************************************************************************************************************************************************************************************************************************************************************************************************************************************************************************************************************************************************************************************************************************************************************************************************************************************************************************************************
* 1            * 2            * 3            * 4            * 5            * 6            * 7            * 8            * 9            * 10           * 11           * 12           * 13           * 14           * 15           * 16           * 17           * 18           * 19           * 20           * 21           * 22           * 23           * 24           * 25           * 26           * 27           * 28           * 29           * 30           * 31           * 32           * 33           * 34           * 35           * 36           * 37           * 38           * 39           * 40           * 41           * 42           * 43           * 44           * 45           * 46           * 47           * 48           * 49           *
****************************************************************************************************************************************************************************************************************************************************************************************************************************************************************************************************************************************************************************************************************************************************************************************************************************************************************************************************************************************************************
| 3600 (0.00%) | 3600 (0.00%) | 3600 (0.00%) | 3600 (0.00%) | 3600 (0.00%) | 3600 (0.00%) | 3600 (0.00%) | 3600 (0.00%) | 3600 (0.00%) | 3600 (0.00%) | 3600 (0.00%) | 3600 (0.00%) | 3600 (0.00%) | 3600 (0.00%) | 3600 (0.00%) | 3600 (0.00%) | 3600 (0.00%) | 3600 (0.00%) | 3600 (0.00%) | 3600 (0.00%) | 3600 (0.00%) | 3600 (0.00%) | 3600 (0.00%) | 3600 (0.00%) | 3600 (0.00%) | 3600 (0.00%) | 3600 (0.00%) | 3600 (0.00%) | 3600 (0.00%) | 3600 (0.00%) | 3600 (0.00%) | 3600 (0.00%) | 3600 (0.00%) | 3600 (0.00%) | 3600 (0.00%) | 3600 (0.00%) | 3600 (0.00%) | 3600 (0.00%) | 3600 (0.00%) | 3600 (0.00%) | 3600 (0.00%) | 3600 (0.00%) | 3600 (0.00%) | 3600 (0.00%) | 3600 (0.00%) | 3600 (0.00%) | 3600 (0.00%) | 3600 (0.00%) | 3600 (0.00%) |
~~~~~~~~~~~~~~~~~~~~~~~~~~~~~~~~~~~~~~~~~~~~~~~~~~~~~~~~~~~~~~~~~~~~~~~~~~~~~~~~~~~~~~~~~~~~~~~~~~~~~~~~~~~~~~~~~~~~~~~~~~~~~~~~~~~~~~~~~~~~~~~~~~~~~~~~~~~~~~~~~~~~~~~~~~~~~~~~~~~~~~~~~~~~~~~~~~~~~~~~~~~~~~~~~~~~~~~~~~~~~~~~~~~~~~~~~~~~~~~~~~~~~~~~~~~~~~~~~~~~~~~~~~~~~~~~~~~~~~~~~~~~~~~~~~~~~~~~~~~~~~~~~~~~~~~~~~~~~~~~~~~~~~~~~~~~~~~~~~~~~~~~~~~~~~~~~~~~~~~~~~~~~~~~~~~~~~~~~~~~~~~~~~~~~~~~~~~~~~~~~~~~~~~~~~~~~~~~~~~~~~~~~~~~~~~~~~~~~~~~~~~~~~~~~~~~~~~~~~~~~~~~~~~~~~~~~~~~~~~~~~~~~~~~~~~~~~~~~~~~~~~~~~~~~~~~~~~~~~~~~~~~~~~~~~~~~~~~~~~~~~~~~~~~~~~~~~~~~~~~~~~~~~~~~~~~~~~~~~~~~~~~~~~~~~~~~~~~~~~~~~~~~~~~~~~~~~~~~~~~~~~~~~~~~~~~~~~~~~~~~~~~~~~~~~~~~~~~~~~~~~~~~~~~~~~~~~~~~~~~~~~~~~~~~~~~~~~~~~~~~~~~~~~~~~~~~~~~~~~~~~~~~~~~~~~~~~~~
INFO: [aiecompiler 35-3366] Initial Estimated Cut Congestion
NORTH: No Congestion
SOUTH: No Congestion
EAST: No Congestion
WEST: No Congestion


New CongCostCoef: 0.3
New IterCostCoef: 0.4
INFO: [aiecompiler 35-3172] AIE Router is on Global Iteration: 0
INFO: [aiecompiler 35-3130] AIE Router Local Iteration Report: 
    IterNum: 2
    Nets Routed: 0
    Total Expand: 0.000278M
    Total Pop: 0.000173M
    Total Eval: 0.000278M
    Total nodes with num nets overflow: 0
    Total node congestion because of nets: 0
    Total num of over utilized nodes : 0
    Total over utilization : 0

There are no negative slack systems in this design, skipping router balancing
Trace graph pruning is enabled
Found buffer at bel: AIE_MEMGRP_BANK0
INFO: [aiecompiler 35-3329] Trace Net Routing Global Iteration 0
New CongCostCoef: 0.3
New IterCostCoef: 0.4
INFO: [aiecompiler 35-3130] AIE Router Local Iteration Report: 
    IterNum: 2
    Nets Routed: 0
    Total Expand: 0.000278M
    Total Pop: 0.000173M
    Total Eval: 0.000278M
    Total nodes with num nets overflow: 0
    Total node congestion because of nets: 0
    Total num of over utilized nodes : 0
    Total over utilization : 0

Trace net routing converged, total trace nets routed in this phase: 0
INFO: [aiecompiler 35-3130] AIE Router Local Iteration Report: 
    IterNum: 3
    Nets Routed: 0
    Total Expand: 0.000278M
    Total Pop: 0.000173M
    Total Eval: 0.000278M
    Total nodes with num nets overflow: 0
    Total node congestion because of nets: 0
    Total num of over utilized nodes : 0
    Total over utilization : 0

Trace net routing converged, total trace nets routed in this phase: 0
Number of trace nets that were skipped routing: 0
INFO: [aiecompiler 35-3391] Estimated FIFO Congestion
*******************************************
* Type        * Region Size * Utilisation *
*******************************************
| Switch FIFO | 1x1         |  0.00%      |
| DMA FIFO    | 1x1         |  0.00%      |
~~~~~~~~~~~~~~~~~~~~~~~~~~~~~~~~~~~~~~~~~~~


Post Router Checksum | NetGraph: 92deda15 | NumContArr: 4fddcb5d
INFO: [aiecompiler 35-3220] AIE Router finished routing nets.
INFO: [aiecompiler 35-3219] AIE Router routing cpu time 0.070000 wall time 0.070000
Running AIE Post-Map Finalizer.
Post-Map Finalizer succeeded.
No shared packet switched routing resources used in this design
Total Data net Wirelength is : 3
Total Trace net Wirelength is : 0
INFO: [aiecompiler 35-3252] AIE Router successfully routed all nets.
Total Number of unique Switch FIFOs: 0
Running AIE Post-Map Finalizer.
Post-Map Finalizer succeeded.
Ordered merge post process: Adding BD config broadcast nets
Running AIE Post-Map Finalizer.
Post-Map Finalizer succeeded.
Check AIE-ROUTER has run: 0 errors
HDRTPinDelayHelperV10:: Clearing pin delay helper
Releasing pin delay helper for floorplan 0x44645f60
HDRTPinDelayHelperV10:: Releasing Pin Dly Helper
NodeGraph Released.
DeviceData Released.
Writing AI Engine constraints file '/home/yzwu/Desktop/matrix_vec/matrix_vec/build/hw/./Work/temp/project_aie_routed.aiecst'
Reading constraints schema from /tools/Xilinx/Vitis/2023.2/aietools/data/aietools_constr_schema.json
DEBUG:TileRouter:### Entering TILE ROUTER pass
INFO: [aiecompiler 77-336] Producing aieshim solution for router in /home/yzwu/Desktop/matrix_vec/matrix_vec/build/hw/./Work/arch/aieshim_solution.aiesol
WARNING: [aiecompiler 77-45003] Unable to read AIE/PL Interface ID from XSA
DEBUG:TileRouter:### Done with TILE ROUTER pass
INFO: [aiecompiler 77-43942] Entering Dump_Partition_Graph pass 
INFO: [aiecompiler 77-404] Executing Cmd: dot -Tpng /home/yzwu/Desktop/matrix_vec/matrix_vec/build/hw/./Work/temp/project_mapped_post.dot -o /home/yzwu/Desktop/matrix_vec/matrix_vec/build/hw/./Work/reports/project_mapped_post.png
INFO: [aiecompiler 77-43936] Done with Dump_Partition_Graph pass 
INFO: [aiecompiler 77-43909] Analyzing inter-kernel dependencies through control registers: begin
INFO: [aiecompiler 77-43910] Analyzing inter-kernel dependencies through control registers: end
INFO: [aiecompiler 77-43972] Writing proc file /home/yzwu/Desktop/matrix_vec/matrix_vec/build/hw/./Work/aie/24_0/src/24_0.cc
INFO: [aiecompiler 77-329] No Global Memory IO Nodes - nothing to do in this pass
INFO: [aiecompiler 77-43946] Entering XPE_Report_Generator pass 
INFO: [aiecompiler 77-43938] Done with XPE_Report_Generator pass 
INFO: [aiecompiler 77-43951] Generating CHESS Project File for processor at (24,0)
INFO: [aiecompiler 77-43952] Generating Linker script in /home/yzwu/Desktop/matrix_vec/matrix_vec/build/hw/./Work/aie/24_0/scripts/24_0.bcf
INFO: [aiecompiler 77-404] Executing Cmd: mkdir -p /home/yzwu/Desktop/matrix_vec/matrix_vec/build/hw/./Work/aie/24_0/timestamped_log;

INFO: [aiecompiler 77-404] Executing Cmd: make -C /home/yzwu/Desktop/matrix_vec/matrix_vec/build/hw/./Work/aie -O -j 8 -f 24_0.llgen.Makefile all 2>&1;

INFO: [aiecompiler 77-404] Executing Cmd: rm -f /home/yzwu/Desktop/matrix_vec/matrix_vec/build/hw/./Work/aie/24_0.llgen.Makefile;

INFO: [aiecompiler 77-404] Executing Cmd: make -C /home/yzwu/Desktop/matrix_vec/matrix_vec/build/hw/./Work/aie -O -j 8 -f 24_0.elfgen.Makefile all 2>&1;

INFO: [aiecompiler 77-404] Executing Cmd: rm -f /home/yzwu/Desktop/matrix_vec/matrix_vec/build/hw/./Work/aie/24_0.elfgen.Makefile;

INFO: [aiecompiler 77-5774] The AIE partition identified post placement and routing on basis of used columns is '24:1'
INFO: [aiecompiler 77-43879] ### Compiling PL Block ps_i4
INFO: [aiecompiler 77-43964] Opened file : /home/yzwu/Desktop/matrix_vec/matrix_vec/build/hw/./Work/ps/c_rts/systemC/generated-source/genwrapper_for_ps_i4.cpp
INFO: [aiecompiler 77-404] Executing Cmd: make -C /home/yzwu/Desktop/matrix_vec/matrix_vec/build/hw/./Work/ps/c_rts/systemC -f Makefile all
INFO: [aiecompiler 77-43964] Opened file : /home/yzwu/Desktop/matrix_vec/matrix_vec/build/hw/./Work/ps/cdo/generated-source/cdo_main.cpp
INFO: [aiecompiler 77-43964] Opened file : /home/yzwu/Desktop/matrix_vec/matrix_vec/build/hw/./Work/ps/cdo/generated-source/gen_cdo.cpp
INFO: [aiecompiler 77-43964] Opened file : /home/yzwu/Desktop/matrix_vec/matrix_vec/build/hw/./Work/ps/cdo/generated-source/gen_cdo.h
INFO: [aiecompiler 77-43964] Opened file : /home/yzwu/Desktop/matrix_vec/matrix_vec/build/hw/./Work/ps/cdo/generateAIEConfig
INFO: [aiecompiler 77-43964] Opened file : /home/yzwu/Desktop/matrix_vec/matrix_vec/build/hw/./Work/ps/cdo/Makefile
INFO: [aiecompiler 77-404] Executing Cmd: make -C /home/yzwu/Desktop/matrix_vec/matrix_vec/build/hw/./Work/ps/cdo -f Makefile all
DEBUG:BuildCFGraph:### Entering Build CFGraph pass
INFO: [aiecompiler 77-5857] Start building AIE IP
INFO: [aiecompiler 77-5855] Number of AIE IP ports are : 3
INFO: [aiecompiler 77-5848] Added port on AIE IP: S00_AXIS  -->  datain1
INFO: [aiecompiler 77-5848] Added port on AIE IP: S01_AXIS  -->  datain2
INFO: [aiecompiler 77-5848] Added port on AIE IP: M00_AXIS  -->  dataout
INFO: [aiecompiler 77-5850] Done building AIE IP
DEBUG:BuildCFGraph:### CF Graph is built
INFO: [aiecompiler 77-43941] Entering Compiler Report Generator pass 
INFO: [aiecompiler 77-43883] ####Writing Placement For Nodes 
INFO: [aiecompiler 77-43935] Done with AIE Tools Report Generator pass 
INFO: [aiecompiler 77-43881] ### Entering Packager pass
Writing AI Engine constraints file '/home/yzwu/Desktop/matrix_vec/matrix_vec/build/hw/./Work/temp/project_aie_constraints.aiecst'
Reading constraints schema from /tools/Xilinx/Vitis/2023.2/aietools/data/aietools_constr_schema.json
INFO: [aiecompiler 77-1083] Adding hardware components under: /home/yzwu/Desktop/matrix_vec/matrix_vec/build/hw/./Work/temp/hw.o 
INFO: [aiecompiler 77-1085] Adding software components under: /home/yzwu/Desktop/matrix_vec/matrix_vec/build/hw/./Work/temp/sw.o 
INFO: [aiecompiler 77-5380] Adding config components under: /home/yzwu/Desktop/matrix_vec/matrix_vec/build/hw/./Work/temp/cfg.o
INFO: [aiecompiler 77-3462] Deleting existing hand-off archive: libadf.a
INFO: [aiecompiler 77-1086] Generating hand-off archive: libadf.a
INFO: [aiecompiler 77-43880] ### Done with Packager pass (0 secs)
INFO: [aiecompiler 77-44881] Run completed. Find additional information in:
	Guidance: /home/yzwu/Desktop/matrix_vec/matrix_vec/build/hw/./Work/reports/guidance.html

INFO: [aiecompiler 77-44882] Use the vitis_analyzer tool to visualize and navigate the relevant reports. Run: 
	vitis_analyzer /home/yzwu/Desktop/matrix_vec/matrix_vec/build/hw/./Work/project.aiecompile_summary

Compilation Complete
(WARNING:4, CRITICAL-WARNING:0, ERROR:0)
