Mon Feb 12 17:10:35 2024: Running xcd server. This server was built by gradle.
Mon Feb 12 17:10:35 2024: Server was asked to start on port: '43705'
Mon Feb 12 17:10:35 2024: Server is using token UUID: 'c167c330-89a7-4ffc-a0dd-d0f5286b3b7c'
Mon Feb 12 17:10:35 2024: SESSION_MGR: creating session with session uuid: '6d04a3e9-ade5-4ab9-8d63-1f78fcd2ec76' and name 'default'
Mon Feb 12 17:10:35 2024: Attempting to start server on port '43705'
Mon Feb 12 17:10:35 2024: XCD main fifo: created main fifo '/tmp/xcdmainc167c330-89a7-4ffc-a0dd-d0f5286b3b7c', fd read = 13
Mon Feb 12 17:10:35 2024: Running Dispatch Server
Mon Feb 12 17:10:35 2024: Version 2.2.0
Mon Feb 12 17:10:37 2024: Dispatch Server: Accepted socket connection from client
Mon Feb 12 17:10:37 2024: Starting Socket connection
Mon Feb 12 17:10:37 2024: EXCHANGE_TOKEN received, server token: c167c330-89a7-4ffc-a0dd-d0f5286b3b7c, passed token: c167c330-89a7-4ffc-a0dd-d0f5286b3b7c
Mon Feb 12 17:10:37 2024: SESSION_MGR: creating session with session uuid: '58d69f41-fde8-4093-9bc4-1fb658d19958' and name 'AIE Simulation'
Mon Feb 12 17:10:37 2024: KERNEL_SVC: creating session with uuid: '58d69f41-fde8-4093-9bc4-1fb658d19958' and name 'AIE Simulation'
Mon Feb 12 17:10:37 2024: GUIDANCE_SMGR: creating guidance session with uuid: '58d69f41-fde8-4093-9bc4-1fb658d19958' and name 'AIE Simulation'
Mon Feb 12 17:11:07 2024: SESSION_MGR: closing session for UUID '58d69f41-fde8-4093-9bc4-1fb658d19958' with name ''
Mon Feb 12 17:11:07 2024: KERNEL_SVC: closing session for UUID '58d69f41-fde8-4093-9bc4-1fb658d19958' with name ''
Mon Feb 12 17:11:07 2024: GUIDANCE_SMGR: closing session for UUID '58d69f41-fde8-4093-9bc4-1fb658d19958' with name ''
Mon Feb 12 17:11:07 2024: STOP_SERVER received, server token: c167c330-89a7-4ffc-a0dd-d0f5286b3b7c, passed token: c167c330-89a7-4ffc-a0dd-d0f5286b3b7c
Mon Feb 12 17:11:07 2024: Socket received request to stop server.
Mon Feb 12 17:11:07 2024: Dispatch Server: do_await_stop
Mon Feb 12 17:11:07 2024: Dispatch Server: stopping mainFifo_
Mon Feb 12 17:11:07 2024: XCD main fifo: Stopping
Mon Feb 12 17:11:07 2024: XCD main fifo: do_read error code: Operation canceled
Mon Feb 12 17:11:07 2024: XCD main fifo: bytes_transferred: 0
Mon Feb 12 17:11:07 2024: SERVER: destructor for server bound to port 43705
Mon Feb 12 17:11:07 2024: XCD main fifo: Good unlink of /tmp/xcdmainc167c330-89a7-4ffc-a0dd-d0f5286b3b7c
Mon Feb 12 17:11:07 2024: Server exiting with status 0.
Mon Feb 12 17:11:07 2024: Closing log file.
Mon Feb 12 17:16:37 2024: Running xcd server. This server was built by gradle.
Mon Feb 12 17:16:37 2024: Server was asked to start on port: '34133'
Mon Feb 12 17:16:37 2024: Server is using token UUID: '481ca185-3fbf-4c54-a6ce-9873c5b62aa7'
Mon Feb 12 17:16:37 2024: SESSION_MGR: creating session with session uuid: '6d04a3e9-ade5-4ab9-8d63-1f78fcd2ec76' and name 'default'
Mon Feb 12 17:16:37 2024: Attempting to start server on port '34133'
Mon Feb 12 17:16:37 2024: XCD main fifo: created main fifo '/tmp/xcdmain481ca185-3fbf-4c54-a6ce-9873c5b62aa7', fd read = 13
Mon Feb 12 17:16:37 2024: Running Dispatch Server
Mon Feb 12 17:16:37 2024: Version 2.2.0
Mon Feb 12 17:16:39 2024: Dispatch Server: Accepted socket connection from client
Mon Feb 12 17:16:39 2024: Starting Socket connection
Mon Feb 12 17:16:39 2024: EXCHANGE_TOKEN received, server token: 481ca185-3fbf-4c54-a6ce-9873c5b62aa7, passed token: 481ca185-3fbf-4c54-a6ce-9873c5b62aa7
Mon Feb 12 17:16:39 2024: SESSION_MGR: creating session with session uuid: '0e31c4c2-f9e6-4395-adc6-7a51f598b1b6' and name 'AIE Simulation'
Mon Feb 12 17:16:39 2024: KERNEL_SVC: creating session with uuid: '0e31c4c2-f9e6-4395-adc6-7a51f598b1b6' and name 'AIE Simulation'
Mon Feb 12 17:16:39 2024: GUIDANCE_SMGR: creating guidance session with uuid: '0e31c4c2-f9e6-4395-adc6-7a51f598b1b6' and name 'AIE Simulation'
Mon Feb 12 17:18:45 2024: Running xcd server. This server was built by gradle.
Mon Feb 12 17:18:45 2024: Server was asked to start on port: '37653'
Mon Feb 12 17:18:45 2024: Server is using token UUID: '16b86d27-2273-4c88-9e8d-ca365561ca77'
Mon Feb 12 17:18:45 2024: SESSION_MGR: creating session with session uuid: '6d04a3e9-ade5-4ab9-8d63-1f78fcd2ec76' and name 'default'
Mon Feb 12 17:18:45 2024: Attempting to start server on port '37653'
Mon Feb 12 17:18:45 2024: XCD main fifo: created main fifo '/tmp/xcdmain16b86d27-2273-4c88-9e8d-ca365561ca77', fd read = 15
Mon Feb 12 17:18:45 2024: Running Dispatch Server
Mon Feb 12 17:18:45 2024: Version 2.2.0
Mon Feb 12 17:18:47 2024: Dispatch Server: Accepted socket connection from client
Mon Feb 12 17:18:47 2024: Starting Socket connection
Mon Feb 12 17:18:47 2024: EXCHANGE_TOKEN received, server token: 16b86d27-2273-4c88-9e8d-ca365561ca77, passed token: 16b86d27-2273-4c88-9e8d-ca365561ca77
Mon Feb 12 17:18:47 2024: SESSION_MGR: creating session with session uuid: '4573c136-bb13-4a4a-a5d0-122f8b4c2908' and name 'AIE Simulation'
Mon Feb 12 17:18:47 2024: KERNEL_SVC: creating session with uuid: '4573c136-bb13-4a4a-a5d0-122f8b4c2908' and name 'AIE Simulation'
Mon Feb 12 17:18:47 2024: GUIDANCE_SMGR: creating guidance session with uuid: '4573c136-bb13-4a4a-a5d0-122f8b4c2908' and name 'AIE Simulation'
Mon Feb 12 17:19:20 2024: Running xcd server. This server was built by gradle.
Mon Feb 12 17:19:20 2024: Server was asked to start on port: '33747'
Mon Feb 12 17:19:20 2024: Server is using token UUID: '396c00f0-e6b6-4aad-8a77-485cff64dff7'
Mon Feb 12 17:19:20 2024: SESSION_MGR: creating session with session uuid: '6d04a3e9-ade5-4ab9-8d63-1f78fcd2ec76' and name 'default'
Mon Feb 12 17:19:20 2024: Attempting to start server on port '33747'
Mon Feb 12 17:19:20 2024: XCD main fifo: created main fifo '/tmp/xcdmain396c00f0-e6b6-4aad-8a77-485cff64dff7', fd read = 13
Mon Feb 12 17:19:20 2024: Running Dispatch Server
Mon Feb 12 17:19:20 2024: Version 2.2.0
Mon Feb 12 17:19:22 2024: Dispatch Server: Accepted socket connection from client
Mon Feb 12 17:19:22 2024: Starting Socket connection
Mon Feb 12 17:19:22 2024: EXCHANGE_TOKEN received, server token: 396c00f0-e6b6-4aad-8a77-485cff64dff7, passed token: 396c00f0-e6b6-4aad-8a77-485cff64dff7
Mon Feb 12 17:19:22 2024: SESSION_MGR: creating session with session uuid: '07e34d21-f206-4771-b085-690fdb0e9795' and name 'AIE Simulation'
Mon Feb 12 17:19:22 2024: KERNEL_SVC: creating session with uuid: '07e34d21-f206-4771-b085-690fdb0e9795' and name 'AIE Simulation'
Mon Feb 12 17:19:22 2024: GUIDANCE_SMGR: creating guidance session with uuid: '07e34d21-f206-4771-b085-690fdb0e9795' and name 'AIE Simulation'
Mon Feb 12 17:19:51 2024: SESSION_MGR: closing session for UUID '07e34d21-f206-4771-b085-690fdb0e9795' with name ''
Mon Feb 12 17:19:51 2024: KERNEL_SVC: closing session for UUID '07e34d21-f206-4771-b085-690fdb0e9795' with name ''
Mon Feb 12 17:19:51 2024: GUIDANCE_SMGR: closing session for UUID '07e34d21-f206-4771-b085-690fdb0e9795' with name ''
Mon Feb 12 17:19:51 2024: STOP_SERVER received, server token: 396c00f0-e6b6-4aad-8a77-485cff64dff7, passed token: 396c00f0-e6b6-4aad-8a77-485cff64dff7
Mon Feb 12 17:19:51 2024: Socket received request to stop server.
Mon Feb 12 17:19:51 2024: Dispatch Server: do_await_stop
Mon Feb 12 17:19:51 2024: Dispatch Server: stopping mainFifo_
Mon Feb 12 17:19:51 2024: XCD main fifo: Stopping
Mon Feb 12 17:19:51 2024: XCD main fifo: do_read error code: Operation canceled
Mon Feb 12 17:19:51 2024: XCD main fifo: bytes_transferred: 0
Mon Feb 12 17:19:51 2024: SERVER: destructor for server bound to port 33747
Mon Feb 12 17:19:51 2024: XCD main fifo: Good unlink of /tmp/xcdmain396c00f0-e6b6-4aad-8a77-485cff64dff7
Mon Feb 12 17:19:51 2024: Server exiting with status 0.
Mon Feb 12 17:19:51 2024: Closing log file.
Mon Feb 12 17:20:45 2024: Running xcd server. This server was built by gradle.
Mon Feb 12 17:20:45 2024: Server was asked to start on port: '34581'
Mon Feb 12 17:20:45 2024: Server is using token UUID: '9afb0990-a390-4ffe-9577-46bd353dd437'
Mon Feb 12 17:20:45 2024: SESSION_MGR: creating session with session uuid: '6d04a3e9-ade5-4ab9-8d63-1f78fcd2ec76' and name 'default'
Mon Feb 12 17:20:45 2024: Attempting to start server on port '34581'
Mon Feb 12 17:20:45 2024: XCD main fifo: created main fifo '/tmp/xcdmain9afb0990-a390-4ffe-9577-46bd353dd437', fd read = 15
Mon Feb 12 17:20:45 2024: Running Dispatch Server
Mon Feb 12 17:20:45 2024: Version 2.2.0
Mon Feb 12 17:20:47 2024: Dispatch Server: Accepted socket connection from client
Mon Feb 12 17:20:47 2024: Starting Socket connection
Mon Feb 12 17:20:47 2024: EXCHANGE_TOKEN received, server token: 9afb0990-a390-4ffe-9577-46bd353dd437, passed token: 9afb0990-a390-4ffe-9577-46bd353dd437
Mon Feb 12 17:20:47 2024: SESSION_MGR: creating session with session uuid: '31b850cb-93f0-456a-bf33-d83c492e096b' and name 'AIE Simulation'
Mon Feb 12 17:20:47 2024: KERNEL_SVC: creating session with uuid: '31b850cb-93f0-456a-bf33-d83c492e096b' and name 'AIE Simulation'
Mon Feb 12 17:20:47 2024: GUIDANCE_SMGR: creating guidance session with uuid: '31b850cb-93f0-456a-bf33-d83c492e096b' and name 'AIE Simulation'
Mon Feb 12 17:21:27 2024: SESSION_MGR: closing session for UUID '31b850cb-93f0-456a-bf33-d83c492e096b' with name ''
Mon Feb 12 17:21:27 2024: KERNEL_SVC: closing session for UUID '31b850cb-93f0-456a-bf33-d83c492e096b' with name ''
Mon Feb 12 17:21:27 2024: GUIDANCE_SMGR: closing session for UUID '31b850cb-93f0-456a-bf33-d83c492e096b' with name ''
Mon Feb 12 17:21:27 2024: STOP_SERVER received, server token: 9afb0990-a390-4ffe-9577-46bd353dd437, passed token: 9afb0990-a390-4ffe-9577-46bd353dd437
Mon Feb 12 17:21:27 2024: Socket received request to stop server.
Mon Feb 12 17:21:27 2024: Dispatch Server: do_await_stop
Mon Feb 12 17:21:27 2024: Dispatch Server: stopping mainFifo_
Mon Feb 12 17:21:27 2024: XCD main fifo: Stopping
Mon Feb 12 17:21:27 2024: XCD main fifo: do_read error code: Operation canceled
Mon Feb 12 17:21:27 2024: XCD main fifo: bytes_transferred: 0
Mon Feb 12 17:21:27 2024: SERVER: destructor for server bound to port 34581
Mon Feb 12 17:21:27 2024: XCD main fifo: Good unlink of /tmp/xcdmain9afb0990-a390-4ffe-9577-46bd353dd437
Mon Feb 12 17:21:27 2024: Server exiting with status 0.
Mon Feb 12 17:21:27 2024: Closing log file.
