XRT Build Version: 2.15.225 (2023.1)
       Build Date: 2023-05-03 10:13:19
          Hash ID: adf27adb3cfadc6e4c41d6db814159f1329b24f3
Creating a default 'in-memory' xclbin image.

Section: 'BITSTREAM'(0) was successfully added.
Size   : 320328 bytes
Format : RAW
File   : '/home/yzwu/Desktop/soc_test/vadd/build/sw_emu/hw_link/binary_container_1/binary_container_1/int/binary_container_1.so'

Section: 'MEM_TOPOLOGY'(6) was successfully added.
Format : JSON
File   : 'mem_topology'

Section: 'IP_LAYOUT'(8) was successfully added.
Format : JSON
File   : 'ip_layout'

Section: 'CONNECTIVITY'(7) was successfully added.
Format : JSON
File   : 'connectivity'
WARNING: Skipping CLOCK_FREQ_TOPOLOGY section for count size is zero.
WARNING: Section 'CLOCK_FREQ_TOPOLOGY' content is empty.  No data in the given JSON file.

Section: 'CLOCK_FREQ_TOPOLOGY'(11) was empty.  No action taken.
Format : JSON
File   : '/home/yzwu/Desktop/soc_test/vadd/build/sw_emu/hw_link/binary_container_1/binary_container_1/int/binary_container_1_xml.rtd'

Section: 'BUILD_METADATA'(14) was successfully added.
Size   : 2599 bytes
Format : JSON
File   : '/home/yzwu/Desktop/soc_test/vadd/build/sw_emu/hw_link/binary_container_1/binary_container_1/int/binary_container_1_build.rtd'

Section: 'EMBEDDED_METADATA'(2) was successfully added.
Size   : 2548 bytes
Format : RAW
File   : '/home/yzwu/Desktop/soc_test/vadd/build/sw_emu/hw_link/binary_container_1/binary_container_1/int/binary_container_1.xml'

Section: 'DEBUG_DATA'(4) was successfully added.
Size   : 0 bytes
Format : RAW
File   : '/dev/null'

Section: 'PDI'(18) was successfully added.
Size   : 439760 bytes
Format : raw
File   : '/home/yzwu/Desktop/soc_test/vadd/build/sw_emu/hw_link/binary_container_1/binary_container_1/int/platform.pdi'

Section: 'SYSTEM_METADATA'(22) was successfully added.
Size   : 7123 bytes
Format : RAW
File   : '/home/yzwu/Desktop/soc_test/vadd/build/sw_emu/hw_link/binary_container_1/binary_container_1/int/systemDiagramModel.json'
Successfully wrote (779436 bytes) to the output file: /home/yzwu/Desktop/soc_test/vadd/build/sw_emu/hw_link/binary_container_1/binary_container_1/int/binary_container_1.xclbin
Leaving xclbinutil.
