Sat Feb 10 16:48:59 2024: Running xcd server. This server was built by gradle.
Sat Feb 10 16:48:59 2024: Server was asked to start on port: '41925'
Sat Feb 10 16:48:59 2024: Server is using token UUID: '856ef775-ff2b-4e99-be22-427a663af9d3'
Sat Feb 10 16:48:59 2024: SESSION_MGR: creating session with session uuid: '6d04a3e9-ade5-4ab9-8d63-1f78fcd2ec76' and name 'default'
Sat Feb 10 16:48:59 2024: Attempting to start server on port '41925'
Sat Feb 10 16:48:59 2024: XCD main fifo: created main fifo '/tmp/xcdmain856ef775-ff2b-4e99-be22-427a663af9d3', fd read = 13
Sat Feb 10 16:48:59 2024: Running Dispatch Server
Sat Feb 10 16:48:59 2024: Version 2.2.0
Sat Feb 10 16:49:01 2024: Dispatch Server: Accepted socket connection from client
Sat Feb 10 16:49:01 2024: Starting Socket connection
Sat Feb 10 16:49:01 2024: EXCHANGE_TOKEN received, server token: 856ef775-ff2b-4e99-be22-427a663af9d3, passed token: 856ef775-ff2b-4e99-be22-427a663af9d3
Sat Feb 10 16:49:01 2024: DISPATCH_HANDLER: Adding handler from function makeHandler in library libxv_system_diagram
Sat Feb 10 16:49:01 2024: SESSION_MGR: creating session with session uuid: '5eea07c2-b1b9-4da4-8f2c-c293a45a42d2' and name 'v++_compile_Work'
Sat Feb 10 16:49:01 2024: KERNEL_SVC: creating session with uuid: '5eea07c2-b1b9-4da4-8f2c-c293a45a42d2' and name 'v++_compile_Work'
Sat Feb 10 16:49:01 2024: GUIDANCE_SMGR: creating guidance session with uuid: '5eea07c2-b1b9-4da4-8f2c-c293a45a42d2' and name 'v++_compile_Work'
Sat Feb 10 16:49:01 2024: SYSTEM_DIAGRAM: creating session with uuid: '5eea07c2-b1b9-4da4-8f2c-c293a45a42d2' and name 'v++_compile_Work'
Sat Feb 10 16:49:09 2024: Dispatch Server: Accepted socket connection from client
Sat Feb 10 16:49:09 2024: Starting Socket connection
Sat Feb 10 16:49:09 2024: SESSION_MGR: creating session with session uuid: '7ac529ab-d1fe-4c16-84ad-7e4509920bb2' and name 'AIE Compilation'
Sat Feb 10 16:49:09 2024: KERNEL_SVC: creating session with uuid: '7ac529ab-d1fe-4c16-84ad-7e4509920bb2' and name 'AIE Compilation'
Sat Feb 10 16:49:09 2024: GUIDANCE_SMGR: creating guidance session with uuid: '7ac529ab-d1fe-4c16-84ad-7e4509920bb2' and name 'AIE Compilation'
Sat Feb 10 16:49:09 2024: SYSTEM_DIAGRAM: creating session with uuid: '7ac529ab-d1fe-4c16-84ad-7e4509920bb2' and name 'AIE Compilation'
Sat Feb 10 16:49:11 2024: Dispatch Server: Accepted socket connection from client
Sat Feb 10 16:49:11 2024: Starting Socket connection
Sat Feb 10 16:49:30 2024: SESSION_MGR: closing session for UUID '7ac529ab-d1fe-4c16-84ad-7e4509920bb2' with name ''
Sat Feb 10 16:49:30 2024: KERNEL_SVC: closing session for UUID '7ac529ab-d1fe-4c16-84ad-7e4509920bb2' with name ''
Sat Feb 10 16:49:30 2024: GUIDANCE_SMGR: closing session for UUID '7ac529ab-d1fe-4c16-84ad-7e4509920bb2' with name ''
Sat Feb 10 16:49:30 2024: SYSTEM_DIAGRAM: closing session for UUID '7ac529ab-d1fe-4c16-84ad-7e4509920bb2' with name ''
Sat Feb 10 16:49:30 2024: SESSION_MGR: closing session for UUID '5eea07c2-b1b9-4da4-8f2c-c293a45a42d2' with name 'v++_compile_Work'
Sat Feb 10 16:49:30 2024: KERNEL_SVC: closing session for UUID '5eea07c2-b1b9-4da4-8f2c-c293a45a42d2' with name 'v++_compile_Work'
Sat Feb 10 16:49:30 2024: GUIDANCE_SMGR: closing session for UUID '5eea07c2-b1b9-4da4-8f2c-c293a45a42d2' with name 'v++_compile_Work'
Sat Feb 10 16:49:30 2024: SYSTEM_DIAGRAM: closing session for UUID '5eea07c2-b1b9-4da4-8f2c-c293a45a42d2' with name 'v++_compile_Work'
Sat Feb 10 16:49:30 2024: STOP_SERVER received, server token: 856ef775-ff2b-4e99-be22-427a663af9d3, passed token: 856ef775-ff2b-4e99-be22-427a663af9d3
Sat Feb 10 16:49:30 2024: Socket received request to stop server.
Sat Feb 10 16:49:30 2024: Dispatch Server: do_await_stop
Sat Feb 10 16:49:30 2024: Dispatch Server: stopping mainFifo_
Sat Feb 10 16:49:30 2024: XCD main fifo: Stopping
Sat Feb 10 16:49:30 2024: XCD main fifo: do_read error code: Operation canceled
Sat Feb 10 16:49:30 2024: XCD main fifo: bytes_transferred: 0
Sat Feb 10 16:49:30 2024: SERVER: destructor for server bound to port 41925
Sat Feb 10 16:49:30 2024: XCD main fifo: Good unlink of /tmp/xcdmain856ef775-ff2b-4e99-be22-427a663af9d3
Sat Feb 10 16:49:30 2024: Server exiting with status 0.
Sat Feb 10 16:49:30 2024: Closing log file.
Sat Feb 10 16:55:15 2024: Running xcd server. This server was built by gradle.
Sat Feb 10 16:55:15 2024: Server was asked to start on port: '40193'
Sat Feb 10 16:55:15 2024: Server is using token UUID: '4ed7955b-0c24-433b-91f4-086ef8e4ebdb'
Sat Feb 10 16:55:15 2024: SESSION_MGR: creating session with session uuid: '6d04a3e9-ade5-4ab9-8d63-1f78fcd2ec76' and name 'default'
Sat Feb 10 16:55:15 2024: Attempting to start server on port '40193'
Sat Feb 10 16:55:15 2024: XCD main fifo: created main fifo '/tmp/xcdmain4ed7955b-0c24-433b-91f4-086ef8e4ebdb', fd read = 13
Sat Feb 10 16:55:15 2024: Running Dispatch Server
Sat Feb 10 16:55:15 2024: Version 2.2.0
Sat Feb 10 16:55:17 2024: Dispatch Server: Accepted socket connection from client
Sat Feb 10 16:55:17 2024: Starting Socket connection
Sat Feb 10 16:55:17 2024: EXCHANGE_TOKEN received, server token: 4ed7955b-0c24-433b-91f4-086ef8e4ebdb, passed token: 4ed7955b-0c24-433b-91f4-086ef8e4ebdb
Sat Feb 10 16:55:17 2024: DISPATCH_HANDLER: Adding handler from function makeHandler in library libxv_system_diagram
Sat Feb 10 16:55:17 2024: SESSION_MGR: creating session with session uuid: '321de032-a489-4763-8b4c-d99b37b4eee4' and name 'v++_compile_Work'
Sat Feb 10 16:55:17 2024: KERNEL_SVC: creating session with uuid: '321de032-a489-4763-8b4c-d99b37b4eee4' and name 'v++_compile_Work'
Sat Feb 10 16:55:17 2024: GUIDANCE_SMGR: creating guidance session with uuid: '321de032-a489-4763-8b4c-d99b37b4eee4' and name 'v++_compile_Work'
Sat Feb 10 16:55:17 2024: SYSTEM_DIAGRAM: creating session with uuid: '321de032-a489-4763-8b4c-d99b37b4eee4' and name 'v++_compile_Work'
Sat Feb 10 16:55:26 2024: Dispatch Server: Accepted socket connection from client
Sat Feb 10 16:55:26 2024: Starting Socket connection
Sat Feb 10 16:55:26 2024: SESSION_MGR: creating session with session uuid: '496fb6d3-be86-432d-b3bd-0f1fc69860a0' and name 'AIE Compilation'
Sat Feb 10 16:55:26 2024: KERNEL_SVC: creating session with uuid: '496fb6d3-be86-432d-b3bd-0f1fc69860a0' and name 'AIE Compilation'
Sat Feb 10 16:55:26 2024: GUIDANCE_SMGR: creating guidance session with uuid: '496fb6d3-be86-432d-b3bd-0f1fc69860a0' and name 'AIE Compilation'
Sat Feb 10 16:55:26 2024: SYSTEM_DIAGRAM: creating session with uuid: '496fb6d3-be86-432d-b3bd-0f1fc69860a0' and name 'AIE Compilation'
Sat Feb 10 16:55:28 2024: Dispatch Server: Accepted socket connection from client
Sat Feb 10 16:55:28 2024: Starting Socket connection
Sat Feb 10 16:55:44 2024: SESSION_MGR: closing session for UUID '496fb6d3-be86-432d-b3bd-0f1fc69860a0' with name ''
Sat Feb 10 16:55:44 2024: KERNEL_SVC: closing session for UUID '496fb6d3-be86-432d-b3bd-0f1fc69860a0' with name ''
Sat Feb 10 16:55:44 2024: GUIDANCE_SMGR: closing session for UUID '496fb6d3-be86-432d-b3bd-0f1fc69860a0' with name ''
Sat Feb 10 16:55:44 2024: SYSTEM_DIAGRAM: closing session for UUID '496fb6d3-be86-432d-b3bd-0f1fc69860a0' with name ''
Sat Feb 10 16:55:44 2024: SESSION_MGR: closing session for UUID '321de032-a489-4763-8b4c-d99b37b4eee4' with name 'v++_compile_Work'
Sat Feb 10 16:55:44 2024: KERNEL_SVC: closing session for UUID '321de032-a489-4763-8b4c-d99b37b4eee4' with name 'v++_compile_Work'
Sat Feb 10 16:55:44 2024: GUIDANCE_SMGR: closing session for UUID '321de032-a489-4763-8b4c-d99b37b4eee4' with name 'v++_compile_Work'
Sat Feb 10 16:55:44 2024: SYSTEM_DIAGRAM: closing session for UUID '321de032-a489-4763-8b4c-d99b37b4eee4' with name 'v++_compile_Work'
Sat Feb 10 16:55:44 2024: STOP_SERVER received, server token: 4ed7955b-0c24-433b-91f4-086ef8e4ebdb, passed token: 4ed7955b-0c24-433b-91f4-086ef8e4ebdb
Sat Feb 10 16:55:44 2024: Socket received request to stop server.
Sat Feb 10 16:55:44 2024: Dispatch Server: do_await_stop
Sat Feb 10 16:55:44 2024: Dispatch Server: stopping mainFifo_
Sat Feb 10 16:55:44 2024: XCD main fifo: Stopping
Sat Feb 10 16:55:44 2024: XCD main fifo: do_read error code: Operation canceled
Sat Feb 10 16:55:44 2024: XCD main fifo: bytes_transferred: 0
Sat Feb 10 16:55:44 2024: SERVER: destructor for server bound to port 40193
Sat Feb 10 16:55:44 2024: XCD main fifo: Good unlink of /tmp/xcdmain4ed7955b-0c24-433b-91f4-086ef8e4ebdb
Sat Feb 10 16:55:44 2024: Server exiting with status 0.
Sat Feb 10 16:55:44 2024: Closing log file.
Sat Feb 10 16:56:03 2024: Running xcd server. This server was built by gradle.
Sat Feb 10 16:56:03 2024: Server was asked to start on port: '36473'
Sat Feb 10 16:56:03 2024: Server is using token UUID: 'a7a65776-dd66-46eb-9ba2-3ae84d012233'
Sat Feb 10 16:56:03 2024: SESSION_MGR: creating session with session uuid: '6d04a3e9-ade5-4ab9-8d63-1f78fcd2ec76' and name 'default'
Sat Feb 10 16:56:03 2024: Attempting to start server on port '36473'
Sat Feb 10 16:56:03 2024: XCD main fifo: created main fifo '/tmp/xcdmaina7a65776-dd66-46eb-9ba2-3ae84d012233', fd read = 13
Sat Feb 10 16:56:03 2024: Running Dispatch Server
Sat Feb 10 16:56:03 2024: Version 2.2.0
Sat Feb 10 16:56:05 2024: Dispatch Server: Accepted socket connection from client
Sat Feb 10 16:56:05 2024: Starting Socket connection
Sat Feb 10 16:56:05 2024: EXCHANGE_TOKEN received, server token: a7a65776-dd66-46eb-9ba2-3ae84d012233, passed token: a7a65776-dd66-46eb-9ba2-3ae84d012233
Sat Feb 10 16:56:05 2024: DISPATCH_HANDLER: Adding handler from function makeHandler in library libxv_system_diagram
Sat Feb 10 16:56:05 2024: SESSION_MGR: creating session with session uuid: 'c428af52-88c9-4ae3-bc0e-ae0833d839eb' and name 'v++_compile_Work'
Sat Feb 10 16:56:05 2024: KERNEL_SVC: creating session with uuid: 'c428af52-88c9-4ae3-bc0e-ae0833d839eb' and name 'v++_compile_Work'
Sat Feb 10 16:56:05 2024: GUIDANCE_SMGR: creating guidance session with uuid: 'c428af52-88c9-4ae3-bc0e-ae0833d839eb' and name 'v++_compile_Work'
Sat Feb 10 16:56:05 2024: SYSTEM_DIAGRAM: creating session with uuid: 'c428af52-88c9-4ae3-bc0e-ae0833d839eb' and name 'v++_compile_Work'
Sat Feb 10 16:56:13 2024: Dispatch Server: Accepted socket connection from client
Sat Feb 10 16:56:13 2024: Starting Socket connection
Sat Feb 10 16:56:13 2024: SESSION_MGR: creating session with session uuid: 'e33682ac-e2c9-4076-8928-a2c866cfe416' and name 'AIE Compilation'
Sat Feb 10 16:56:13 2024: KERNEL_SVC: creating session with uuid: 'e33682ac-e2c9-4076-8928-a2c866cfe416' and name 'AIE Compilation'
Sat Feb 10 16:56:13 2024: GUIDANCE_SMGR: creating guidance session with uuid: 'e33682ac-e2c9-4076-8928-a2c866cfe416' and name 'AIE Compilation'
Sat Feb 10 16:56:13 2024: SYSTEM_DIAGRAM: creating session with uuid: 'e33682ac-e2c9-4076-8928-a2c866cfe416' and name 'AIE Compilation'
Sat Feb 10 16:56:15 2024: Dispatch Server: Accepted socket connection from client
Sat Feb 10 16:56:15 2024: Starting Socket connection
Sat Feb 10 16:56:31 2024: SESSION_MGR: closing session for UUID 'e33682ac-e2c9-4076-8928-a2c866cfe416' with name ''
Sat Feb 10 16:56:31 2024: KERNEL_SVC: closing session for UUID 'e33682ac-e2c9-4076-8928-a2c866cfe416' with name ''
Sat Feb 10 16:56:31 2024: GUIDANCE_SMGR: closing session for UUID 'e33682ac-e2c9-4076-8928-a2c866cfe416' with name ''
Sat Feb 10 16:56:31 2024: SYSTEM_DIAGRAM: closing session for UUID 'e33682ac-e2c9-4076-8928-a2c866cfe416' with name ''
Sat Feb 10 16:56:31 2024: SESSION_MGR: closing session for UUID 'c428af52-88c9-4ae3-bc0e-ae0833d839eb' with name 'v++_compile_Work'
Sat Feb 10 16:56:31 2024: KERNEL_SVC: closing session for UUID 'c428af52-88c9-4ae3-bc0e-ae0833d839eb' with name 'v++_compile_Work'
Sat Feb 10 16:56:31 2024: GUIDANCE_SMGR: closing session for UUID 'c428af52-88c9-4ae3-bc0e-ae0833d839eb' with name 'v++_compile_Work'
Sat Feb 10 16:56:31 2024: SYSTEM_DIAGRAM: closing session for UUID 'c428af52-88c9-4ae3-bc0e-ae0833d839eb' with name 'v++_compile_Work'
Sat Feb 10 16:56:31 2024: STOP_SERVER received, server token: a7a65776-dd66-46eb-9ba2-3ae84d012233, passed token: a7a65776-dd66-46eb-9ba2-3ae84d012233
Sat Feb 10 16:56:31 2024: Socket received request to stop server.
Sat Feb 10 16:56:31 2024: Dispatch Server: do_await_stop
Sat Feb 10 16:56:31 2024: Dispatch Server: stopping mainFifo_
Sat Feb 10 16:56:31 2024: XCD main fifo: Stopping
Sat Feb 10 16:56:31 2024: XCD main fifo: do_read error code: Operation canceled
Sat Feb 10 16:56:31 2024: XCD main fifo: bytes_transferred: 0
Sat Feb 10 16:56:31 2024: SERVER: destructor for server bound to port 36473
Sat Feb 10 16:56:31 2024: XCD main fifo: Good unlink of /tmp/xcdmaina7a65776-dd66-46eb-9ba2-3ae84d012233
Sat Feb 10 16:56:31 2024: Server exiting with status 0.
Sat Feb 10 16:56:31 2024: Closing log file.
Sat Feb 10 17:05:18 2024: Running xcd server. This server was built by gradle.
Sat Feb 10 17:05:18 2024: Server was asked to start on port: '44987'
Sat Feb 10 17:05:18 2024: Server is using token UUID: 'e56f2f32-ea27-4c9c-8c6e-3734c6e215f2'
Sat Feb 10 17:05:18 2024: SESSION_MGR: creating session with session uuid: '6d04a3e9-ade5-4ab9-8d63-1f78fcd2ec76' and name 'default'
Sat Feb 10 17:05:18 2024: Attempting to start server on port '44987'
Sat Feb 10 17:05:18 2024: XCD main fifo: created main fifo '/tmp/xcdmaine56f2f32-ea27-4c9c-8c6e-3734c6e215f2', fd read = 13
Sat Feb 10 17:05:18 2024: Running Dispatch Server
Sat Feb 10 17:05:18 2024: Version 2.2.0
Sat Feb 10 17:05:20 2024: Dispatch Server: Accepted socket connection from client
Sat Feb 10 17:05:20 2024: Starting Socket connection
Sat Feb 10 17:05:20 2024: EXCHANGE_TOKEN received, server token: e56f2f32-ea27-4c9c-8c6e-3734c6e215f2, passed token: e56f2f32-ea27-4c9c-8c6e-3734c6e215f2
Sat Feb 10 17:05:20 2024: DISPATCH_HANDLER: Adding handler from function makeHandler in library libxv_system_diagram
Sat Feb 10 17:05:20 2024: SESSION_MGR: creating session with session uuid: '48c4be83-af6e-46de-959d-8eeaf926e7bf' and name 'v++_compile_Work'
Sat Feb 10 17:05:20 2024: KERNEL_SVC: creating session with uuid: '48c4be83-af6e-46de-959d-8eeaf926e7bf' and name 'v++_compile_Work'
Sat Feb 10 17:05:20 2024: GUIDANCE_SMGR: creating guidance session with uuid: '48c4be83-af6e-46de-959d-8eeaf926e7bf' and name 'v++_compile_Work'
Sat Feb 10 17:05:20 2024: SYSTEM_DIAGRAM: creating session with uuid: '48c4be83-af6e-46de-959d-8eeaf926e7bf' and name 'v++_compile_Work'
Sat Feb 10 17:05:28 2024: Dispatch Server: Accepted socket connection from client
Sat Feb 10 17:05:28 2024: Starting Socket connection
Sat Feb 10 17:05:28 2024: SESSION_MGR: creating session with session uuid: 'c1dab319-22ad-4af9-acf2-68a432384b79' and name 'AIE Compilation'
Sat Feb 10 17:05:28 2024: KERNEL_SVC: creating session with uuid: 'c1dab319-22ad-4af9-acf2-68a432384b79' and name 'AIE Compilation'
Sat Feb 10 17:05:28 2024: GUIDANCE_SMGR: creating guidance session with uuid: 'c1dab319-22ad-4af9-acf2-68a432384b79' and name 'AIE Compilation'
Sat Feb 10 17:05:28 2024: SYSTEM_DIAGRAM: creating session with uuid: 'c1dab319-22ad-4af9-acf2-68a432384b79' and name 'AIE Compilation'
Sat Feb 10 17:05:30 2024: Dispatch Server: Accepted socket connection from client
Sat Feb 10 17:05:30 2024: Starting Socket connection
Sat Feb 10 17:05:49 2024: SESSION_MGR: closing session for UUID 'c1dab319-22ad-4af9-acf2-68a432384b79' with name ''
Sat Feb 10 17:05:49 2024: KERNEL_SVC: closing session for UUID 'c1dab319-22ad-4af9-acf2-68a432384b79' with name ''
Sat Feb 10 17:05:49 2024: GUIDANCE_SMGR: closing session for UUID 'c1dab319-22ad-4af9-acf2-68a432384b79' with name ''
Sat Feb 10 17:05:49 2024: SYSTEM_DIAGRAM: closing session for UUID 'c1dab319-22ad-4af9-acf2-68a432384b79' with name ''
Sat Feb 10 17:05:49 2024: SESSION_MGR: closing session for UUID '48c4be83-af6e-46de-959d-8eeaf926e7bf' with name 'v++_compile_Work'
Sat Feb 10 17:05:49 2024: KERNEL_SVC: closing session for UUID '48c4be83-af6e-46de-959d-8eeaf926e7bf' with name 'v++_compile_Work'
Sat Feb 10 17:05:49 2024: GUIDANCE_SMGR: closing session for UUID '48c4be83-af6e-46de-959d-8eeaf926e7bf' with name 'v++_compile_Work'
Sat Feb 10 17:05:49 2024: SYSTEM_DIAGRAM: closing session for UUID '48c4be83-af6e-46de-959d-8eeaf926e7bf' with name 'v++_compile_Work'
Sat Feb 10 17:05:49 2024: STOP_SERVER received, server token: e56f2f32-ea27-4c9c-8c6e-3734c6e215f2, passed token: e56f2f32-ea27-4c9c-8c6e-3734c6e215f2
Sat Feb 10 17:05:49 2024: Socket received request to stop server.
Sat Feb 10 17:05:49 2024: Dispatch Server: do_await_stop
Sat Feb 10 17:05:49 2024: Dispatch Server: stopping mainFifo_
Sat Feb 10 17:05:49 2024: XCD main fifo: Stopping
Sat Feb 10 17:05:49 2024: XCD main fifo: do_read error code: Operation canceled
Sat Feb 10 17:05:49 2024: XCD main fifo: bytes_transferred: 0
Sat Feb 10 17:05:49 2024: SERVER: destructor for server bound to port 44987
Sat Feb 10 17:05:49 2024: XCD main fifo: Good unlink of /tmp/xcdmaine56f2f32-ea27-4c9c-8c6e-3734c6e215f2
Sat Feb 10 17:05:49 2024: Server exiting with status 0.
Sat Feb 10 17:05:49 2024: Closing log file.
Mon Feb 12 11:20:59 2024: Running xcd server. This server was built by gradle.
Mon Feb 12 11:20:59 2024: Server was asked to start on port: '33107'
Mon Feb 12 11:20:59 2024: Server is using token UUID: '2fa565f1-001f-4ea4-a2bf-cb4789423577'
Mon Feb 12 11:20:59 2024: SESSION_MGR: creating session with session uuid: '6d04a3e9-ade5-4ab9-8d63-1f78fcd2ec76' and name 'default'
Mon Feb 12 11:20:59 2024: Attempting to start server on port '33107'
Mon Feb 12 11:20:59 2024: XCD main fifo: created main fifo '/tmp/xcdmain2fa565f1-001f-4ea4-a2bf-cb4789423577', fd read = 13
Mon Feb 12 11:20:59 2024: Running Dispatch Server
Mon Feb 12 11:20:59 2024: Version 2.2.0
Mon Feb 12 11:21:01 2024: Dispatch Server: Accepted socket connection from client
Mon Feb 12 11:21:01 2024: Starting Socket connection
Mon Feb 12 11:21:01 2024: EXCHANGE_TOKEN received, server token: 2fa565f1-001f-4ea4-a2bf-cb4789423577, passed token: 2fa565f1-001f-4ea4-a2bf-cb4789423577
Mon Feb 12 11:21:01 2024: DISPATCH_HANDLER: Adding handler from function makeHandler in library libxv_system_diagram
Mon Feb 12 11:21:01 2024: SESSION_MGR: creating session with session uuid: 'ff01f179-d9ef-4bb7-9158-680f2628c640' and name 'v++_compile_Work'
Mon Feb 12 11:21:01 2024: KERNEL_SVC: creating session with uuid: 'ff01f179-d9ef-4bb7-9158-680f2628c640' and name 'v++_compile_Work'
Mon Feb 12 11:21:01 2024: GUIDANCE_SMGR: creating guidance session with uuid: 'ff01f179-d9ef-4bb7-9158-680f2628c640' and name 'v++_compile_Work'
Mon Feb 12 11:21:01 2024: SYSTEM_DIAGRAM: creating session with uuid: 'ff01f179-d9ef-4bb7-9158-680f2628c640' and name 'v++_compile_Work'
Mon Feb 12 11:21:09 2024: Dispatch Server: Accepted socket connection from client
Mon Feb 12 11:21:09 2024: Starting Socket connection
Mon Feb 12 11:21:09 2024: SESSION_MGR: creating session with session uuid: 'ded07695-6d43-4550-abb4-a8148923bc8d' and name 'AIE Compilation'
Mon Feb 12 11:21:09 2024: KERNEL_SVC: creating session with uuid: 'ded07695-6d43-4550-abb4-a8148923bc8d' and name 'AIE Compilation'
Mon Feb 12 11:21:09 2024: GUIDANCE_SMGR: creating guidance session with uuid: 'ded07695-6d43-4550-abb4-a8148923bc8d' and name 'AIE Compilation'
Mon Feb 12 11:21:09 2024: SYSTEM_DIAGRAM: creating session with uuid: 'ded07695-6d43-4550-abb4-a8148923bc8d' and name 'AIE Compilation'
Mon Feb 12 11:21:11 2024: Dispatch Server: Accepted socket connection from client
Mon Feb 12 11:21:11 2024: Starting Socket connection
Mon Feb 12 11:21:34 2024: SESSION_MGR: closing session for UUID 'ded07695-6d43-4550-abb4-a8148923bc8d' with name ''
Mon Feb 12 11:21:34 2024: KERNEL_SVC: closing session for UUID 'ded07695-6d43-4550-abb4-a8148923bc8d' with name ''
Mon Feb 12 11:21:34 2024: GUIDANCE_SMGR: closing session for UUID 'ded07695-6d43-4550-abb4-a8148923bc8d' with name ''
Mon Feb 12 11:21:34 2024: SYSTEM_DIAGRAM: closing session for UUID 'ded07695-6d43-4550-abb4-a8148923bc8d' with name ''
Mon Feb 12 11:21:35 2024: SESSION_MGR: closing session for UUID 'ff01f179-d9ef-4bb7-9158-680f2628c640' with name 'v++_compile_Work'
Mon Feb 12 11:21:35 2024: KERNEL_SVC: closing session for UUID 'ff01f179-d9ef-4bb7-9158-680f2628c640' with name 'v++_compile_Work'
Mon Feb 12 11:21:35 2024: GUIDANCE_SMGR: closing session for UUID 'ff01f179-d9ef-4bb7-9158-680f2628c640' with name 'v++_compile_Work'
Mon Feb 12 11:21:35 2024: SYSTEM_DIAGRAM: closing session for UUID 'ff01f179-d9ef-4bb7-9158-680f2628c640' with name 'v++_compile_Work'
Mon Feb 12 11:21:35 2024: STOP_SERVER received, server token: 2fa565f1-001f-4ea4-a2bf-cb4789423577, passed token: 2fa565f1-001f-4ea4-a2bf-cb4789423577
Mon Feb 12 11:21:35 2024: Socket received request to stop server.
Mon Feb 12 11:21:35 2024: Dispatch Server: do_await_stop
Mon Feb 12 11:21:35 2024: Dispatch Server: stopping mainFifo_
Mon Feb 12 11:21:35 2024: XCD main fifo: Stopping
Mon Feb 12 11:21:35 2024: XCD main fifo: do_read error code: Operation canceled
Mon Feb 12 11:21:35 2024: XCD main fifo: bytes_transferred: 0
Mon Feb 12 11:21:35 2024: SERVER: destructor for server bound to port 33107
Mon Feb 12 11:21:35 2024: XCD main fifo: Good unlink of /tmp/xcdmain2fa565f1-001f-4ea4-a2bf-cb4789423577
Mon Feb 12 11:21:35 2024: Server exiting with status 0.
Mon Feb 12 11:21:35 2024: Closing log file.
Mon Feb 12 11:39:08 2024: Running xcd server. This server was built by gradle.
Mon Feb 12 11:39:08 2024: Server was asked to start on port: '43327'
Mon Feb 12 11:39:08 2024: Server is using token UUID: 'bed42de0-2968-45d3-8189-a7e73e794135'
Mon Feb 12 11:39:08 2024: SESSION_MGR: creating session with session uuid: '6d04a3e9-ade5-4ab9-8d63-1f78fcd2ec76' and name 'default'
Mon Feb 12 11:39:08 2024: Attempting to start server on port '43327'
Mon Feb 12 11:39:08 2024: XCD main fifo: created main fifo '/tmp/xcdmainbed42de0-2968-45d3-8189-a7e73e794135', fd read = 13
Mon Feb 12 11:39:08 2024: Running Dispatch Server
Mon Feb 12 11:39:08 2024: Version 2.2.0
Mon Feb 12 11:39:10 2024: Dispatch Server: Accepted socket connection from client
Mon Feb 12 11:39:10 2024: Starting Socket connection
Mon Feb 12 11:39:10 2024: EXCHANGE_TOKEN received, server token: bed42de0-2968-45d3-8189-a7e73e794135, passed token: bed42de0-2968-45d3-8189-a7e73e794135
Mon Feb 12 11:39:10 2024: DISPATCH_HANDLER: Adding handler from function makeHandler in library libxv_system_diagram
Mon Feb 12 11:39:10 2024: SESSION_MGR: creating session with session uuid: '0fcf22bc-9731-4eca-bae2-c8f1d43699e4' and name 'v++_compile_Work'
Mon Feb 12 11:39:10 2024: KERNEL_SVC: creating session with uuid: '0fcf22bc-9731-4eca-bae2-c8f1d43699e4' and name 'v++_compile_Work'
Mon Feb 12 11:39:10 2024: GUIDANCE_SMGR: creating guidance session with uuid: '0fcf22bc-9731-4eca-bae2-c8f1d43699e4' and name 'v++_compile_Work'
Mon Feb 12 11:39:10 2024: SYSTEM_DIAGRAM: creating session with uuid: '0fcf22bc-9731-4eca-bae2-c8f1d43699e4' and name 'v++_compile_Work'
Mon Feb 12 11:39:19 2024: Dispatch Server: Accepted socket connection from client
Mon Feb 12 11:39:19 2024: Starting Socket connection
Mon Feb 12 11:39:19 2024: SESSION_MGR: creating session with session uuid: 'c42faff8-7058-400f-9ea2-f33ad0c0bb0e' and name 'AIE Compilation'
Mon Feb 12 11:39:19 2024: KERNEL_SVC: creating session with uuid: 'c42faff8-7058-400f-9ea2-f33ad0c0bb0e' and name 'AIE Compilation'
Mon Feb 12 11:39:19 2024: GUIDANCE_SMGR: creating guidance session with uuid: 'c42faff8-7058-400f-9ea2-f33ad0c0bb0e' and name 'AIE Compilation'
Mon Feb 12 11:39:19 2024: SYSTEM_DIAGRAM: creating session with uuid: 'c42faff8-7058-400f-9ea2-f33ad0c0bb0e' and name 'AIE Compilation'
Mon Feb 12 11:39:21 2024: Dispatch Server: Accepted socket connection from client
Mon Feb 12 11:39:21 2024: Starting Socket connection
Mon Feb 12 11:39:41 2024: SESSION_MGR: closing session for UUID 'c42faff8-7058-400f-9ea2-f33ad0c0bb0e' with name ''
Mon Feb 12 11:39:41 2024: KERNEL_SVC: closing session for UUID 'c42faff8-7058-400f-9ea2-f33ad0c0bb0e' with name ''
Mon Feb 12 11:39:41 2024: GUIDANCE_SMGR: closing session for UUID 'c42faff8-7058-400f-9ea2-f33ad0c0bb0e' with name ''
Mon Feb 12 11:39:41 2024: SYSTEM_DIAGRAM: closing session for UUID 'c42faff8-7058-400f-9ea2-f33ad0c0bb0e' with name ''
Mon Feb 12 11:39:41 2024: SESSION_MGR: closing session for UUID '0fcf22bc-9731-4eca-bae2-c8f1d43699e4' with name 'v++_compile_Work'
Mon Feb 12 11:39:41 2024: KERNEL_SVC: closing session for UUID '0fcf22bc-9731-4eca-bae2-c8f1d43699e4' with name 'v++_compile_Work'
Mon Feb 12 11:39:41 2024: GUIDANCE_SMGR: closing session for UUID '0fcf22bc-9731-4eca-bae2-c8f1d43699e4' with name 'v++_compile_Work'
Mon Feb 12 11:39:41 2024: SYSTEM_DIAGRAM: closing session for UUID '0fcf22bc-9731-4eca-bae2-c8f1d43699e4' with name 'v++_compile_Work'
Mon Feb 12 11:39:41 2024: STOP_SERVER received, server token: bed42de0-2968-45d3-8189-a7e73e794135, passed token: bed42de0-2968-45d3-8189-a7e73e794135
Mon Feb 12 11:39:41 2024: Socket received request to stop server.
Mon Feb 12 11:39:41 2024: Dispatch Server: do_await_stop
Mon Feb 12 11:39:41 2024: Dispatch Server: stopping mainFifo_
Mon Feb 12 11:39:41 2024: XCD main fifo: Stopping
Mon Feb 12 11:39:41 2024: XCD main fifo: do_read error code: Operation canceled
Mon Feb 12 11:39:41 2024: XCD main fifo: bytes_transferred: 0
Mon Feb 12 11:39:41 2024: SERVER: destructor for server bound to port 43327
Mon Feb 12 11:39:41 2024: XCD main fifo: Good unlink of /tmp/xcdmainbed42de0-2968-45d3-8189-a7e73e794135
Mon Feb 12 11:39:41 2024: Server exiting with status 0.
Mon Feb 12 11:39:41 2024: Closing log file.
