Sat Feb 10 16:33:41 2024: Running xcd server. This server was built by gradle.
Sat Feb 10 16:33:41 2024: Server was asked to start on port: '41867'
Sat Feb 10 16:33:41 2024: Server is using token UUID: 'e1985c94-d24b-4b6f-a304-a52348496c1d'
Sat Feb 10 16:33:41 2024: SESSION_MGR: creating session with session uuid: '6d04a3e9-ade5-4ab9-8d63-1f78fcd2ec76' and name 'default'
Sat Feb 10 16:33:41 2024: Attempting to start server on port '41867'
Sat Feb 10 16:33:41 2024: XCD main fifo: created main fifo '/tmp/xcdmaine1985c94-d24b-4b6f-a304-a52348496c1d', fd read = 13
Sat Feb 10 16:33:41 2024: Running Dispatch Server
Sat Feb 10 16:33:41 2024: Version 2.2.0
Sat Feb 10 16:33:43 2024: Dispatch Server: Accepted socket connection from client
Sat Feb 10 16:33:43 2024: Starting Socket connection
Sat Feb 10 16:33:43 2024: EXCHANGE_TOKEN received, server token: e1985c94-d24b-4b6f-a304-a52348496c1d, passed token: e1985c94-d24b-4b6f-a304-a52348496c1d
Sat Feb 10 16:33:43 2024: DISPATCH_HANDLER: Adding handler from function makeHandler in library libxv_system_diagram
Sat Feb 10 16:33:43 2024: SESSION_MGR: creating session with session uuid: 'aa3a72ee-23a9-490f-8fd5-201fc5290170' and name 'v++_compile_Work'
Sat Feb 10 16:33:43 2024: KERNEL_SVC: creating session with uuid: 'aa3a72ee-23a9-490f-8fd5-201fc5290170' and name 'v++_compile_Work'
Sat Feb 10 16:33:43 2024: GUIDANCE_SMGR: creating guidance session with uuid: 'aa3a72ee-23a9-490f-8fd5-201fc5290170' and name 'v++_compile_Work'
Sat Feb 10 16:33:43 2024: SYSTEM_DIAGRAM: creating session with uuid: 'aa3a72ee-23a9-490f-8fd5-201fc5290170' and name 'v++_compile_Work'
Sat Feb 10 16:33:51 2024: Dispatch Server: Accepted socket connection from client
Sat Feb 10 16:33:51 2024: Starting Socket connection
Sat Feb 10 16:33:51 2024: SESSION_MGR: creating session with session uuid: '1c20cae3-ada0-47ff-8563-ee24ba11fc7e' and name 'AIE Compilation'
Sat Feb 10 16:33:51 2024: KERNEL_SVC: creating session with uuid: '1c20cae3-ada0-47ff-8563-ee24ba11fc7e' and name 'AIE Compilation'
Sat Feb 10 16:33:51 2024: GUIDANCE_SMGR: creating guidance session with uuid: '1c20cae3-ada0-47ff-8563-ee24ba11fc7e' and name 'AIE Compilation'
Sat Feb 10 16:33:51 2024: SYSTEM_DIAGRAM: creating session with uuid: '1c20cae3-ada0-47ff-8563-ee24ba11fc7e' and name 'AIE Compilation'
Sat Feb 10 16:33:53 2024: Dispatch Server: Accepted socket connection from client
Sat Feb 10 16:33:53 2024: Starting Socket connection
Sat Feb 10 16:34:14 2024: SESSION_MGR: closing session for UUID '1c20cae3-ada0-47ff-8563-ee24ba11fc7e' with name ''
Sat Feb 10 16:34:14 2024: KERNEL_SVC: closing session for UUID '1c20cae3-ada0-47ff-8563-ee24ba11fc7e' with name ''
Sat Feb 10 16:34:14 2024: GUIDANCE_SMGR: closing session for UUID '1c20cae3-ada0-47ff-8563-ee24ba11fc7e' with name ''
Sat Feb 10 16:34:14 2024: SYSTEM_DIAGRAM: closing session for UUID '1c20cae3-ada0-47ff-8563-ee24ba11fc7e' with name ''
Sat Feb 10 16:34:15 2024: SESSION_MGR: closing session for UUID 'aa3a72ee-23a9-490f-8fd5-201fc5290170' with name 'v++_compile_Work'
Sat Feb 10 16:34:15 2024: KERNEL_SVC: closing session for UUID 'aa3a72ee-23a9-490f-8fd5-201fc5290170' with name 'v++_compile_Work'
Sat Feb 10 16:34:15 2024: GUIDANCE_SMGR: closing session for UUID 'aa3a72ee-23a9-490f-8fd5-201fc5290170' with name 'v++_compile_Work'
Sat Feb 10 16:34:15 2024: SYSTEM_DIAGRAM: closing session for UUID 'aa3a72ee-23a9-490f-8fd5-201fc5290170' with name 'v++_compile_Work'
Sat Feb 10 16:34:15 2024: STOP_SERVER received, server token: e1985c94-d24b-4b6f-a304-a52348496c1d, passed token: e1985c94-d24b-4b6f-a304-a52348496c1d
Sat Feb 10 16:34:15 2024: Socket received request to stop server.
Sat Feb 10 16:34:15 2024: Dispatch Server: do_await_stop
Sat Feb 10 16:34:15 2024: Dispatch Server: stopping mainFifo_
Sat Feb 10 16:34:15 2024: XCD main fifo: Stopping
Sat Feb 10 16:34:15 2024: XCD main fifo: do_read error code: Operation canceled
Sat Feb 10 16:34:15 2024: XCD main fifo: bytes_transferred: 0
Sat Feb 10 16:34:15 2024: SERVER: destructor for server bound to port 41867
Sat Feb 10 16:34:15 2024: XCD main fifo: Good unlink of /tmp/xcdmaine1985c94-d24b-4b6f-a304-a52348496c1d
Sat Feb 10 16:34:15 2024: Server exiting with status 0.
Sat Feb 10 16:34:15 2024: Closing log file.
Sat Feb 10 16:36:27 2024: Running xcd server. This server was built by gradle.
Sat Feb 10 16:36:27 2024: Server was asked to start on port: '34761'
Sat Feb 10 16:36:27 2024: Server is using token UUID: '342ad300-ccba-43d0-9c60-1e6b41416923'
Sat Feb 10 16:36:27 2024: SESSION_MGR: creating session with session uuid: '6d04a3e9-ade5-4ab9-8d63-1f78fcd2ec76' and name 'default'
Sat Feb 10 16:36:27 2024: Attempting to start server on port '34761'
Sat Feb 10 16:36:27 2024: XCD main fifo: created main fifo '/tmp/xcdmain342ad300-ccba-43d0-9c60-1e6b41416923', fd read = 13
Sat Feb 10 16:36:27 2024: Running Dispatch Server
Sat Feb 10 16:36:27 2024: Version 2.2.0
Sat Feb 10 16:36:29 2024: Dispatch Server: Accepted socket connection from client
Sat Feb 10 16:36:29 2024: Starting Socket connection
Sat Feb 10 16:36:29 2024: EXCHANGE_TOKEN received, server token: 342ad300-ccba-43d0-9c60-1e6b41416923, passed token: 342ad300-ccba-43d0-9c60-1e6b41416923
Sat Feb 10 16:36:29 2024: DISPATCH_HANDLER: Adding handler from function makeHandler in library libxv_system_diagram
Sat Feb 10 16:36:29 2024: SESSION_MGR: creating session with session uuid: '21d8ef99-e164-4e25-a1e5-6d741a00d34f' and name 'v++_compile_Work'
Sat Feb 10 16:36:29 2024: KERNEL_SVC: creating session with uuid: '21d8ef99-e164-4e25-a1e5-6d741a00d34f' and name 'v++_compile_Work'
Sat Feb 10 16:36:29 2024: GUIDANCE_SMGR: creating guidance session with uuid: '21d8ef99-e164-4e25-a1e5-6d741a00d34f' and name 'v++_compile_Work'
Sat Feb 10 16:36:29 2024: SYSTEM_DIAGRAM: creating session with uuid: '21d8ef99-e164-4e25-a1e5-6d741a00d34f' and name 'v++_compile_Work'
Sat Feb 10 16:36:37 2024: Dispatch Server: Accepted socket connection from client
Sat Feb 10 16:36:37 2024: Starting Socket connection
Sat Feb 10 16:36:37 2024: SESSION_MGR: creating session with session uuid: 'feb91d63-5421-4b1d-bec6-8f578c3f14a8' and name 'AIE Compilation'
Sat Feb 10 16:36:37 2024: KERNEL_SVC: creating session with uuid: 'feb91d63-5421-4b1d-bec6-8f578c3f14a8' and name 'AIE Compilation'
Sat Feb 10 16:36:37 2024: GUIDANCE_SMGR: creating guidance session with uuid: 'feb91d63-5421-4b1d-bec6-8f578c3f14a8' and name 'AIE Compilation'
Sat Feb 10 16:36:37 2024: SYSTEM_DIAGRAM: creating session with uuid: 'feb91d63-5421-4b1d-bec6-8f578c3f14a8' and name 'AIE Compilation'
Sat Feb 10 16:36:39 2024: Dispatch Server: Accepted socket connection from client
Sat Feb 10 16:36:39 2024: Starting Socket connection
Sat Feb 10 16:36:58 2024: SESSION_MGR: closing session for UUID 'feb91d63-5421-4b1d-bec6-8f578c3f14a8' with name ''
Sat Feb 10 16:36:58 2024: KERNEL_SVC: closing session for UUID 'feb91d63-5421-4b1d-bec6-8f578c3f14a8' with name ''
Sat Feb 10 16:36:58 2024: GUIDANCE_SMGR: closing session for UUID 'feb91d63-5421-4b1d-bec6-8f578c3f14a8' with name ''
Sat Feb 10 16:36:58 2024: SYSTEM_DIAGRAM: closing session for UUID 'feb91d63-5421-4b1d-bec6-8f578c3f14a8' with name ''
Sat Feb 10 16:36:58 2024: SESSION_MGR: closing session for UUID '21d8ef99-e164-4e25-a1e5-6d741a00d34f' with name 'v++_compile_Work'
Sat Feb 10 16:36:58 2024: KERNEL_SVC: closing session for UUID '21d8ef99-e164-4e25-a1e5-6d741a00d34f' with name 'v++_compile_Work'
Sat Feb 10 16:36:58 2024: GUIDANCE_SMGR: closing session for UUID '21d8ef99-e164-4e25-a1e5-6d741a00d34f' with name 'v++_compile_Work'
Sat Feb 10 16:36:58 2024: SYSTEM_DIAGRAM: closing session for UUID '21d8ef99-e164-4e25-a1e5-6d741a00d34f' with name 'v++_compile_Work'
Sat Feb 10 16:36:58 2024: STOP_SERVER received, server token: 342ad300-ccba-43d0-9c60-1e6b41416923, passed token: 342ad300-ccba-43d0-9c60-1e6b41416923
Sat Feb 10 16:36:58 2024: Socket received request to stop server.
Sat Feb 10 16:36:58 2024: Dispatch Server: do_await_stop
Sat Feb 10 16:36:58 2024: Dispatch Server: stopping mainFifo_
Sat Feb 10 16:36:58 2024: XCD main fifo: Stopping
Sat Feb 10 16:36:58 2024: XCD main fifo: do_read error code: Operation canceled
Sat Feb 10 16:36:58 2024: XCD main fifo: bytes_transferred: 0
Sat Feb 10 16:36:58 2024: SERVER: destructor for server bound to port 34761
Sat Feb 10 16:36:58 2024: XCD main fifo: Good unlink of /tmp/xcdmain342ad300-ccba-43d0-9c60-1e6b41416923
Sat Feb 10 16:36:58 2024: Server exiting with status 0.
Sat Feb 10 16:36:58 2024: Closing log file.
Sun Feb 11 16:23:30 2024: Running xcd server. This server was built by gradle.
Sun Feb 11 16:23:30 2024: Server was asked to start on port: '39107'
Sun Feb 11 16:23:30 2024: Server is using token UUID: 'cd804fef-5dc9-4b3f-9e3e-23ee70b38b90'
Sun Feb 11 16:23:30 2024: SESSION_MGR: creating session with session uuid: '6d04a3e9-ade5-4ab9-8d63-1f78fcd2ec76' and name 'default'
Sun Feb 11 16:23:30 2024: Attempting to start server on port '39107'
Sun Feb 11 16:23:30 2024: XCD main fifo: created main fifo '/tmp/xcdmaincd804fef-5dc9-4b3f-9e3e-23ee70b38b90', fd read = 13
Sun Feb 11 16:23:30 2024: Running Dispatch Server
Sun Feb 11 16:23:30 2024: Version 2.2.0
Sun Feb 11 16:23:32 2024: Dispatch Server: Accepted socket connection from client
Sun Feb 11 16:23:32 2024: Starting Socket connection
Sun Feb 11 16:23:32 2024: EXCHANGE_TOKEN received, server token: cd804fef-5dc9-4b3f-9e3e-23ee70b38b90, passed token: cd804fef-5dc9-4b3f-9e3e-23ee70b38b90
Sun Feb 11 16:23:32 2024: DISPATCH_HANDLER: Adding handler from function makeHandler in library libxv_system_diagram
Sun Feb 11 16:23:32 2024: SESSION_MGR: creating session with session uuid: '7acd0735-ab05-421b-aa0c-31d3d7118640' and name 'v++_compile_Work'
Sun Feb 11 16:23:32 2024: KERNEL_SVC: creating session with uuid: '7acd0735-ab05-421b-aa0c-31d3d7118640' and name 'v++_compile_Work'
Sun Feb 11 16:23:32 2024: GUIDANCE_SMGR: creating guidance session with uuid: '7acd0735-ab05-421b-aa0c-31d3d7118640' and name 'v++_compile_Work'
Sun Feb 11 16:23:32 2024: SYSTEM_DIAGRAM: creating session with uuid: '7acd0735-ab05-421b-aa0c-31d3d7118640' and name 'v++_compile_Work'
Sun Feb 11 16:23:40 2024: Dispatch Server: Accepted socket connection from client
Sun Feb 11 16:23:40 2024: Starting Socket connection
Sun Feb 11 16:23:40 2024: SESSION_MGR: creating session with session uuid: '4069b370-3b69-4990-9299-9d844604447c' and name 'AIE Compilation'
Sun Feb 11 16:23:40 2024: KERNEL_SVC: creating session with uuid: '4069b370-3b69-4990-9299-9d844604447c' and name 'AIE Compilation'
Sun Feb 11 16:23:40 2024: GUIDANCE_SMGR: creating guidance session with uuid: '4069b370-3b69-4990-9299-9d844604447c' and name 'AIE Compilation'
Sun Feb 11 16:23:40 2024: SYSTEM_DIAGRAM: creating session with uuid: '4069b370-3b69-4990-9299-9d844604447c' and name 'AIE Compilation'
Sun Feb 11 16:23:41 2024: Dispatch Server: Accepted socket connection from client
Sun Feb 11 16:23:41 2024: Starting Socket connection
Sun Feb 11 16:24:00 2024: SESSION_MGR: closing session for UUID '4069b370-3b69-4990-9299-9d844604447c' with name ''
Sun Feb 11 16:24:00 2024: KERNEL_SVC: closing session for UUID '4069b370-3b69-4990-9299-9d844604447c' with name ''
Sun Feb 11 16:24:00 2024: GUIDANCE_SMGR: closing session for UUID '4069b370-3b69-4990-9299-9d844604447c' with name ''
Sun Feb 11 16:24:00 2024: SYSTEM_DIAGRAM: closing session for UUID '4069b370-3b69-4990-9299-9d844604447c' with name ''
Sun Feb 11 16:24:00 2024: SESSION_MGR: closing session for UUID '7acd0735-ab05-421b-aa0c-31d3d7118640' with name 'v++_compile_Work'
Sun Feb 11 16:24:00 2024: KERNEL_SVC: closing session for UUID '7acd0735-ab05-421b-aa0c-31d3d7118640' with name 'v++_compile_Work'
Sun Feb 11 16:24:00 2024: GUIDANCE_SMGR: closing session for UUID '7acd0735-ab05-421b-aa0c-31d3d7118640' with name 'v++_compile_Work'
Sun Feb 11 16:24:00 2024: SYSTEM_DIAGRAM: closing session for UUID '7acd0735-ab05-421b-aa0c-31d3d7118640' with name 'v++_compile_Work'
Sun Feb 11 16:24:00 2024: STOP_SERVER received, server token: cd804fef-5dc9-4b3f-9e3e-23ee70b38b90, passed token: cd804fef-5dc9-4b3f-9e3e-23ee70b38b90
Sun Feb 11 16:24:00 2024: Socket received request to stop server.
Sun Feb 11 16:24:00 2024: Dispatch Server: do_await_stop
Sun Feb 11 16:24:00 2024: Dispatch Server: stopping mainFifo_
Sun Feb 11 16:24:00 2024: XCD main fifo: Stopping
Sun Feb 11 16:24:00 2024: XCD main fifo: do_read error code: Operation canceled
Sun Feb 11 16:24:00 2024: XCD main fifo: bytes_transferred: 0
Sun Feb 11 16:24:00 2024: SERVER: destructor for server bound to port 39107
Sun Feb 11 16:24:00 2024: XCD main fifo: Good unlink of /tmp/xcdmaincd804fef-5dc9-4b3f-9e3e-23ee70b38b90
Sun Feb 11 16:24:00 2024: Server exiting with status 0.
Sun Feb 11 16:24:00 2024: Closing log file.
Sun Feb 11 16:25:31 2024: Running xcd server. This server was built by gradle.
Sun Feb 11 16:25:31 2024: Server was asked to start on port: '35553'
Sun Feb 11 16:25:31 2024: Server is using token UUID: '79cc6d37-cdd4-4918-85a6-cb41914c19bc'
Sun Feb 11 16:25:31 2024: SESSION_MGR: creating session with session uuid: '6d04a3e9-ade5-4ab9-8d63-1f78fcd2ec76' and name 'default'
Sun Feb 11 16:25:31 2024: Attempting to start server on port '35553'
Sun Feb 11 16:25:31 2024: XCD main fifo: created main fifo '/tmp/xcdmain79cc6d37-cdd4-4918-85a6-cb41914c19bc', fd read = 13
Sun Feb 11 16:25:31 2024: Running Dispatch Server
Sun Feb 11 16:25:31 2024: Version 2.2.0
Sun Feb 11 16:25:33 2024: Dispatch Server: Accepted socket connection from client
Sun Feb 11 16:25:33 2024: Starting Socket connection
Sun Feb 11 16:25:33 2024: EXCHANGE_TOKEN received, server token: 79cc6d37-cdd4-4918-85a6-cb41914c19bc, passed token: 79cc6d37-cdd4-4918-85a6-cb41914c19bc
Sun Feb 11 16:25:33 2024: DISPATCH_HANDLER: Adding handler from function makeHandler in library libxv_system_diagram
Sun Feb 11 16:25:33 2024: SESSION_MGR: creating session with session uuid: '5426ddf6-0185-4501-a784-e0ba922cedfa' and name 'v++_compile_Work'
Sun Feb 11 16:25:33 2024: KERNEL_SVC: creating session with uuid: '5426ddf6-0185-4501-a784-e0ba922cedfa' and name 'v++_compile_Work'
Sun Feb 11 16:25:33 2024: GUIDANCE_SMGR: creating guidance session with uuid: '5426ddf6-0185-4501-a784-e0ba922cedfa' and name 'v++_compile_Work'
Sun Feb 11 16:25:33 2024: SYSTEM_DIAGRAM: creating session with uuid: '5426ddf6-0185-4501-a784-e0ba922cedfa' and name 'v++_compile_Work'
Sun Feb 11 16:25:41 2024: Dispatch Server: Accepted socket connection from client
Sun Feb 11 16:25:41 2024: Starting Socket connection
Sun Feb 11 16:25:41 2024: SESSION_MGR: creating session with session uuid: 'bb88f813-00b6-4415-bf65-ef846eeab9e3' and name 'AIE Compilation'
Sun Feb 11 16:25:41 2024: KERNEL_SVC: creating session with uuid: 'bb88f813-00b6-4415-bf65-ef846eeab9e3' and name 'AIE Compilation'
Sun Feb 11 16:25:41 2024: GUIDANCE_SMGR: creating guidance session with uuid: 'bb88f813-00b6-4415-bf65-ef846eeab9e3' and name 'AIE Compilation'
Sun Feb 11 16:25:41 2024: SYSTEM_DIAGRAM: creating session with uuid: 'bb88f813-00b6-4415-bf65-ef846eeab9e3' and name 'AIE Compilation'
Sun Feb 11 16:25:43 2024: Dispatch Server: Accepted socket connection from client
Sun Feb 11 16:25:43 2024: Starting Socket connection
Sun Feb 11 16:26:01 2024: SESSION_MGR: closing session for UUID 'bb88f813-00b6-4415-bf65-ef846eeab9e3' with name ''
Sun Feb 11 16:26:01 2024: KERNEL_SVC: closing session for UUID 'bb88f813-00b6-4415-bf65-ef846eeab9e3' with name ''
Sun Feb 11 16:26:01 2024: GUIDANCE_SMGR: closing session for UUID 'bb88f813-00b6-4415-bf65-ef846eeab9e3' with name ''
Sun Feb 11 16:26:01 2024: SYSTEM_DIAGRAM: closing session for UUID 'bb88f813-00b6-4415-bf65-ef846eeab9e3' with name ''
Sun Feb 11 16:26:02 2024: SESSION_MGR: closing session for UUID '5426ddf6-0185-4501-a784-e0ba922cedfa' with name 'v++_compile_Work'
Sun Feb 11 16:26:02 2024: KERNEL_SVC: closing session for UUID '5426ddf6-0185-4501-a784-e0ba922cedfa' with name 'v++_compile_Work'
Sun Feb 11 16:26:02 2024: GUIDANCE_SMGR: closing session for UUID '5426ddf6-0185-4501-a784-e0ba922cedfa' with name 'v++_compile_Work'
Sun Feb 11 16:26:02 2024: SYSTEM_DIAGRAM: closing session for UUID '5426ddf6-0185-4501-a784-e0ba922cedfa' with name 'v++_compile_Work'
Sun Feb 11 16:26:02 2024: STOP_SERVER received, server token: 79cc6d37-cdd4-4918-85a6-cb41914c19bc, passed token: 79cc6d37-cdd4-4918-85a6-cb41914c19bc
Sun Feb 11 16:26:02 2024: Socket received request to stop server.
Sun Feb 11 16:26:02 2024: Dispatch Server: do_await_stop
Sun Feb 11 16:26:02 2024: Dispatch Server: stopping mainFifo_
Sun Feb 11 16:26:02 2024: XCD main fifo: Stopping
Sun Feb 11 16:26:02 2024: XCD main fifo: do_read error code: Operation canceled
Sun Feb 11 16:26:02 2024: XCD main fifo: bytes_transferred: 0
Sun Feb 11 16:26:02 2024: SERVER: destructor for server bound to port 35553
Sun Feb 11 16:26:02 2024: XCD main fifo: Good unlink of /tmp/xcdmain79cc6d37-cdd4-4918-85a6-cb41914c19bc
Sun Feb 11 16:26:02 2024: Server exiting with status 0.
Sun Feb 11 16:26:02 2024: Closing log file.
Mon Feb 12 16:52:21 2024: Running xcd server. This server was built by gradle.
Mon Feb 12 16:52:21 2024: Server was asked to start on port: '35767'
Mon Feb 12 16:52:21 2024: Server is using token UUID: 'd32296ee-dc03-4b8a-9c27-be43e667079f'
Mon Feb 12 16:52:21 2024: SESSION_MGR: creating session with session uuid: '6d04a3e9-ade5-4ab9-8d63-1f78fcd2ec76' and name 'default'
Mon Feb 12 16:52:21 2024: Attempting to start server on port '35767'
Mon Feb 12 16:52:21 2024: XCD main fifo: created main fifo '/tmp/xcdmaind32296ee-dc03-4b8a-9c27-be43e667079f', fd read = 13
Mon Feb 12 16:52:21 2024: Running Dispatch Server
Mon Feb 12 16:52:21 2024: Version 2.2.0
Mon Feb 12 16:52:23 2024: Dispatch Server: Accepted socket connection from client
Mon Feb 12 16:52:23 2024: Starting Socket connection
Mon Feb 12 16:52:23 2024: EXCHANGE_TOKEN received, server token: d32296ee-dc03-4b8a-9c27-be43e667079f, passed token: d32296ee-dc03-4b8a-9c27-be43e667079f
Mon Feb 12 16:52:24 2024: DISPATCH_HANDLER: Adding handler from function makeHandler in library libxv_system_diagram
Mon Feb 12 16:52:24 2024: SESSION_MGR: creating session with session uuid: 'c40ccb66-57f2-42ad-9bfd-c414403fbc10' and name 'v++_compile_Work'
Mon Feb 12 16:52:24 2024: KERNEL_SVC: creating session with uuid: 'c40ccb66-57f2-42ad-9bfd-c414403fbc10' and name 'v++_compile_Work'
Mon Feb 12 16:52:24 2024: GUIDANCE_SMGR: creating guidance session with uuid: 'c40ccb66-57f2-42ad-9bfd-c414403fbc10' and name 'v++_compile_Work'
Mon Feb 12 16:52:24 2024: SYSTEM_DIAGRAM: creating session with uuid: 'c40ccb66-57f2-42ad-9bfd-c414403fbc10' and name 'v++_compile_Work'
Mon Feb 12 16:52:33 2024: Dispatch Server: Accepted socket connection from client
Mon Feb 12 16:52:33 2024: Starting Socket connection
Mon Feb 12 16:52:33 2024: SESSION_MGR: creating session with session uuid: '8f46b570-269d-44f5-8930-e5c52859ad6f' and name 'AIE Compilation'
Mon Feb 12 16:52:33 2024: KERNEL_SVC: creating session with uuid: '8f46b570-269d-44f5-8930-e5c52859ad6f' and name 'AIE Compilation'
Mon Feb 12 16:52:33 2024: GUIDANCE_SMGR: creating guidance session with uuid: '8f46b570-269d-44f5-8930-e5c52859ad6f' and name 'AIE Compilation'
Mon Feb 12 16:52:33 2024: SYSTEM_DIAGRAM: creating session with uuid: '8f46b570-269d-44f5-8930-e5c52859ad6f' and name 'AIE Compilation'
Mon Feb 12 16:52:35 2024: Dispatch Server: Accepted socket connection from client
Mon Feb 12 16:52:35 2024: Starting Socket connection
Mon Feb 12 16:52:58 2024: SESSION_MGR: closing session for UUID '8f46b570-269d-44f5-8930-e5c52859ad6f' with name ''
Mon Feb 12 16:52:58 2024: KERNEL_SVC: closing session for UUID '8f46b570-269d-44f5-8930-e5c52859ad6f' with name ''
Mon Feb 12 16:52:58 2024: GUIDANCE_SMGR: closing session for UUID '8f46b570-269d-44f5-8930-e5c52859ad6f' with name ''
Mon Feb 12 16:52:58 2024: SYSTEM_DIAGRAM: closing session for UUID '8f46b570-269d-44f5-8930-e5c52859ad6f' with name ''
Mon Feb 12 16:52:58 2024: SESSION_MGR: closing session for UUID 'c40ccb66-57f2-42ad-9bfd-c414403fbc10' with name 'v++_compile_Work'
Mon Feb 12 16:52:58 2024: KERNEL_SVC: closing session for UUID 'c40ccb66-57f2-42ad-9bfd-c414403fbc10' with name 'v++_compile_Work'
Mon Feb 12 16:52:58 2024: GUIDANCE_SMGR: closing session for UUID 'c40ccb66-57f2-42ad-9bfd-c414403fbc10' with name 'v++_compile_Work'
Mon Feb 12 16:52:58 2024: SYSTEM_DIAGRAM: closing session for UUID 'c40ccb66-57f2-42ad-9bfd-c414403fbc10' with name 'v++_compile_Work'
Mon Feb 12 16:52:58 2024: STOP_SERVER received, server token: d32296ee-dc03-4b8a-9c27-be43e667079f, passed token: d32296ee-dc03-4b8a-9c27-be43e667079f
Mon Feb 12 16:52:58 2024: Socket received request to stop server.
Mon Feb 12 16:52:58 2024: Dispatch Server: do_await_stop
Mon Feb 12 16:52:58 2024: Dispatch Server: stopping mainFifo_
Mon Feb 12 16:52:58 2024: XCD main fifo: Stopping
Mon Feb 12 16:52:58 2024: XCD main fifo: do_read error code: Operation canceled
Mon Feb 12 16:52:58 2024: XCD main fifo: bytes_transferred: 0
Mon Feb 12 16:52:58 2024: SERVER: destructor for server bound to port 35767
Mon Feb 12 16:52:58 2024: XCD main fifo: Good unlink of /tmp/xcdmaind32296ee-dc03-4b8a-9c27-be43e667079f
Mon Feb 12 16:52:58 2024: Server exiting with status 0.
Mon Feb 12 16:52:58 2024: Closing log file.
Mon Feb 12 17:05:29 2024: Running xcd server. This server was built by gradle.
Mon Feb 12 17:05:29 2024: Server was asked to start on port: '37641'
Mon Feb 12 17:05:29 2024: Server is using token UUID: '952bc669-2550-4823-9a48-2603ef117de4'
Mon Feb 12 17:05:29 2024: SESSION_MGR: creating session with session uuid: '6d04a3e9-ade5-4ab9-8d63-1f78fcd2ec76' and name 'default'
Mon Feb 12 17:05:29 2024: Attempting to start server on port '37641'
Mon Feb 12 17:05:29 2024: XCD main fifo: created main fifo '/tmp/xcdmain952bc669-2550-4823-9a48-2603ef117de4', fd read = 13
Mon Feb 12 17:05:29 2024: Running Dispatch Server
Mon Feb 12 17:05:29 2024: Version 2.2.0
Mon Feb 12 17:05:31 2024: Dispatch Server: Accepted socket connection from client
Mon Feb 12 17:05:31 2024: Starting Socket connection
Mon Feb 12 17:05:31 2024: EXCHANGE_TOKEN received, server token: 952bc669-2550-4823-9a48-2603ef117de4, passed token: 952bc669-2550-4823-9a48-2603ef117de4
Mon Feb 12 17:05:31 2024: DISPATCH_HANDLER: Adding handler from function makeHandler in library libxv_system_diagram
Mon Feb 12 17:05:31 2024: SESSION_MGR: creating session with session uuid: 'edcf7a79-58ed-4dcb-8ef4-6718868802b3' and name 'v++_compile_Work'
Mon Feb 12 17:05:31 2024: KERNEL_SVC: creating session with uuid: 'edcf7a79-58ed-4dcb-8ef4-6718868802b3' and name 'v++_compile_Work'
Mon Feb 12 17:05:31 2024: GUIDANCE_SMGR: creating guidance session with uuid: 'edcf7a79-58ed-4dcb-8ef4-6718868802b3' and name 'v++_compile_Work'
Mon Feb 12 17:05:31 2024: SYSTEM_DIAGRAM: creating session with uuid: 'edcf7a79-58ed-4dcb-8ef4-6718868802b3' and name 'v++_compile_Work'
Mon Feb 12 17:05:40 2024: Dispatch Server: Accepted socket connection from client
Mon Feb 12 17:05:40 2024: Starting Socket connection
Mon Feb 12 17:05:40 2024: SESSION_MGR: creating session with session uuid: 'e01797d3-cebb-40a3-9a03-1af046738329' and name 'AIE Compilation'
Mon Feb 12 17:05:40 2024: KERNEL_SVC: creating session with uuid: 'e01797d3-cebb-40a3-9a03-1af046738329' and name 'AIE Compilation'
Mon Feb 12 17:05:40 2024: GUIDANCE_SMGR: creating guidance session with uuid: 'e01797d3-cebb-40a3-9a03-1af046738329' and name 'AIE Compilation'
Mon Feb 12 17:05:40 2024: SYSTEM_DIAGRAM: creating session with uuid: 'e01797d3-cebb-40a3-9a03-1af046738329' and name 'AIE Compilation'
Mon Feb 12 17:05:42 2024: Dispatch Server: Accepted socket connection from client
Mon Feb 12 17:05:42 2024: Starting Socket connection
Mon Feb 12 17:06:02 2024: SESSION_MGR: closing session for UUID 'e01797d3-cebb-40a3-9a03-1af046738329' with name ''
Mon Feb 12 17:06:02 2024: KERNEL_SVC: closing session for UUID 'e01797d3-cebb-40a3-9a03-1af046738329' with name ''
Mon Feb 12 17:06:02 2024: GUIDANCE_SMGR: closing session for UUID 'e01797d3-cebb-40a3-9a03-1af046738329' with name ''
Mon Feb 12 17:06:02 2024: SYSTEM_DIAGRAM: closing session for UUID 'e01797d3-cebb-40a3-9a03-1af046738329' with name ''
Mon Feb 12 17:06:03 2024: SESSION_MGR: closing session for UUID 'edcf7a79-58ed-4dcb-8ef4-6718868802b3' with name 'v++_compile_Work'
Mon Feb 12 17:06:03 2024: KERNEL_SVC: closing session for UUID 'edcf7a79-58ed-4dcb-8ef4-6718868802b3' with name 'v++_compile_Work'
Mon Feb 12 17:06:03 2024: GUIDANCE_SMGR: closing session for UUID 'edcf7a79-58ed-4dcb-8ef4-6718868802b3' with name 'v++_compile_Work'
Mon Feb 12 17:06:03 2024: SYSTEM_DIAGRAM: closing session for UUID 'edcf7a79-58ed-4dcb-8ef4-6718868802b3' with name 'v++_compile_Work'
Mon Feb 12 17:06:03 2024: STOP_SERVER received, server token: 952bc669-2550-4823-9a48-2603ef117de4, passed token: 952bc669-2550-4823-9a48-2603ef117de4
Mon Feb 12 17:06:03 2024: Socket received request to stop server.
Mon Feb 12 17:06:03 2024: Dispatch Server: do_await_stop
Mon Feb 12 17:06:03 2024: Dispatch Server: stopping mainFifo_
Mon Feb 12 17:06:03 2024: XCD main fifo: Stopping
Mon Feb 12 17:06:03 2024: XCD main fifo: do_read error code: Operation canceled
Mon Feb 12 17:06:03 2024: XCD main fifo: bytes_transferred: 0
Mon Feb 12 17:06:03 2024: SERVER: destructor for server bound to port 37641
Mon Feb 12 17:06:03 2024: XCD main fifo: Good unlink of /tmp/xcdmain952bc669-2550-4823-9a48-2603ef117de4
Mon Feb 12 17:06:03 2024: Server exiting with status 0.
Mon Feb 12 17:06:03 2024: Closing log file.
Mon Feb 12 17:09:57 2024: Running xcd server. This server was built by gradle.
Mon Feb 12 17:09:57 2024: Server was asked to start on port: '42319'
Mon Feb 12 17:09:57 2024: Server is using token UUID: '0976d495-facd-48cd-8d4b-65381341e83a'
Mon Feb 12 17:09:57 2024: SESSION_MGR: creating session with session uuid: '6d04a3e9-ade5-4ab9-8d63-1f78fcd2ec76' and name 'default'
Mon Feb 12 17:09:57 2024: Attempting to start server on port '42319'
Mon Feb 12 17:09:57 2024: XCD main fifo: created main fifo '/tmp/xcdmain0976d495-facd-48cd-8d4b-65381341e83a', fd read = 13
Mon Feb 12 17:09:57 2024: Running Dispatch Server
Mon Feb 12 17:09:57 2024: Version 2.2.0
Mon Feb 12 17:09:59 2024: Dispatch Server: Accepted socket connection from client
Mon Feb 12 17:09:59 2024: Starting Socket connection
Mon Feb 12 17:09:59 2024: EXCHANGE_TOKEN received, server token: 0976d495-facd-48cd-8d4b-65381341e83a, passed token: 0976d495-facd-48cd-8d4b-65381341e83a
Mon Feb 12 17:09:59 2024: DISPATCH_HANDLER: Adding handler from function makeHandler in library libxv_system_diagram
Mon Feb 12 17:09:59 2024: SESSION_MGR: creating session with session uuid: 'cc706674-30e0-49b7-b780-fcd68fbd5ec7' and name 'v++_compile_Work'
Mon Feb 12 17:09:59 2024: KERNEL_SVC: creating session with uuid: 'cc706674-30e0-49b7-b780-fcd68fbd5ec7' and name 'v++_compile_Work'
Mon Feb 12 17:09:59 2024: GUIDANCE_SMGR: creating guidance session with uuid: 'cc706674-30e0-49b7-b780-fcd68fbd5ec7' and name 'v++_compile_Work'
Mon Feb 12 17:09:59 2024: SYSTEM_DIAGRAM: creating session with uuid: 'cc706674-30e0-49b7-b780-fcd68fbd5ec7' and name 'v++_compile_Work'
Mon Feb 12 17:10:08 2024: Dispatch Server: Accepted socket connection from client
Mon Feb 12 17:10:08 2024: Starting Socket connection
Mon Feb 12 17:10:08 2024: SESSION_MGR: creating session with session uuid: '745c9907-121e-4a85-a438-0bb5d06c764c' and name 'AIE Compilation'
Mon Feb 12 17:10:08 2024: KERNEL_SVC: creating session with uuid: '745c9907-121e-4a85-a438-0bb5d06c764c' and name 'AIE Compilation'
Mon Feb 12 17:10:08 2024: GUIDANCE_SMGR: creating guidance session with uuid: '745c9907-121e-4a85-a438-0bb5d06c764c' and name 'AIE Compilation'
Mon Feb 12 17:10:08 2024: SYSTEM_DIAGRAM: creating session with uuid: '745c9907-121e-4a85-a438-0bb5d06c764c' and name 'AIE Compilation'
Mon Feb 12 17:10:10 2024: Dispatch Server: Accepted socket connection from client
Mon Feb 12 17:10:10 2024: Starting Socket connection
Mon Feb 12 17:10:31 2024: SESSION_MGR: closing session for UUID '745c9907-121e-4a85-a438-0bb5d06c764c' with name ''
Mon Feb 12 17:10:31 2024: KERNEL_SVC: closing session for UUID '745c9907-121e-4a85-a438-0bb5d06c764c' with name ''
Mon Feb 12 17:10:31 2024: GUIDANCE_SMGR: closing session for UUID '745c9907-121e-4a85-a438-0bb5d06c764c' with name ''
Mon Feb 12 17:10:31 2024: SYSTEM_DIAGRAM: closing session for UUID '745c9907-121e-4a85-a438-0bb5d06c764c' with name ''
Mon Feb 12 17:10:31 2024: SESSION_MGR: closing session for UUID 'cc706674-30e0-49b7-b780-fcd68fbd5ec7' with name 'v++_compile_Work'
Mon Feb 12 17:10:31 2024: KERNEL_SVC: closing session for UUID 'cc706674-30e0-49b7-b780-fcd68fbd5ec7' with name 'v++_compile_Work'
Mon Feb 12 17:10:31 2024: GUIDANCE_SMGR: closing session for UUID 'cc706674-30e0-49b7-b780-fcd68fbd5ec7' with name 'v++_compile_Work'
Mon Feb 12 17:10:31 2024: SYSTEM_DIAGRAM: closing session for UUID 'cc706674-30e0-49b7-b780-fcd68fbd5ec7' with name 'v++_compile_Work'
Mon Feb 12 17:10:31 2024: STOP_SERVER received, server token: 0976d495-facd-48cd-8d4b-65381341e83a, passed token: 0976d495-facd-48cd-8d4b-65381341e83a
Mon Feb 12 17:10:31 2024: Socket received request to stop server.
Mon Feb 12 17:10:31 2024: Dispatch Server: do_await_stop
Mon Feb 12 17:10:31 2024: Dispatch Server: stopping mainFifo_
Mon Feb 12 17:10:31 2024: XCD main fifo: Stopping
Mon Feb 12 17:10:31 2024: XCD main fifo: do_read error code: Operation canceled
Mon Feb 12 17:10:31 2024: XCD main fifo: bytes_transferred: 0
Mon Feb 12 17:10:31 2024: SERVER: destructor for server bound to port 42319
Mon Feb 12 17:10:31 2024: XCD main fifo: Good unlink of /tmp/xcdmain0976d495-facd-48cd-8d4b-65381341e83a
Mon Feb 12 17:10:31 2024: Server exiting with status 0.
Mon Feb 12 17:10:31 2024: Closing log file.
Mon Feb 12 17:21:49 2024: Running xcd server. This server was built by gradle.
Mon Feb 12 17:21:49 2024: Server was asked to start on port: '33067'
Mon Feb 12 17:21:49 2024: Server is using token UUID: 'dbf65d93-cf5f-4d70-8087-8b80afa99c01'
Mon Feb 12 17:21:49 2024: SESSION_MGR: creating session with session uuid: '6d04a3e9-ade5-4ab9-8d63-1f78fcd2ec76' and name 'default'
Mon Feb 12 17:21:49 2024: Attempting to start server on port '33067'
Mon Feb 12 17:21:49 2024: XCD main fifo: created main fifo '/tmp/xcdmaindbf65d93-cf5f-4d70-8087-8b80afa99c01', fd read = 13
Mon Feb 12 17:21:49 2024: Running Dispatch Server
Mon Feb 12 17:21:49 2024: Version 2.2.0
Mon Feb 12 17:21:51 2024: Dispatch Server: Accepted socket connection from client
Mon Feb 12 17:21:51 2024: Starting Socket connection
Mon Feb 12 17:21:51 2024: EXCHANGE_TOKEN received, server token: dbf65d93-cf5f-4d70-8087-8b80afa99c01, passed token: dbf65d93-cf5f-4d70-8087-8b80afa99c01
Mon Feb 12 17:21:51 2024: DISPATCH_HANDLER: Adding handler from function makeHandler in library libxv_system_diagram
Mon Feb 12 17:21:51 2024: SESSION_MGR: creating session with session uuid: 'e8e7ad5e-0e87-496d-9691-72c8a347e6b8' and name 'v++_compile_Work'
Mon Feb 12 17:21:51 2024: KERNEL_SVC: creating session with uuid: 'e8e7ad5e-0e87-496d-9691-72c8a347e6b8' and name 'v++_compile_Work'
Mon Feb 12 17:21:51 2024: GUIDANCE_SMGR: creating guidance session with uuid: 'e8e7ad5e-0e87-496d-9691-72c8a347e6b8' and name 'v++_compile_Work'
Mon Feb 12 17:21:51 2024: SYSTEM_DIAGRAM: creating session with uuid: 'e8e7ad5e-0e87-496d-9691-72c8a347e6b8' and name 'v++_compile_Work'
Mon Feb 12 17:22:00 2024: Dispatch Server: Accepted socket connection from client
Mon Feb 12 17:22:00 2024: Starting Socket connection
Mon Feb 12 17:22:00 2024: SESSION_MGR: creating session with session uuid: '287b48fa-cf81-4f3b-938a-859b2544653e' and name 'AIE Compilation'
Mon Feb 12 17:22:00 2024: KERNEL_SVC: creating session with uuid: '287b48fa-cf81-4f3b-938a-859b2544653e' and name 'AIE Compilation'
Mon Feb 12 17:22:00 2024: GUIDANCE_SMGR: creating guidance session with uuid: '287b48fa-cf81-4f3b-938a-859b2544653e' and name 'AIE Compilation'
Mon Feb 12 17:22:00 2024: SYSTEM_DIAGRAM: creating session with uuid: '287b48fa-cf81-4f3b-938a-859b2544653e' and name 'AIE Compilation'
Mon Feb 12 17:22:02 2024: Dispatch Server: Accepted socket connection from client
Mon Feb 12 17:22:02 2024: Starting Socket connection
Mon Feb 12 17:22:22 2024: SESSION_MGR: closing session for UUID '287b48fa-cf81-4f3b-938a-859b2544653e' with name ''
Mon Feb 12 17:22:22 2024: KERNEL_SVC: closing session for UUID '287b48fa-cf81-4f3b-938a-859b2544653e' with name ''
Mon Feb 12 17:22:22 2024: GUIDANCE_SMGR: closing session for UUID '287b48fa-cf81-4f3b-938a-859b2544653e' with name ''
Mon Feb 12 17:22:22 2024: SYSTEM_DIAGRAM: closing session for UUID '287b48fa-cf81-4f3b-938a-859b2544653e' with name ''
Mon Feb 12 17:22:23 2024: SESSION_MGR: closing session for UUID 'e8e7ad5e-0e87-496d-9691-72c8a347e6b8' with name 'v++_compile_Work'
Mon Feb 12 17:22:23 2024: KERNEL_SVC: closing session for UUID 'e8e7ad5e-0e87-496d-9691-72c8a347e6b8' with name 'v++_compile_Work'
Mon Feb 12 17:22:23 2024: GUIDANCE_SMGR: closing session for UUID 'e8e7ad5e-0e87-496d-9691-72c8a347e6b8' with name 'v++_compile_Work'
Mon Feb 12 17:22:23 2024: SYSTEM_DIAGRAM: closing session for UUID 'e8e7ad5e-0e87-496d-9691-72c8a347e6b8' with name 'v++_compile_Work'
Mon Feb 12 17:22:23 2024: STOP_SERVER received, server token: dbf65d93-cf5f-4d70-8087-8b80afa99c01, passed token: dbf65d93-cf5f-4d70-8087-8b80afa99c01
Mon Feb 12 17:22:23 2024: Socket received request to stop server.
Mon Feb 12 17:22:23 2024: Dispatch Server: do_await_stop
Mon Feb 12 17:22:23 2024: Dispatch Server: stopping mainFifo_
Mon Feb 12 17:22:23 2024: XCD main fifo: Stopping
Mon Feb 12 17:22:23 2024: XCD main fifo: do_read error code: Operation canceled
Mon Feb 12 17:22:23 2024: XCD main fifo: bytes_transferred: 0
Mon Feb 12 17:22:23 2024: SERVER: destructor for server bound to port 33067
Mon Feb 12 17:22:23 2024: XCD main fifo: Good unlink of /tmp/xcdmaindbf65d93-cf5f-4d70-8087-8b80afa99c01
Mon Feb 12 17:22:23 2024: Server exiting with status 0.
Mon Feb 12 17:22:23 2024: Closing log file.
Mon Feb 12 17:24:00 2024: Running xcd server. This server was built by gradle.
Mon Feb 12 17:24:00 2024: Server was asked to start on port: '39015'
Mon Feb 12 17:24:00 2024: Server is using token UUID: '8cc1feda-ce9c-43f0-83f1-ed02f2a59e05'
Mon Feb 12 17:24:00 2024: SESSION_MGR: creating session with session uuid: '6d04a3e9-ade5-4ab9-8d63-1f78fcd2ec76' and name 'default'
Mon Feb 12 17:24:00 2024: Attempting to start server on port '39015'
Mon Feb 12 17:24:00 2024: XCD main fifo: created main fifo '/tmp/xcdmain8cc1feda-ce9c-43f0-83f1-ed02f2a59e05', fd read = 13
Mon Feb 12 17:24:00 2024: Running Dispatch Server
Mon Feb 12 17:24:00 2024: Version 2.2.0
Mon Feb 12 17:24:02 2024: Dispatch Server: Accepted socket connection from client
Mon Feb 12 17:24:02 2024: Starting Socket connection
Mon Feb 12 17:24:02 2024: EXCHANGE_TOKEN received, server token: 8cc1feda-ce9c-43f0-83f1-ed02f2a59e05, passed token: 8cc1feda-ce9c-43f0-83f1-ed02f2a59e05
Mon Feb 12 17:24:02 2024: DISPATCH_HANDLER: Adding handler from function makeHandler in library libxv_system_diagram
Mon Feb 12 17:24:02 2024: SESSION_MGR: creating session with session uuid: 'd5747666-e506-4bc6-b7e7-16c3d282f672' and name 'v++_compile_Work'
Mon Feb 12 17:24:02 2024: KERNEL_SVC: creating session with uuid: 'd5747666-e506-4bc6-b7e7-16c3d282f672' and name 'v++_compile_Work'
Mon Feb 12 17:24:02 2024: GUIDANCE_SMGR: creating guidance session with uuid: 'd5747666-e506-4bc6-b7e7-16c3d282f672' and name 'v++_compile_Work'
Mon Feb 12 17:24:02 2024: SYSTEM_DIAGRAM: creating session with uuid: 'd5747666-e506-4bc6-b7e7-16c3d282f672' and name 'v++_compile_Work'
Mon Feb 12 17:24:11 2024: Dispatch Server: Accepted socket connection from client
Mon Feb 12 17:24:11 2024: Starting Socket connection
Mon Feb 12 17:24:11 2024: SESSION_MGR: creating session with session uuid: 'b2ac8ef1-6ddd-4275-a876-d7afaca864b9' and name 'AIE Compilation'
Mon Feb 12 17:24:11 2024: KERNEL_SVC: creating session with uuid: 'b2ac8ef1-6ddd-4275-a876-d7afaca864b9' and name 'AIE Compilation'
Mon Feb 12 17:24:11 2024: GUIDANCE_SMGR: creating guidance session with uuid: 'b2ac8ef1-6ddd-4275-a876-d7afaca864b9' and name 'AIE Compilation'
Mon Feb 12 17:24:11 2024: SYSTEM_DIAGRAM: creating session with uuid: 'b2ac8ef1-6ddd-4275-a876-d7afaca864b9' and name 'AIE Compilation'
Mon Feb 12 17:24:13 2024: Dispatch Server: Accepted socket connection from client
Mon Feb 12 17:24:13 2024: Starting Socket connection
Mon Feb 12 17:24:32 2024: SESSION_MGR: closing session for UUID 'b2ac8ef1-6ddd-4275-a876-d7afaca864b9' with name ''
Mon Feb 12 17:24:32 2024: KERNEL_SVC: closing session for UUID 'b2ac8ef1-6ddd-4275-a876-d7afaca864b9' with name ''
Mon Feb 12 17:24:32 2024: GUIDANCE_SMGR: closing session for UUID 'b2ac8ef1-6ddd-4275-a876-d7afaca864b9' with name ''
Mon Feb 12 17:24:32 2024: SYSTEM_DIAGRAM: closing session for UUID 'b2ac8ef1-6ddd-4275-a876-d7afaca864b9' with name ''
Mon Feb 12 17:24:33 2024: SESSION_MGR: closing session for UUID 'd5747666-e506-4bc6-b7e7-16c3d282f672' with name 'v++_compile_Work'
Mon Feb 12 17:24:33 2024: KERNEL_SVC: closing session for UUID 'd5747666-e506-4bc6-b7e7-16c3d282f672' with name 'v++_compile_Work'
Mon Feb 12 17:24:33 2024: GUIDANCE_SMGR: closing session for UUID 'd5747666-e506-4bc6-b7e7-16c3d282f672' with name 'v++_compile_Work'
Mon Feb 12 17:24:33 2024: SYSTEM_DIAGRAM: closing session for UUID 'd5747666-e506-4bc6-b7e7-16c3d282f672' with name 'v++_compile_Work'
Mon Feb 12 17:24:33 2024: STOP_SERVER received, server token: 8cc1feda-ce9c-43f0-83f1-ed02f2a59e05, passed token: 8cc1feda-ce9c-43f0-83f1-ed02f2a59e05
Mon Feb 12 17:24:33 2024: Socket received request to stop server.
Mon Feb 12 17:24:33 2024: Dispatch Server: do_await_stop
Mon Feb 12 17:24:33 2024: Dispatch Server: stopping mainFifo_
Mon Feb 12 17:24:33 2024: XCD main fifo: Stopping
Mon Feb 12 17:24:33 2024: XCD main fifo: do_read error code: Operation canceled
Mon Feb 12 17:24:33 2024: XCD main fifo: bytes_transferred: 0
Mon Feb 12 17:24:33 2024: SERVER: destructor for server bound to port 39015
Mon Feb 12 17:24:33 2024: XCD main fifo: Good unlink of /tmp/xcdmain8cc1feda-ce9c-43f0-83f1-ed02f2a59e05
Mon Feb 12 17:24:33 2024: Server exiting with status 0.
Mon Feb 12 17:24:33 2024: Closing log file.
