
// File generated by darts version U-2022.12#3eec2545bc#230622, Mon Feb 12 17:10:09 2024
// Copyright 2014-2022 Synopsys, Inc. All rights reserved.
// darts -I/tools/Xilinx/Vitis/2023.2/aietools/data/versal_prod/lib -d -h -I/tools/Xilinx/Vitis/2023.2/aietools/include -I/home/yzwu/Desktop/matrix_vec/matrix_vec -I/home/yzwu/Desktop/matrix_vec/matrix_vec/build/hw/. -I/home/yzwu/Desktop/matrix_vec/matrix_vec/build/hw/./src/kernels -I/home/yzwu/Desktop/matrix_vec/matrix_vec/build/hw/home/yzwu/Desktop/matrix_vec/matrix_vec -I/home/yzwu/Desktop/matrix_vec/matrix_vec/build/hw/home/yzwu/Desktop/matrix_vec/matrix_vec/src -I/home/yzwu/Desktop/matrix_vec/matrix_vec/src -I/tools/Xilinx/Vitis/2023.2/aietools/data/versal_prod/lib/runtime_cxx/libcxx-lite/include -I/tools/Xilinx/Vitis/2023.2/aietools/data/versal_prod/lib/runtime_cxx/libs/libcxx-9.0.0/include-lite -I/tools/Xilinx/Vitis/2023.2/aietools/data/versal_prod/lib/runtime/include -D__AIENGINE__ -D__AIE_ARCH__=10 -DDEPLOYMENT_ELF=1 -D__LOCK_FENCE_MODE__=0 -DAIE_OPTION_SCALAR_FLOAT_ON_VECTOR -D__tct_tgt__=230622 -L +Ihex +nanno -nb +u ../Release/24_0 me

// Release: ipp U-2022.12-TGT-230622

.text_segment PM      0
.entry_point
.label __AIE_ARCH_MODEL_VERSION__10022400__inlined__1__me_basic___main_init_
.label _main_init
.function_start
           0     NOP;                                                                                                MOV.u20 sp, #229408
           4     NOP;                                                                  MOV.s12 r12, #0
           8     MOV mc0, r12
          10     MOV mc1, r12
          12     NOP;                MOV.s9 r12, #0;     NOP;                                                        MOV.u20 r10, #0;              NOP
          24                                             NOP;                                                        MOV.u20 r13, #0;              NOP
          32     MOV md0, r12
          34     NOP;                                                                  EQ r12, r10, r13;             MOV md1, r12
          42                                             NOP;                                                        BNEZ r12,#160;                NOP
.delay_slot
.swstall delay_slot
          50     NOP
.delay_slot
.swstall delay_slot
          52     NOP
.delay_slot
.swstall delay_slot
          54     NOP
.delay_slot
.swstall delay_slot
          56     NOP
.delay_slot
.swstall delay_slot
          58     NOP
          60                                             NOP;                                                        MOV.u20 p6, #1048572;         NOP
          68     NOP;                                                                                                MOV p7, p0
          72     NOP;                                                                  NOP;                          MOV r11, r6
.label TGT_F_main_init_80
.loop_nesting 1
          80     LDA cb0, [p6], #-4;                                                   NOP;                          MOV r4, p6
          88     NOP
          90     NOP
          92     NOP
          94     NOP
          96     NOP
          98     NOP
         100     NOP
.no_stack_arguments
         102     JAL cb0
.delay_slot
.swstall delay_slot
         104     NOP
.delay_slot
.swstall delay_slot
         106     NOP
.delay_slot
.swstall delay_slot
         108     NOP
.delay_slot
.swstall delay_slot
         110     NOP
.delay_slot
.swstall delay_slot
         112     NOP;                NOP;                NOP;                          NOP;                          NOP;                          NOP;                                    NOP
.return_address
         128     NOP;                                                                  NE r12, r4, r10
         132                                             NOP;                                                        BNEZ r12,#80;                 NOP
.delay_slot
.swstall delay_slot
         140     NOP
.delay_slot
.swstall delay_slot
         142     NOP
.delay_slot
.swstall delay_slot
         144     NOP
.delay_slot
.swstall delay_slot
         146     NOP
.delay_slot
.swstall delay_slot
         148     NOP
.loop_nesting 0
         150     MOV p0, p7
         152     NOP;                                                                  NOP;                          MOV r6, r11
.label TGT_F_main_init_160
.no_stack_arguments
         160                                             NOP;                                                        JAL #288;                     NOP
.delay_slot
.swstall delay_slot
         168     NOP
.delay_slot
.swstall delay_slot
         170     NOP
.delay_slot
.swstall delay_slot
         172     NOP
.delay_slot
.swstall delay_slot
         174     NOP
.delay_slot
.swstall delay_slot
         176     NOP;                NOP;                NOP;                          NOP;                          NOP;                          NOP;                                    NOP
.return_address
.no_stack_arguments
         192                                             NOP;                                                        JAL #1120;                    NOP
.delay_slot
         200                                             NOP;                                                        MOV.u20 p0, #0;               NOP
.delay_slot
.swstall delay_slot
         208     NOP
.delay_slot
.swstall delay_slot
         210     NOP
.delay_slot
.swstall delay_slot
         212     NOP;                                                                  NOP
.delay_slot
.swstall delay_slot
         216     NOP;                                    NOP;                          NOP
.return_address
.swstall chess_separator_scheduler
         224     NOP
.swstall chess_separator_scheduler
         226     NOP
.swstall chess_separator_scheduler
         228     NOP
.swstall chess_separator_scheduler
         230     NOP
.swstall chess_separator_scheduler
         232     NOP
.swstall chess_separator_scheduler
         234     NOP
.swstall chess_separator_scheduler
         236     NOP
.swstall chess_separator_scheduler
         238     NOP
         240     NOP;                                                                  EVENT #2
.swstall chess_separator_scheduler
         244     NOP
.swstall chess_separator_scheduler
         246     NOP
.swstall chess_separator_scheduler
         248     NOP
.swstall chess_separator_scheduler
         250     NOP
.swstall chess_separator_scheduler
         252     NOP
.swstall for_chess_exit
.exit
         254     NOP
.label TGT_F_main_init_256
.loop_nesting 1
         256                                             NOP;                                                        J #256;                       NOP
.delay_slot
.swstall delay_slot
         264     NOP
.delay_slot
.swstall delay_slot
         266     NOP
.delay_slot
.swstall delay_slot
         268     NOP
.delay_slot
.swstall delay_slot
         270     NOP
.delay_slot
.swstall delay_slot
         272     NOP
.label _main_init__end

.text_segment PM    288
.label _main___func_begin0
.label _main
.function_start
         288     NOP;                MOV.s9 r9, #0;                                    MOV.s12 m0, #32;              MOV.u20 p4, #229376;          NOP
         300     PADDA [sp], m0;     MOV.s9 r12, #1;     NOP;                          MOV.s12 m2, #-4;              MOV r13, lr
         312     NOP;                                                                  MOV.s12 m0, #-8
         316                                             ST r9, [p4], #4;              MOV.s12 m1, #-12;             MOV r8, sp
         324     NOP;                                                                                                MOV p2, r8
.noswbrkpt
         328     PADDA [p2], m1;                                                       NOP;                          MOV p0, p2
.nohwbrkpt
.noswbrkpt
         336     PADDA [p0], m2;                                                       NOP;                          MOV p1, p2
         344     PADDA [p1], m0;                         ST r9, [p2];                  NOP
         352     NOP;                                    ST r9, [p0]
         356     NOP;                NOP;                ST r12, [p1];                 NOP;                          NOP
.label TGT_F_main_80
.loop_nesting 1
         368     LDA r14, [p4], #-4;                     NOP;                          NOP
         376     NOP
         378     NOP
         380     NOP
         382     NOP
         384     NOP
         386     NOP
         388     NOP
         390                                             NOP;                                                        BEQZ r14,#480;                NOP
.delay_slot
.swstall delay_slot
         398     NOP
.delay_slot
.swstall delay_slot
         400     NOP
.delay_slot
.swstall delay_slot
         402     NOP
.delay_slot
.swstall delay_slot
         404     NOP;                                                                  NOP
.delay_slot
.swstall delay_slot
         408     NOP;                                    NOP;                          NOP
.label TGT_F_main_128
.loop_nesting 2
.no_stack_arguments
         416                                             NOP;                                                        JAL #608;                     NOP
.delay_slot
.swstall delay_slot
         424     NOP
.delay_slot
.swstall delay_slot
         426     NOP
.delay_slot
.swstall delay_slot
         428     NOP
.delay_slot
.swstall delay_slot
         430     NOP
.delay_slot
.swstall delay_slot
         432     NOP;                NOP;                NOP;                          NOP;                          NOP;                          NOP;                                    NOP
.return_address
         448     NOP;                                                                  LT r12, r9, r14
         452     NOP;                                                                  SUB r14, r14, r12
         456                                             NOP;                                                        BNEZ r14,#416;                NOP
.delay_slot
.swstall delay_slot
         464     NOP
.delay_slot
.swstall delay_slot
         466     NOP
.delay_slot
.swstall delay_slot
         468     NOP
.delay_slot
.swstall delay_slot
         470     NOP
.delay_slot
.swstall delay_slot
         472     NOP;                                    NOP;                          NOP
.label TGT_F_main_192
.loop_nesting 1
.swstall chess_separator_scheduler
         480     NOP
.swstall chess_separator_scheduler
         482     NOP
.swstall chess_separator_scheduler
         484     NOP
.swstall chess_separator_scheduler
         486     NOP
.swstall chess_separator_scheduler
         488     NOP
.swstall chess_separator_scheduler
         490     NOP
.swstall chess_separator_scheduler
         492     NOP
.swstall chess_separator_scheduler
         494     NOP
         496     NOP;                                                                  EVENT #2
.swstall chess_separator_scheduler
         500     NOP
.swstall chess_separator_scheduler
         502     NOP
.swstall chess_separator_scheduler
         504     NOP
.swstall chess_separator_scheduler
         506     NOP
.swstall chess_separator_scheduler
         508     NOP
         510     LDA r12, [p4], #4;                      NOP;                          NOP
         518     NOP
         520     NOP
         522     NOP
         524     NOP
         526     NOP
         528     NOP
         530     NOP
         532     NOP;                                                                  GE r12, r9, r12
         536                                             NOP;                                                        BNEZ r12,#368;                NOP
.delay_slot
.swstall delay_slot
         544     NOP
.delay_slot
.swstall delay_slot
         546     NOP
.delay_slot
.swstall delay_slot
         548     NOP
.delay_slot
.swstall delay_slot
         550     NOP
.delay_slot
.swstall delay_slot
         552     NOP
.loop_nesting 0
         554     MOV.s10 r0, #0;                                                       MOV.s12 m0, #-32;             MOV lr, r13
         562     PADDA [sp], m0;                         NOP;                          NOP
         570     NOP
         572     NOP
         574     NOP
         576     NOP
         578     NOP
         580     NOP
.end_of_main
         582     RET lr
.delay_slot
.swstall delay_slot
         584     NOP
.delay_slot
.swstall delay_slot
         586     NOP
.delay_slot
.swstall delay_slot
         588     NOP
.delay_slot
.swstall delay_slot
         590     NOP
.delay_slot
.swstall delay_slot
         592     NOP
.label _main__end
.label _main___func_end0

.text_segment PM    608
.label __Z9matrix256P12input_streamIiES1_P13output_streamIiE___func_begin0
.label _Z9matrix256P12input_streamIiES1_P13output_streamIiE
.function_start
         608     MOV.s10 lc, #31;    MOV.s9 r1, #0;                                    MOV.s12 r0, #1;               MOV.u20 p3, #230432;          NOP
         620                                                                           ADD.NRM s0, r0, #0;           MOV.u20 ch0, #0;              NOP
         628                                             NOP;                                                        MOV.u20 cl0, #274960;         NOP
         636     LDA r2, [p1];       LDB r3, [p0];       NOP;                                                        MOV.u20 cl1, #0;              NOP
         648     VLDA wd0, [p3];                                                       NOP;                          MOV ch1, ch0
         656                                             NOP;                                                        MOVT.s12 cl0, #1893;          NOP
         664                                             NOP;                                                        MOVT.s12 cl1, #1;             NOP
         672     MOV r8, s0
         674                                             NOP;                                                        MOV.u20 ls, #752;             NOP
         682                                             NOP;                                                        MOV.u20 le, #800;             NOP
         690     VMOV.80.UPSS bm0, wd0, s0
         692     NOP;                                                                                                MOV md0[8], r3[0]
         696                                                                           NOP;                          MOV md0[9], r2[0];            VMOV1 vrl0, WSS.md0[ 8]
         704     MOV s1, r8
         706     NOP
         708     NOP
         710     NOP;                                                                                                VMOV0 vrh0, WSS.md0[ 8]
         714     NOP
         716     NOP
         718     NOP
         720     NOP;                                                                                                VMOV0 vcl0, WSS.md0[ 9]
         724     NOP
         726     NOP
         728     NOP
         730     NOP;                                                                                                VMOV0 vch0, WSS.md0[ 9]
         734     NOP
         736     NOP;                                    NOP;                                                                                                                              VMAC.80 bm0, ya.s32, r1, c0, r1, wc0.s32, #0, c0, c1
         744     NOP;                                    NOP;                          NOP
.label ZLS_F_Z9matrix256P12input_streamIiES1_P13output_streamIiE_144
.loop_nesting 1
.begin_of_loop
         752     NOP;                                                                                                VMOV0 vrl0, WSS.md0[ 8]
         756     NOP
         758     NOP
         760     NOP
         762     NOP;                                                                                                VMOV0 vrh0, WSS.md0[ 8]
         766     NOP
         768     NOP
         770     NOP
         772     NOP;                                                                                                VMOV0 vcl0, WSS.md0[ 9]
         776     NOP
         778     NOP
         780     NOP
         782     NOP;                                                                                                VMOV0 vch0, WSS.md0[ 9]
         786     NOP
         788     NOP;                                    NOP;                          NOP;                                                        NOP;                                    VMAC.80 bm0, ya.s32, r1, c0, r1, wc0.s32, #0, c0, c1
.label ZLE_F_Z9matrix256P12input_streamIiES1_P13output_streamIiE_192
.end_of_loop
         800     NOP;                NOP;                NOP;                          NOP;                          NOP;                          NOP;                                    NOP
.loop_nesting 0
         816     LDA r5, [p2];       MOV.s9 r6, #2;                                    MOV.s12 r7, #4;               MOV.u20 cl2, #49152;          NOP
         828                                             NOP;                                                        MOV.u20 ch2, #65536;          NOP
         836                                             NOP;                                                        MOVT.s12 cl2, #1;             NOP
         844     NOP
         846     NOP;                                    VMOVS.80.SRSS wr2, bm0, s1
         850     NOP
         852     NOP
         854     NOP;                                                                                                VMOV wr0, wr2
         858     NOP;                                                                                                                                                                      VCMP xd, r7, ya.s32, r1, c0, r7, c0, c2
         862     NOP
         864     NOP;                                                                  RET lr;                                                                                             VCMP xd, r6, yd.s32, r1, c0, r6, c0, c2
.delay_slot
.swstall delay_slot
         872     NOP
.delay_slot
         874     NOP;                                                                                                                                                                      VCMP xd, r0, yd.s32, r1, c0, r0, c0, c2
.delay_slot
.swstall delay_slot
         878     NOP
.delay_slot
         880                                             NOP;                                                        MOV md0[10], r5[0];           VEXT.32 r12, vdl0[0]
.delay_slot
         888     NOP;                                    NOP;                                                                                      MOV1 MS.md0[10], r12, #0
.label _Z9matrix256P12input_streamIiES1_P13output_streamIiE__end
.label __Z9matrix256P12input_streamIiES1_P13output_streamIiE___func_end0
.label _fini
.function_start
         896     NOP;                                                                  MOV.s12 m0, #32;              MOV r0, r4
         904     PADDA [sp], m0;     NOP;                NOP;                                                        MOV.u20 r4, #0;               NOP
         916                                             NOP;                                                        MOV.u20 r12, #0;              NOP
         924     NOP;                                                                  EQ r12, r4, r12
         928                                             NOP;                                                        BNEZ r12,#1056;               NOP
.delay_slot
.swstall delay_slot
         936     NOP;                                                                  NOP
.delay_slot
         940                                             NOP;                                                        ST.SPIL r11, [sp, #-4];       NOP
.delay_slot
         948                                             NOP;                                                        ST.SPIL lr, [sp, #-16];       NOP
.delay_slot
         956                                             ST r0, [sp, #-12];            NOP;                          MOV p0, p7
.delay_slot
         964     NOP;                NOP;                ST p0, [sp, #-8];                                           MOV.u20 p7, #0;               NOP
.label TGT_F_fini_80
.loop_nesting 1
         976     LDA cb0, [p7], #4;                      NOP;                          NOP
         984     NOP
         986     NOP
         988     NOP
         990     NOP
         992     NOP
         994     NOP
         996     NOP
.no_stack_arguments
         998     JAL cb0
.delay_slot
        1000     MOV r11, p7
.delay_slot
.swstall delay_slot
        1002     NOP
.delay_slot
.swstall delay_slot
        1004     NOP
.delay_slot
.swstall delay_slot
        1006     NOP
.delay_slot
.swstall delay_slot
        1008     NOP;                NOP;                NOP;                          NOP;                          NOP;                          NOP;                                    NOP
.return_address
        1024     NOP;                                                                  NE r12, r4, r11
        1028                                             NOP;                                                        BNEZ r12,#976;                NOP
.delay_slot
.swstall delay_slot
        1036     NOP
.delay_slot
.swstall delay_slot
        1038     NOP
.delay_slot
.swstall delay_slot
        1040     NOP
.delay_slot
.swstall delay_slot
        1042     NOP
.delay_slot
.swstall delay_slot
        1044     NOP;                NOP;                NOP;                          NOP;                          NOP
.label TGT_F_fini_160
.loop_nesting 0
        1056     NOP;                LDB lr, [sp, #-16]
        1060                                             NOP;                                                        LDA.SPIL r4, [sp, #-12];      NOP
        1068                                             NOP;                                                        LDA.SPIL r11, [sp, #-4];      NOP
        1076                                             NOP;                                                        LDA.SPIL p7, [sp, #-8];       NOP
        1084     NOP
        1086     NOP
        1088     NOP
        1090     NOP
        1092     RET lr
.delay_slot
.swstall delay_slot
        1094     NOP
.delay_slot
.swstall delay_slot
        1096     NOP
.delay_slot
        1098     NOP;                                                                  MOV.s12 m0, #-32
.delay_slot
        1102     PADDA [sp], m0;                         NOP;                          NOP
.delay_slot
.swstall delay_slot
        1110     NOP
.label _fini__end

.text_segment PM   1120
.label __cxa_finalize
.function_start
        1120     NOP;                MOV.s9 r8, #-3;                                   MOV.s12 r12, #8;              MOV.u20 p0, #230496;          NOP
        1132                                             NOP;                                                        MOV.u20 p6, #230464;          NOP
        1140     MOV r10, lr
        1142     LDA r9, [p0];                           NOP;                          NOP
        1150     NOP;                                    ST r12, [p0]
        1154     NOP
        1156     NOP
        1158     NOP
        1160     NOP
        1162     NOP
        1164     NOP
        1166     NOP;                                                                  ADD r9, r9, #-8
        1170     NOP;                                                                  ASHL r11, r9, r8;             MOV m0, r9
        1178     NOP;                                    PADDS [p6], m0
        1182     NOP
.label TGT_F__cxa_finalize_64
.loop_nesting 1
        1184     LDA cb0, [p6], #4;                      NOP;                          NOP
        1192     LDA p0, [p6], #-12;                     NOP;                          NOP
        1200     NOP
        1202     NOP
        1204     NOP
        1206     NOP
        1208     NOP
        1210     NOP
.no_stack_arguments
        1212     JAL cb0
.delay_slot
.swstall delay_slot
        1214     NOP
.delay_slot
.swstall delay_slot
        1216     NOP
.delay_slot
.swstall delay_slot
        1218     NOP
.delay_slot
        1220     NOP;                                                                                                MOV r4, r0
.delay_slot
.swstall delay_slot
        1224     NOP;                                    NOP;                          NOP
.return_address
        1232                                             NOP;                                                        MOV.u20 cb0, #1184;           NOP
        1240     NOP;                                                                  BDEC r11, r11, cb0
.delay_slot
        1244     MOV r0, r4
.delay_slot
.swstall delay_slot
        1246     NOP
.delay_slot
.swstall delay_slot
        1248     NOP
.delay_slot
.swstall delay_slot
        1250     NOP
.delay_slot
.swstall delay_slot
        1252     NOP
.loop_nesting 0
        1254     MOV lr, r10
        1256     RET lr
.delay_slot
.swstall delay_slot
        1258     NOP
.delay_slot
.swstall delay_slot
        1260     NOP
.delay_slot
.swstall delay_slot
        1262     NOP
.delay_slot
.swstall delay_slot
        1264     NOP
.delay_slot
.swstall delay_slot
        1266     NOP
.label __cxa_finalize__end

.data_segment DMb 229376
.label _ZL11sync_buffer
	0x0
	0x0
	0x0
	0x0
	0xff
	0xff
	0xff
	0xff
	0x0
	0x0
	0x0
	0x0
	0x0
	0x0
	0x0
	0x0
	0x0
	0x0
	0x0
	0x0
	0x0
	0x0
	0x0
	0x0
	0x0
	0x0
	0x0
	0x0
	0x0
	0x0
	0x0
	0x0

.robss_segment DMb 230432	    32

.data_segment DMb 230464
.label _ZL7atexits
	0x80
	0x3
	0x0
	0x0
	0x0
	0x0
	0x0
	0x0
	0x0
	0x0
	0x0
	0x0
	0x0
	0x0
	0x0
	0x0
	0x0
	0x0
	0x0
	0x0
	0x0
	0x0
	0x0
	0x0
	0x0
	0x0
	0x0
	0x0
	0x0
	0x0
	0x0
	0x0
.label _ZL10atexit_cnt
	0x8
	0x0
	0x0
	0x0

.stack DM_stack 229408 230432
