INFO: [v++ 60-1548] Creating build summary session with primary output /home/yzwu/Desktop/soc_test/aie_component/build/x86sim/Work/Work.aiecompiler_summary, at Fri Feb  9 17:36:50 2024
INFO: [v++ 82-10520] No user clocking directives found, hence PL frequency is being inferred from the platform. 312.500000 will be used as PL frequency
INFO: [v++ 82-31] Launching aiecompiler: aiecompiler --config /home/yzwu/Desktop/soc_test/aie_component/build/x86sim/Work/aie_x86sim.cfg
                                           AI Engine Compiler
                                     Version 2023.2 (linux64-bit)
                                     SW Build 4023990 on 2023-10-12-17:44:32
                          Copyright 1986-2022 Xilinx, Inc. All Rights Reserved.
                          Copyright 2022-2023 Advanced Micro Devices, Inc. All Rights Reserved.
INFO: [aiecompiler 77-3355] ###[Start]: Reading in platform specification from /tools/Xilinx/Vitis/2023.2/base_platforms/xilinx_vck190_base_202320_1/xilinx_vck190_base_202320_1.xpfm
INFO: [aiecompiler 55-2099] Unable to extract 'pdi_files' from /tools/Xilinx/Vitis/2023.2/base_platforms/xilinx_vck190_base_202320_1/hw/hw.xsa to /tools/Xilinx/Vitis/2023.2/base_platforms/xilinx_vck190_base_202320_1/hw/extracted/vitis_design_wrapper_0. XSA may not contain 'pdi_files' or the destination directory is read-only
INFO: [aiecompiler 55-2053] elapsed time for repository (/tools/Xilinx/Vivado/2023.2/data/embeddedsw) loading 0 seconds
INFO: [aiecompiler 77-3354] ###[Finish]:  Reading in platform specification from /tools/Xilinx/Vitis/2023.2/base_platforms/xilinx_vck190_base_202320_1/xilinx_vck190_base_202320_1.xpfm
INFO: [aiecompiler 21-403] Loading part xcvc1902-vsva2197-2MP-e-S
INFO: [aiecompiler 77-3379] Extracted physical device part from platform is : xcvc1902-vsva2197-2MP-e-S 
INFO: [aiecompiler 77-297] Cmd Line : /tools/Xilinx/Vitis/2023.2/aietools/bin/unwrapped/lnx64.o/aiecompiler --config /home/yzwu/Desktop/soc_test/aie_component/build/x86sim/Work/aie_x86sim.cfg 
INFO: [aiecompiler 77-404] Executing Cmd: ${XILINX_VITIS_AIETOOLS}/tps/lnx64/gcc/bin/g++ -E -std=c++17 -D__ADF_FRONTEND__ -D__AIE_ARCH__=10 -I/tools/Xilinx/Vitis/2023.2/aietools/include  -I .  -I /home/yzwu/Desktop/soc_test/aie_component -I /home/yzwu/Desktop/soc_test/aie_component/src /home/yzwu/Desktop/soc_test/aie_component/src/project.cpp > /home/yzwu/Desktop/soc_test/aie_component/build/x86sim/./Work/temp/project.ii
INFO: [aiecompiler 77-404] Executing Cmd: graph_preprocessor /home/yzwu/Desktop/soc_test/aie_component/build/x86sim/./Work/temp/project.ii -o /home/yzwu/Desktop/soc_test/aie_component/build/x86sim/./Work/temp/project.processed.ii -report-core-dump  -- -std=c++17  -ftemplate-depth=2048  -Wno-return-stack-address  -Wno-missing-declarations  -Wno-parentheses-equality  -Wno-shift-negative-value  
INFO: [aiecompiler 77-404] Executing Cmd: ${XILINX_VITIS_AIETOOLS}/tps/lnx64/gcc/bin/g++  -std=c++17  -I .  /home/yzwu/Desktop/soc_test/aie_component/build/x86sim/./Work/temp/project.processed.ii -o /home/yzwu/Desktop/soc_test/aie_component/build/x86sim/./Work/temp/project.out -L /tools/Xilinx/Vitis/2023.2/aietools/lib/lnx64.o -g -O0 -Wl,--unresolved-symbols=ignore-all  -Wno-return-stack-address  -Wno-missing-declarations  -lfxml_meir_frontend  -lfxml_adf_api_frontend 
INFO: [aiecompiler 77-404] Executing Cmd: /home/yzwu/Desktop/soc_test/aie_component/build/x86sim/./Work/temp/project.out -I /home/yzwu/Desktop/soc_test/aie_component -I /home/yzwu/Desktop/soc_test/aie_component/src -workdir=/home/yzwu/Desktop/soc_test/aie_component/build/x86sim/./Work -aiearch=aie -log-level=1 --pl-axi-lite=0 --enable-multi-layer=0 --disable-dma-autostart=0 --enable-light-cdo=0 --large-program-memory=0
ERROR: [aiecompiler 77-974] Out of bounds access to adf::vector using index:1, vector size:1
Core dump backtrace:
#0 /tools/Xilinx/Vitis/2023.2/aietools/lib/lnx64.o/libfxml_adf_api_frontend.so(_ZN3adf8frontend13SignalHandler14handle_sigsegvEi+0x4b) [0x7f8303fd5fcb]
??:0
#1 /lib/x86_64-linux-gnu/libc.so.6(+0x42520) [0x7f8303442520]
??:0
#2 /tools/Xilinx/Vitis/2023.2/aietools/lib/lnx64.o/libfxml_adf_api_frontend.so(_ZN3adf19ConnectFrontendImplC1EPNS_8PortImplES2_RNS_8api_impl24ConnectTemplateParameterES5_+0xe3) [0x7f8303fd3e83]
??:0
#3 /tools/Xilinx/Vitis/2023.2/aietools/lib/lnx64.o/libfxml_adf_api_frontend.so(_ZN3adf11ConnectImpl6createEPNS_8PortImplES2_NS_8api_impl24ConnectTemplateParameterES4_+0x42) [0x7f8303fd3f52]
??:0
#4 /tools/Xilinx/Vitis/2023.2/aietools/lib/lnx64.o/libfxml_adf_api_frontend.so(_ZN3adf8api_impl12connectPortsERSt10shared_ptrINS_11ConnectImplEERS1_INS_8PortImplEES7_NS0_24ConnectTemplateParameterES8_+0x2d) [0x7f8303fbe85d]
??:0
#5 /home/yzwu/Desktop/soc_test/aie_component/build/x86sim/./Work/temp/project.out() [0x4070db]
/tools/Xilinx/Vitis/2023.2/aietools/include/adf/new_frontend/adf.h:292
#6 /home/yzwu/Desktop/soc_test/aie_component/build/x86sim/./Work/temp/project.out() [0x4065b3]
/home/yzwu/Desktop/soc_test/aie_component/src/project.h:39 (discriminator 3)
#7 /home/yzwu/Desktop/soc_test/aie_component/build/x86sim/./Work/temp/project.out() [0x405838]
/home/yzwu/Desktop/soc_test/aie_component/src/project.cpp:8
#8 /home/yzwu/Desktop/soc_test/aie_component/build/x86sim/./Work/temp/project.out() [0x405881]
/home/yzwu/Desktop/soc_test/aie_component/src/project.cpp:15
#9 /home/yzwu/Desktop/soc_test/aie_component/build/x86sim/./Work/temp/project.out() [0x408fad]
/proj/xhdhdstaff3/nprashan/GLIBC/glibc-2.31/csu/elf-init.c:87 (discriminator 3)
#10 /lib/x86_64-linux-gnu/libc.so.6(__libc_start_main+0x5c) [0x7f8303429e1c]
??:0
#11 /home/yzwu/Desktop/soc_test/aie_component/build/x86sim/./Work/temp/project.out() [0x4056aa]
/proj/xhdhdstaff3/nprashan/GLIBC/glibc-2.31/csu/../sysdeps/x86_64/start.S:122
Segmentation fault (core dumped)
ERROR: [aiecompiler 77-753] This application has discovered an exceptional condition from which it cannot recover while executing the following command
  >> /home/yzwu/Desktop/soc_test/aie_component/build/x86sim/./Work/temp/project.out -I /home/yzwu/Desktop/soc_test/aie_component -I /home/yzwu/Desktop/soc_test/aie_component/src -workdir=/home/yzwu/Desktop/soc_test/aie_component/build/x86sim/./Work -aiearch=aie -log-level=1 --pl-axi-lite=0 --enable-multi-layer=0 --disable-dma-autostart=0 --enable-light-cdo=0 --large-program-memory=0.
Please check the output log for errors and fix those before you run the application.

Compilation Failed
(WARNING:0, CRITICAL-WARNING:0, ERROR:1)
