INFO: [v++ 60-1548] Creating build summary session with primary output /home/yzwu/Desktop/soc_test/aie_component/build/x86sim/Work/Work.aiecompiler_summary, at Fri Feb  9 22:30:37 2024
INFO: [v++ 82-10520] No user clocking directives found, hence PL frequency is being inferred from the platform. 312.500000 will be used as PL frequency
INFO: [v++ 82-31] Launching aiecompiler: aiecompiler --config /home/yzwu/Desktop/soc_test/aie_component/build/x86sim/Work/aie_x86sim.cfg
                                           AI Engine Compiler
                                     Version 2023.2 (linux64-bit)
                                     SW Build 4023990 on 2023-10-12-17:44:32
                          Copyright 1986-2022 Xilinx, Inc. All Rights Reserved.
                          Copyright 2022-2023 Advanced Micro Devices, Inc. All Rights Reserved.
INFO: [aiecompiler 77-3355] ###[Start]: Reading in platform specification from /tools/Xilinx/Vitis/2023.2/base_platforms/xilinx_vck190_base_202320_1/xilinx_vck190_base_202320_1.xpfm
INFO: [aiecompiler 55-2099] Unable to extract 'pdi_files' from /tools/Xilinx/Vitis/2023.2/base_platforms/xilinx_vck190_base_202320_1/hw/hw.xsa to /tools/Xilinx/Vitis/2023.2/base_platforms/xilinx_vck190_base_202320_1/hw/extracted/vitis_design_wrapper_0. XSA may not contain 'pdi_files' or the destination directory is read-only
INFO: [aiecompiler 55-2053] elapsed time for repository (/tools/Xilinx/Vivado/2023.2/data/embeddedsw) loading 0 seconds
INFO: [aiecompiler 77-3354] ###[Finish]:  Reading in platform specification from /tools/Xilinx/Vitis/2023.2/base_platforms/xilinx_vck190_base_202320_1/xilinx_vck190_base_202320_1.xpfm
INFO: [aiecompiler 21-403] Loading part xcvc1902-vsva2197-2MP-e-S
INFO: [aiecompiler 77-3379] Extracted physical device part from platform is : xcvc1902-vsva2197-2MP-e-S 
INFO: [aiecompiler 77-297] Cmd Line : /tools/Xilinx/Vitis/2023.2/aietools/bin/unwrapped/lnx64.o/aiecompiler --config /home/yzwu/Desktop/soc_test/aie_component/build/x86sim/Work/aie_x86sim.cfg 
INFO: [aiecompiler 77-404] Executing Cmd: ${XILINX_VITIS_AIETOOLS}/tps/lnx64/gcc/bin/g++ -E -std=c++17 -D__ADF_FRONTEND__ -D__AIE_ARCH__=10 -I/tools/Xilinx/Vitis/2023.2/aietools/include  -I .  -I /home/yzwu/Desktop/soc_test/aie_component -I /home/yzwu/Desktop/soc_test/aie_component/src /home/yzwu/Desktop/soc_test/aie_component/src/project.cpp > /home/yzwu/Desktop/soc_test/aie_component/build/x86sim/./Work/temp/project.ii
INFO: [aiecompiler 77-404] Executing Cmd: graph_preprocessor /home/yzwu/Desktop/soc_test/aie_component/build/x86sim/./Work/temp/project.ii -o /home/yzwu/Desktop/soc_test/aie_component/build/x86sim/./Work/temp/project.processed.ii -report-core-dump  -- -std=c++17  -ftemplate-depth=2048  -Wno-return-stack-address  -Wno-missing-declarations  -Wno-parentheses-equality  -Wno-shift-negative-value  
/home/yzwu/Desktop/soc_test/aie_component/src/project.cpp:23:13: error: cannot initialize a variable of type 'int32 **' (aka 'int **') with an rvalue of type 'int32 *' (aka 'int *')
    int32 **inputarray1=(int32*)GMIO::malloc(block_size*sizeof(int32));
            ^           ~~~~~~~~~~~~~~~~~~~~~~~~~~~~~~~~~~~~~~~~~~~~~~
/home/yzwu/Desktop/soc_test/aie_component/src/project.cpp:24:13: error: cannot initialize a variable of type 'int32 **' (aka 'int **') with an rvalue of type 'int32 *' (aka 'int *')
    int32 **inputarray2=(int32*)GMIO::malloc(block_size*sizeof(int32));
            ^           ~~~~~~~~~~~~~~~~~~~~~~~~~~~~~~~~~~~~~~~~~~~~~~
/home/yzwu/Desktop/soc_test/aie_component/src/project.cpp:28:63: error: expected expression
        inputarray1[i]=(int32*)GMIO::malloc(block_size*(int32));
                                                              ^
/home/yzwu/Desktop/soc_test/aie_component/src/project.cpp:29:63: error: expected expression
        inputarray2[i]=(int32*)GMIO::malloc(block_size*(int32));
                                                              ^
4 errors generated.
Error while processing /home/yzwu/Desktop/soc_test/aie_component/build/x86sim/./Work/temp/project.ii.
ERROR: [aiecompiler 77-753] This application has discovered an exceptional condition from which it cannot recover while executing the following command
  >> graph_preprocessor /home/yzwu/Desktop/soc_test/aie_component/build/x86sim/./Work/temp/project.ii -o /home/yzwu/Desktop/soc_test/aie_component/build/x86sim/./Work/temp/project.processed.ii -report-core-dump  -- -std=c++17  -ftemplate-depth=2048  -Wno-return-stack-address  -Wno-missing-declarations  -Wno-parentheses-equality  -Wno-shift-negative-value  .
Please check the output log for errors and fix those before you run the application.

Compilation Failed
(WARNING:0, CRITICAL-WARNING:0, ERROR:1)
