INFO: [v++ 60-1548] Creating build summary session with primary output /home/yzwu/Desktop/soc_test/aie_component/build/x86sim/Work/Work.aiecompiler_summary, at Fri Feb  9 22:56:22 2024
INFO: [v++ 82-10520] No user clocking directives found, hence PL frequency is being inferred from the platform. 312.500000 will be used as PL frequency
INFO: [v++ 82-31] Launching aiecompiler: aiecompiler --config /home/yzwu/Desktop/soc_test/aie_component/build/x86sim/Work/aie_x86sim.cfg
                                           AI Engine Compiler
                                     Version 2023.2 (linux64-bit)
                                     SW Build 4023990 on 2023-10-12-17:44:32
                          Copyright 1986-2022 Xilinx, Inc. All Rights Reserved.
                          Copyright 2022-2023 Advanced Micro Devices, Inc. All Rights Reserved.
INFO: [aiecompiler 77-3355] ###[Start]: Reading in platform specification from /tools/Xilinx/Vitis/2023.2/base_platforms/xilinx_vck190_base_202320_1/xilinx_vck190_base_202320_1.xpfm
INFO: [aiecompiler 55-2099] Unable to extract 'pdi_files' from /tools/Xilinx/Vitis/2023.2/base_platforms/xilinx_vck190_base_202320_1/hw/hw.xsa to /tools/Xilinx/Vitis/2023.2/base_platforms/xilinx_vck190_base_202320_1/hw/extracted/vitis_design_wrapper_0. XSA may not contain 'pdi_files' or the destination directory is read-only
INFO: [aiecompiler 55-2053] elapsed time for repository (/tools/Xilinx/Vivado/2023.2/data/embeddedsw) loading 0 seconds
INFO: [aiecompiler 77-3354] ###[Finish]:  Reading in platform specification from /tools/Xilinx/Vitis/2023.2/base_platforms/xilinx_vck190_base_202320_1/xilinx_vck190_base_202320_1.xpfm
INFO: [aiecompiler 21-403] Loading part xcvc1902-vsva2197-2MP-e-S
INFO: [aiecompiler 77-3379] Extracted physical device part from platform is : xcvc1902-vsva2197-2MP-e-S 
INFO: [aiecompiler 77-297] Cmd Line : /tools/Xilinx/Vitis/2023.2/aietools/bin/unwrapped/lnx64.o/aiecompiler --config /home/yzwu/Desktop/soc_test/aie_component/build/x86sim/Work/aie_x86sim.cfg 
INFO: [aiecompiler 77-404] Executing Cmd: ${XILINX_VITIS_AIETOOLS}/tps/lnx64/gcc/bin/g++ -E -std=c++17 -D__ADF_FRONTEND__ -D__AIE_ARCH__=10 -I/tools/Xilinx/Vitis/2023.2/aietools/include  -I .  -I /home/yzwu/Desktop/soc_test/aie_component -I /home/yzwu/Desktop/soc_test/aie_component/src /home/yzwu/Desktop/soc_test/aie_component/src/project.cpp > /home/yzwu/Desktop/soc_test/aie_component/build/x86sim/./Work/temp/project.ii
INFO: [aiecompiler 77-404] Executing Cmd: graph_preprocessor /home/yzwu/Desktop/soc_test/aie_component/build/x86sim/./Work/temp/project.ii -o /home/yzwu/Desktop/soc_test/aie_component/build/x86sim/./Work/temp/project.processed.ii -report-core-dump  -- -std=c++17  -ftemplate-depth=2048  -Wno-return-stack-address  -Wno-missing-declarations  -Wno-parentheses-equality  -Wno-shift-negative-value  
INFO: [aiecompiler 77-404] Executing Cmd: ${XILINX_VITIS_AIETOOLS}/tps/lnx64/gcc/bin/g++  -std=c++17  -I .  /home/yzwu/Desktop/soc_test/aie_component/build/x86sim/./Work/temp/project.processed.ii -o /home/yzwu/Desktop/soc_test/aie_component/build/x86sim/./Work/temp/project.out -L /tools/Xilinx/Vitis/2023.2/aietools/lib/lnx64.o -g -O0 -Wl,--unresolved-symbols=ignore-all  -Wno-return-stack-address  -Wno-missing-declarations  -lfxml_meir_frontend  -lfxml_adf_api_frontend 
INFO: [aiecompiler 77-404] Executing Cmd: /home/yzwu/Desktop/soc_test/aie_component/build/x86sim/./Work/temp/project.out -I /home/yzwu/Desktop/soc_test/aie_component -I /home/yzwu/Desktop/soc_test/aie_component/src -workdir=/home/yzwu/Desktop/soc_test/aie_component/build/x86sim/./Work -aiearch=aie -log-level=1 --pl-axi-lite=0 --enable-multi-layer=0 --disable-dma-autostart=0 --enable-light-cdo=0 --large-program-memory=0
INFO: [aiecompiler 77-749] Reading logical device VC1902.json
INFO: [aiecompiler 77-44894] Executing Cmd: aieir_be --time-passes=0  --disable-om-fifo-insertion=false  --logcfg-file=  --trace-plio-width=64  --pl-freq=312.5  --show-loggers=false  --fast-nonlinearfloats=false  --broadcast-enable-core=true  --high-performance=false  --kernel-address-location=false  --target=x86sim --swfifo-threshold=40  --single-mm2s-channel=false  --workdir=/home/yzwu/Desktop/soc_test/aie_component/build/x86sim/./Work  --exit-after=complete  --event-trace-config=  --test-iterations=-1  --stacksize=1024  --known-tripcount=false  --platform=/tools/Xilinx/Vitis/2023.2/base_platforms/xilinx_vck190_base_202320_1/xilinx_vck190_base_202320_1.xpfm  --event-trace-custom-config=  --output-archive=libadf.a  --write-partitioned-file=true  --schemafile=AIEGraphSchema.json  --disable-multirate=false  --include="/home/yzwu/Desktop/soc_test/aie_component" --include="/home/yzwu/Desktop/soc_test/aie_component/src" --fastmath=false  --event-trace-advanced-mapping=0  --lock-fence-mode=1  --enable-reconfig=false  --evaluate-fifo-depth=false  --gen-graph-cleanup=false  --use-canonical-net-names=false  --event-trace-port=gmio --use-phy-shim=true  --xlopt=1  --graph-iterator-event=false  --trace-aiesim-option=0  --mapped-soln-udm=  --optimize-pktids=false  --no-init=false  --adf-api-log-level=2  --num-trace-streams=16  --fast-floats=true  --quiet=false  --exec-timed=0  --Xchess="main:darts.xargs=-nb" --routed-soln-udm=  --large-kernel-program=false  --enable-profiling=false  --runtime-opt=false  --part=  --disable-transform-merge-broadcast=false  --verbose=false  --kernel-compile-replacement=  --event-trace-bounding-box=  --heapsize=1024  --logical-arch=  --enable-reconfig-dma-autostart=false  --nodot-graph=false  --disable-dma-autostart=false  --include-mem-tile=  --disable-transform-broadcast-split=true  --json=/home/yzwu/Desktop/soc_test/aie_component/build/x86sim/./Work/temp/project.json
INFO: [aiecompiler 77-3355] ###[Start]: Reading in platform specification from /tools/Xilinx/Vitis/2023.2/base_platforms/xilinx_vck190_base_202320_1/xilinx_vck190_base_202320_1.xpfm
