INFO: [v++ 60-1548] Creating build summary session with primary output /home/yzwu/Desktop/soc_test/aie_component/build/x86sim/Work/Work.aiecompiler_summary, at Fri Feb  9 18:18:09 2024
INFO: [v++ 82-10520] No user clocking directives found, hence PL frequency is being inferred from the platform. 312.500000 will be used as PL frequency
INFO: [v++ 82-31] Launching aiecompiler: aiecompiler --config /home/yzwu/Desktop/soc_test/aie_component/build/x86sim/Work/aie_x86sim.cfg
                                           AI Engine Compiler
                                     Version 2023.2 (linux64-bit)
                                     SW Build 4023990 on 2023-10-12-17:44:32
                          Copyright 1986-2022 Xilinx, Inc. All Rights Reserved.
                          Copyright 2022-2023 Advanced Micro Devices, Inc. All Rights Reserved.
INFO: [aiecompiler 77-3355] ###[Start]: Reading in platform specification from /tools/Xilinx/Vitis/2023.2/base_platforms/xilinx_vck190_base_202320_1/xilinx_vck190_base_202320_1.xpfm
INFO: [aiecompiler 55-2099] Unable to extract 'pdi_files' from /tools/Xilinx/Vitis/2023.2/base_platforms/xilinx_vck190_base_202320_1/hw/hw.xsa to /tools/Xilinx/Vitis/2023.2/base_platforms/xilinx_vck190_base_202320_1/hw/extracted/vitis_design_wrapper_0. XSA may not contain 'pdi_files' or the destination directory is read-only
INFO: [aiecompiler 55-2053] elapsed time for repository (/tools/Xilinx/Vivado/2023.2/data/embeddedsw) loading 0 seconds
INFO: [aiecompiler 77-3354] ###[Finish]:  Reading in platform specification from /tools/Xilinx/Vitis/2023.2/base_platforms/xilinx_vck190_base_202320_1/xilinx_vck190_base_202320_1.xpfm
INFO: [aiecompiler 21-403] Loading part xcvc1902-vsva2197-2MP-e-S
INFO: [aiecompiler 77-3379] Extracted physical device part from platform is : xcvc1902-vsva2197-2MP-e-S 
INFO: [aiecompiler 77-297] Cmd Line : /tools/Xilinx/Vitis/2023.2/aietools/bin/unwrapped/lnx64.o/aiecompiler --config /home/yzwu/Desktop/soc_test/aie_component/build/x86sim/Work/aie_x86sim.cfg 
INFO: [aiecompiler 77-404] Executing Cmd: ${XILINX_VITIS_AIETOOLS}/tps/lnx64/gcc/bin/g++ -E -std=c++17 -D__ADF_FRONTEND__ -D__AIE_ARCH__=10 -I/tools/Xilinx/Vitis/2023.2/aietools/include  -I .  -I /home/yzwu/Desktop/soc_test/aie_component -I /home/yzwu/Desktop/soc_test/aie_component/src /home/yzwu/Desktop/soc_test/aie_component/src/project.cpp > /home/yzwu/Desktop/soc_test/aie_component/build/x86sim/./Work/temp/project.ii
INFO: [aiecompiler 77-404] Executing Cmd: graph_preprocessor /home/yzwu/Desktop/soc_test/aie_component/build/x86sim/./Work/temp/project.ii -o /home/yzwu/Desktop/soc_test/aie_component/build/x86sim/./Work/temp/project.processed.ii -report-core-dump  -- -std=c++17  -ftemplate-depth=2048  -Wno-return-stack-address  -Wno-missing-declarations  -Wno-parentheses-equality  -Wno-shift-negative-value  
INFO: [aiecompiler 77-404] Executing Cmd: ${XILINX_VITIS_AIETOOLS}/tps/lnx64/gcc/bin/g++  -std=c++17  -I .  /home/yzwu/Desktop/soc_test/aie_component/build/x86sim/./Work/temp/project.processed.ii -o /home/yzwu/Desktop/soc_test/aie_component/build/x86sim/./Work/temp/project.out -L /tools/Xilinx/Vitis/2023.2/aietools/lib/lnx64.o -g -O0 -Wl,--unresolved-symbols=ignore-all  -Wno-return-stack-address  -Wno-missing-declarations  -lfxml_meir_frontend  -lfxml_adf_api_frontend 
INFO: [aiecompiler 77-404] Executing Cmd: /home/yzwu/Desktop/soc_test/aie_component/build/x86sim/./Work/temp/project.out -I /home/yzwu/Desktop/soc_test/aie_component -I /home/yzwu/Desktop/soc_test/aie_component/src -workdir=/home/yzwu/Desktop/soc_test/aie_component/build/x86sim/./Work -aiearch=aie -log-level=1 --pl-axi-lite=0 --enable-multi-layer=0 --disable-dma-autostart=0 --enable-light-cdo=0 --large-program-memory=0
INFO: [aiecompiler 77-749] Reading logical device VC1902.json
INFO: [aiecompiler 77-44894] Executing Cmd: aieir_be --time-passes=0  --disable-om-fifo-insertion=false  --logcfg-file=  --trace-plio-width=64  --pl-freq=312.5  --show-loggers=false  --fast-nonlinearfloats=false  --broadcast-enable-core=true  --high-performance=false  --kernel-address-location=false  --target=x86sim --swfifo-threshold=40  --single-mm2s-channel=false  --workdir=/home/yzwu/Desktop/soc_test/aie_component/build/x86sim/./Work  --exit-after=complete  --event-trace-config=  --test-iterations=-1  --stacksize=1024  --known-tripcount=false  --platform=/tools/Xilinx/Vitis/2023.2/base_platforms/xilinx_vck190_base_202320_1/xilinx_vck190_base_202320_1.xpfm  --event-trace-custom-config=  --output-archive=libadf.a  --write-partitioned-file=true  --schemafile=AIEGraphSchema.json  --disable-multirate=false  --include="/home/yzwu/Desktop/soc_test/aie_component" --include="/home/yzwu/Desktop/soc_test/aie_component/src" --fastmath=false  --event-trace-advanced-mapping=0  --lock-fence-mode=1  --enable-reconfig=false  --evaluate-fifo-depth=false  --gen-graph-cleanup=false  --use-canonical-net-names=false  --event-trace-port=gmio --use-phy-shim=true  --xlopt=1  --graph-iterator-event=false  --trace-aiesim-option=0  --mapped-soln-udm=  --optimize-pktids=false  --no-init=false  --adf-api-log-level=2  --num-trace-streams=16  --fast-floats=true  --quiet=false  --exec-timed=0  --Xchess="main:darts.xargs=-nb" --routed-soln-udm=  --large-kernel-program=false  --enable-profiling=false  --runtime-opt=false  --part=  --disable-transform-merge-broadcast=false  --verbose=false  --kernel-compile-replacement=  --event-trace-bounding-box=  --heapsize=1024  --logical-arch=  --enable-reconfig-dma-autostart=false  --nodot-graph=false  --disable-dma-autostart=false  --include-mem-tile=  --disable-transform-broadcast-split=true  --json=/home/yzwu/Desktop/soc_test/aie_component/build/x86sim/./Work/temp/project.json
INFO: [aiecompiler 77-3355] ###[Start]: Reading in platform specification from /tools/Xilinx/Vitis/2023.2/base_platforms/xilinx_vck190_base_202320_1/xilinx_vck190_base_202320_1.xpfm
INFO: [aiecompiler 55-2099] Unable to extract 'pdi_files' from /tools/Xilinx/Vitis/2023.2/base_platforms/xilinx_vck190_base_202320_1/hw/hw.xsa to /tools/Xilinx/Vitis/2023.2/base_platforms/xilinx_vck190_base_202320_1/hw/extracted/vitis_design_wrapper_0. XSA may not contain 'pdi_files' or the destination directory is read-only
INFO: [aiecompiler 55-2053] elapsed time for repository (/tools/Xilinx/Vivado/2023.2/data/embeddedsw) loading 0 seconds
INFO: [aiecompiler 77-3354] ###[Finish]:  Reading in platform specification from /tools/Xilinx/Vitis/2023.2/base_platforms/xilinx_vck190_base_202320_1/xilinx_vck190_base_202320_1.xpfm
INFO: [aiecompiler 77-757] Opening input file: /home/yzwu/Desktop/soc_test/aie_component/build/x86sim/./Work/temp/project.json
INFO: [aiecompiler 77-43940] Emitting AIEIr in file: /home/yzwu/Desktop/soc_test/aie_component/build/x86sim/./Work/temp/project_aieir_dump.txt
INFO: [aiecompiler 77-656] Processing Graph 'root'
INFO: [aiecompiler 77-5917] Repetition count for mygraph.first is 1.
INFO: [aiecompiler 77-5607] ### Entering X86Sim Switch Configuration pass
INFO: [aiecompiler 77-5606] ### Done with X86Sim Switch Configuration pass
DEBUG:Buildx86simCFGraph:### Entering Build CFGraph pass
DEBUG:Buildx86simCFGraph:### CF Graph is built
INFO: [aiecompiler 77-610] Performing x86Sim Graph Analysis
Start processing Node Instances.
Processing Node Insance: gmio  i0:b0 datain1 { start: blksize:0 brstsize:32 bw:1000
   portinst: i0_po0 idx[-1] datatype:int32 gmem out bw_utlization = 1 (variable name:  datain1.out[0])
}
Node Instance processing done.
Processing Node Insance: gmio  i1:b1 datain2 { start: blksize:0 brstsize:32 bw:1000
   portinst: i1_po0 idx[-1] datatype:int32 gmem out bw_utlization = 1 (variable name:  datain2.out[0])
}
Node Instance processing done.
Processing Node Insance: gmio  i2:b2 dataout { start: blksize:0 brstsize:32 bw:1000
   portinst: i2_pi0 idx[-1] datatype:int32 gmem in bw_utlization = 1 (variable name:  dataout.in[0])
}
Node Instance processing done.
Processing Node Insance: me  i3:b3 runtime:0.8 {
   portinst: i3_pi0 idx[0] datatype:strm<int32> stream in bw_utlization = 1 (variable name:  first.in[0])
   portinst: i3_pi1 idx[1] datatype:strm<int32> stream in bw_utlization = 1 (variable name:  first.in[1])
   portinst: i3_po0 idx[2] datatype:strm<int32> stream out bw_utlization = 1 (variable name:  first.out[0])
}
Node Instance processing done.
Finished processing Node Instances.
Processing: Channel net0: Single :src:i0_po0 dst:i3_pi0
Processing: Channel net1: Single :src:i1_po0 dst:i3_pi1
Processing: Channel net2: Single :src:i3_po0 dst:i2_pi0
### Channel processing Done. ####
INFO: [aiecompiler 77-600] Emitting x86Sim Code
INFO: [aiecompiler 77-608] New x86Sim Code Generation Complete
INFO: [aiecompiler 77-599] Building simulation executable
INFO: [aiecompiler 77-404] Executing Cmd: make -j4 -C /home/yzwu/Desktop/soc_test/aie_component/build/x86sim/./Work/pthread -f makefile -O --no-print-directory all 
debug=no
debug_lib_x86sim=no
address_sanitizer=no
clang_static_analyzer=no
g++ -fPIC -E -MT wrap_project.cpp.o -M -MM -MP -MF wrap_project.cpp.d -g -std=c++17 -D__X86SIM__ -D__PTHREAD_API__ -fvisibility=hidden -D__AIE_ARCH__=10 -D__LOCK_FENCE_MODE__=0 -DAIE_OPTION_SCALAR_FLOAT_ON_VECTOR -I ../.. -I /tools/Xilinx/Vitis/2023.2/aietools/include -I /tools/Xilinx/Vitis/2023.2/aietools/data/osci_systemc/include -I /tools/Xilinx/Vitis/2023.2/aietools/tps/boost_1_72_0 -I /home/yzwu/Desktop/soc_test/aie_component -I /home/yzwu/Desktop/soc_test/aie_component/src wrap_project.cpp
debug=no
debug_lib_x86sim=no
address_sanitizer=no
clang_static_analyzer=no
g++ -fPIC -c -o PthreadSimBasic.cpp.o -MT PthreadSimBasic.cpp.o -MMD -MP -MF PthreadSimBasic.cpp.Td -g -std=c++17 -D__X86SIM__ -D__PTHREAD_API__ -fvisibility=hidden -D__AIE_ARCH__=10 -D__LOCK_FENCE_MODE__=0 -DAIE_OPTION_SCALAR_FLOAT_ON_VECTOR -I ../.. -I /tools/Xilinx/Vitis/2023.2/aietools/include -I /tools/Xilinx/Vitis/2023.2/aietools/data/osci_systemc/include -I /tools/Xilinx/Vitis/2023.2/aietools/tps/boost_1_72_0 -I /home/yzwu/Desktop/soc_test/aie_component -I /home/yzwu/Desktop/soc_test/aie_component/src PthreadSimBasic.cpp
g++ -fPIC -c -o wrap_project.cpp.o -MT wrap_project.cpp.o -MMD -MP -MF wrap_project.cpp.Td -g -std=c++17 -D__X86SIM__ -D__PTHREAD_API__ -fvisibility=hidden -D__AIE_ARCH__=10 -D__LOCK_FENCE_MODE__=0 -DAIE_OPTION_SCALAR_FLOAT_ON_VECTOR -I ../.. -I /tools/Xilinx/Vitis/2023.2/aietools/include -I /tools/Xilinx/Vitis/2023.2/aietools/data/osci_systemc/include -I /tools/Xilinx/Vitis/2023.2/aietools/tps/boost_1_72_0 -I /home/yzwu/Desktop/soc_test/aie_component -I /home/yzwu/Desktop/soc_test/aie_component/src wrap_project.cpp
g++ -fPIC -c -o PthreadSimXmc.cpp.o -MT PthreadSimXmc.cpp.o -MMD -MP -MF PthreadSimXmc.cpp.Td -g -std=c++17 -D__X86SIM__ -D__PTHREAD_API__ -fvisibility=hidden -D__AIE_ARCH__=10 -D__LOCK_FENCE_MODE__=0 -DAIE_OPTION_SCALAR_FLOAT_ON_VECTOR -I ../.. -I /tools/Xilinx/Vitis/2023.2/aietools/include -I /tools/Xilinx/Vitis/2023.2/aietools/data/osci_systemc/include -I /tools/Xilinx/Vitis/2023.2/aietools/tps/boost_1_72_0 -I /home/yzwu/Desktop/soc_test/aie_component -I /home/yzwu/Desktop/soc_test/aie_component/src PthreadSimXmc.cpp
g++ -fPIC -c -o PthreadSim.cpp.o -MT PthreadSim.cpp.o -MMD -MP -MF PthreadSim.cpp.Td -g -std=c++17 -D__X86SIM__ -D__PTHREAD_API__ -fvisibility=hidden -D__AIE_ARCH__=10 -D__LOCK_FENCE_MODE__=0 -DAIE_OPTION_SCALAR_FLOAT_ON_VECTOR -I ../.. -I /tools/Xilinx/Vitis/2023.2/aietools/include -I /tools/Xilinx/Vitis/2023.2/aietools/data/osci_systemc/include -I /tools/Xilinx/Vitis/2023.2/aietools/tps/boost_1_72_0 -I /home/yzwu/Desktop/soc_test/aie_component -I /home/yzwu/Desktop/soc_test/aie_component/src PthreadSim.cpp
g++ -fPIC -c -o PthreadSimSwemu.cpp.o -I /tools/Xilinx/Vitis_HLS/2023.2/include -MT PthreadSimSwemu.cpp.o -MMD -MP -MF PthreadSimSwemu.cpp.Td -g -std=c++17 -D__X86SIM__ -D__PTHREAD_API__ -fvisibility=hidden -D__AIE_ARCH__=10 -D__LOCK_FENCE_MODE__=0 -DAIE_OPTION_SCALAR_FLOAT_ON_VECTOR -I ../.. -I /tools/Xilinx/Vitis/2023.2/aietools/include -I /tools/Xilinx/Vitis/2023.2/aietools/data/osci_systemc/include -I /tools/Xilinx/Vitis/2023.2/aietools/tps/boost_1_72_0 -I /home/yzwu/Desktop/soc_test/aie_component -I /home/yzwu/Desktop/soc_test/aie_component/src PthreadSimSwemu.cpp
aie_clang++ -fPIC -c -o wrap_vitis_single_node_templates.cc.o -D__AIENGINE__ -D__AIE_ARCH__=10 \
-MT wrap_vitis_single_node_templates.cc.o -MMD -MP -MF wrap_vitis_single_node_templates.cc.Td -g -std=c++17 -D__X86SIM__ -D__PTHREAD_API__ -fvisibility=hidden -D__AIE_ARCH__=10 -D__LOCK_FENCE_MODE__=0 -DAIE_OPTION_SCALAR_FLOAT_ON_VECTOR -I ../.. -I /tools/Xilinx/Vitis/2023.2/aietools/include -I /tools/Xilinx/Vitis/2023.2/aietools/data/osci_systemc/include -I /tools/Xilinx/Vitis/2023.2/aietools/tps/boost_1_72_0 -I /home/yzwu/Desktop/soc_test/aie_component -I /home/yzwu/Desktop/soc_test/aie_component/src   -std=c++2a -stdlib=libc++ wrap_vitis_single_node_templates.cc
ld -o aie_kernels_obj.o -r wrap_vitis_single_node_templates.cc.o -L/tools/Xilinx/Vitis/2023.2/aietools/lib/lnx64.o -lc++ -lc++abi  
aie_g++ -shared -o libxmcsim.so -D__AIE_ARCH__=10 aie_kernels_obj.o  PthreadSimXmc.cpp.o PthreadSim.cpp.o -lc++ -lpthread -ladf_api_x86sim -lx86simDummySocketUtil -lx86simStreamApiAIE10 -lx86sim -Wl,-R/tools/Xilinx/Vitis/2023.2/aietools/lib/lnx64.o -Wl,-R/tools/Xilinx/Vitis/2023.2/aietools/tps/lnx64/gcc/lib64 
aie_g++ -o sim.out -D__AIE_ARCH__=10 aie_kernels_obj.o  PthreadSimBasic.cpp.o PthreadSim.cpp.o wrap_project.cpp.o -lpthread -ladf_api_x86sim -lx86simSocketUtil -lx86simStreamApiAIE10 -lx86sim -Wl,-R/tools/Xilinx/Vitis/2023.2/aietools/lib/lnx64.o -Wl,-R/tools/Xilinx/Vitis/2023.2/aietools/tps/lnx64/gcc/lib64 
aie_g++ -shared -o libsim.so -D__AIE_ARCH__=10 aie_kernels_obj.o  PthreadSimSwemu.cpp.o PthreadSim.cpp.o -lc++ -lpthread -ladf_api_x86sim -lx86simDummySocketUtil -lx86simStreamApiAIE10 -lx86sim -Wl,-R/tools/Xilinx/Vitis/2023.2/aietools/lib/lnx64.o -Wl,-R/tools/Xilinx/Vitis/2023.2/aietools/tps/lnx64/gcc/lib64 
INFO: [aiecompiler 77-43881] ### Entering Packager pass
INFO: [aiecompiler 77-4236] Adding hardware components under: /home/yzwu/Desktop/soc_test/aie_component/build/x86sim/./Work/temp/hw.o  
INFO: [aiecompiler 77-4237] Adding software components under: /home/yzwu/Desktop/soc_test/aie_component/build/x86sim/./Work/temp/sw.o  
INFO: [aiecompiler 77-4235] Adding emulation and config components under: /home/yzwu/Desktop/soc_test/aie_component/build/x86sim/./Work/temp/cfg.o 
INFO: [aiecompiler 77-3462] Deleting existing hand-off archive: libadf.a
INFO: [aiecompiler 77-1086] Generating hand-off archive: libadf.a
/tools/Xilinx/Vitis/2023.2/aietools/tps/lnx64/gcc/bin/ar: creating libadf.a
INFO: [aiecompiler 77-43880] ### Done with Packager pass (0 secs)
INFO: [aiecompiler 77-44881] Run completed. Find additional information in:
	Guidance: /home/yzwu/Desktop/soc_test/aie_component/build/x86sim/./Work/reports/guidance.html

INFO: [aiecompiler 77-44882] Use the vitis_analyzer tool to visualize and navigate the relevant reports. Run: 
	vitis_analyzer /home/yzwu/Desktop/soc_test/aie_component/build/x86sim/./Work/project.aiecompile_summary

Compilation Complete
(WARNING:0, CRITICAL-WARNING:0, ERROR:0)
INFO: [v++ 60-791] Total elapsed time: 0h 0m 19s
