Thu Feb  8 20:54:40 2024: Running xcd server. This server was built by gradle.
Thu Feb  8 20:54:40 2024: Server was asked to start on port: '46863'
Thu Feb  8 20:54:40 2024: Server is using token UUID: 'f9b0d5f0-a0db-4838-8091-cd21c15a3a05'
Thu Feb  8 20:54:40 2024: SESSION_MGR: creating session with session uuid: '6d04a3e9-ade5-4ab9-8d63-1f78fcd2ec76' and name 'default'
Thu Feb  8 20:54:40 2024: Attempting to start server on port '46863'
Thu Feb  8 20:54:40 2024: XCD main fifo: created main fifo '/tmp/xcdmainf9b0d5f0-a0db-4838-8091-cd21c15a3a05', fd read = 13
Thu Feb  8 20:54:40 2024: Running Dispatch Server
Thu Feb  8 20:54:40 2024: Version 2.2.0
Thu Feb  8 20:54:42 2024: Dispatch Server: Accepted socket connection from client
Thu Feb  8 20:54:42 2024: Starting Socket connection
Thu Feb  8 20:54:42 2024: EXCHANGE_TOKEN received, server token: f9b0d5f0-a0db-4838-8091-cd21c15a3a05, passed token: f9b0d5f0-a0db-4838-8091-cd21c15a3a05
Thu Feb  8 20:54:42 2024: DISPATCH_HANDLER: Adding handler from function makeHandler in library libxv_system_diagram
Thu Feb  8 20:54:42 2024: SESSION_MGR: creating session with session uuid: '08edb8ce-4c2e-4924-9121-de8e98a6a336' and name 'binary_container_1'
Thu Feb  8 20:54:42 2024: KERNEL_SVC: creating session with uuid: '08edb8ce-4c2e-4924-9121-de8e98a6a336' and name 'binary_container_1'
Thu Feb  8 20:54:42 2024: GUIDANCE_SMGR: creating guidance session with uuid: '08edb8ce-4c2e-4924-9121-de8e98a6a336' and name 'binary_container_1'
Thu Feb  8 20:54:42 2024: SYSTEM_DIAGRAM: creating session with uuid: '08edb8ce-4c2e-4924-9121-de8e98a6a336' and name 'binary_container_1'
Thu Feb  8 20:54:44 2024: SESSION_MGR: closing session for UUID '08edb8ce-4c2e-4924-9121-de8e98a6a336' with name 'binary_container_1'
Thu Feb  8 20:54:44 2024: KERNEL_SVC: closing session for UUID '08edb8ce-4c2e-4924-9121-de8e98a6a336' with name 'binary_container_1'
Thu Feb  8 20:54:44 2024: GUIDANCE_SMGR: closing session for UUID '08edb8ce-4c2e-4924-9121-de8e98a6a336' with name 'binary_container_1'
Thu Feb  8 20:54:44 2024: SYSTEM_DIAGRAM: closing session for UUID '08edb8ce-4c2e-4924-9121-de8e98a6a336' with name 'binary_container_1'
Thu Feb  8 20:54:44 2024: STOP_SERVER received, server token: f9b0d5f0-a0db-4838-8091-cd21c15a3a05, passed token: f9b0d5f0-a0db-4838-8091-cd21c15a3a05
Thu Feb  8 20:54:44 2024: Socket received request to stop server.
Thu Feb  8 20:54:44 2024: Dispatch Server: do_await_stop
Thu Feb  8 20:54:44 2024: Dispatch Server: stopping mainFifo_
Thu Feb  8 20:54:44 2024: XCD main fifo: Stopping
Thu Feb  8 20:54:44 2024: XCD main fifo: do_read error code: Operation canceled
Thu Feb  8 20:54:44 2024: XCD main fifo: bytes_transferred: 0
Thu Feb  8 20:54:44 2024: SERVER: destructor for server bound to port 46863
Thu Feb  8 20:54:44 2024: XCD main fifo: Good unlink of /tmp/xcdmainf9b0d5f0-a0db-4838-8091-cd21c15a3a05
Thu Feb  8 20:54:44 2024: Server exiting with status 0.
Thu Feb  8 20:54:44 2024: Closing log file.
