Thu Feb  8 20:54:45 2024: Running xcd server. This server was built by gradle.
Thu Feb  8 20:54:45 2024: Server was asked to start on port: '36501'
Thu Feb  8 20:54:45 2024: Server is using token UUID: 'c0531004-7226-413d-9cba-a69b6cffd427'
Thu Feb  8 20:54:45 2024: SESSION_MGR: creating session with session uuid: '6d04a3e9-ade5-4ab9-8d63-1f78fcd2ec76' and name 'default'
Thu Feb  8 20:54:45 2024: Attempting to start server on port '36501'
Thu Feb  8 20:54:45 2024: XCD main fifo: created main fifo '/tmp/xcdmainc0531004-7226-413d-9cba-a69b6cffd427', fd read = 13
Thu Feb  8 20:54:45 2024: Running Dispatch Server
Thu Feb  8 20:54:45 2024: Version 2.2.0
Thu Feb  8 20:54:47 2024: Dispatch Server: Accepted socket connection from client
Thu Feb  8 20:54:47 2024: Starting Socket connection
Thu Feb  8 20:54:47 2024: EXCHANGE_TOKEN received, server token: c0531004-7226-413d-9cba-a69b6cffd427, passed token: c0531004-7226-413d-9cba-a69b6cffd427
Thu Feb  8 20:54:47 2024: DISPATCH_HANDLER: Adding handler from function makeHandler in library libxv_system_diagram
Thu Feb  8 20:54:47 2024: SESSION_MGR: creating session with session uuid: '0aded7bf-0c0c-4833-a2e2-07a59d1d9b3a' and name 'v++_package_binary_container_1'
Thu Feb  8 20:54:47 2024: KERNEL_SVC: creating session with uuid: '0aded7bf-0c0c-4833-a2e2-07a59d1d9b3a' and name 'v++_package_binary_container_1'
Thu Feb  8 20:54:47 2024: GUIDANCE_SMGR: creating guidance session with uuid: '0aded7bf-0c0c-4833-a2e2-07a59d1d9b3a' and name 'v++_package_binary_container_1'
Thu Feb  8 20:54:47 2024: SYSTEM_DIAGRAM: creating session with uuid: '0aded7bf-0c0c-4833-a2e2-07a59d1d9b3a' and name 'v++_package_binary_container_1'
Thu Feb  8 20:54:48 2024: SESSION_MGR: closing session for UUID '0aded7bf-0c0c-4833-a2e2-07a59d1d9b3a' with name 'v++_package_binary_container_1'
Thu Feb  8 20:54:48 2024: KERNEL_SVC: closing session for UUID '0aded7bf-0c0c-4833-a2e2-07a59d1d9b3a' with name 'v++_package_binary_container_1'
Thu Feb  8 20:54:48 2024: GUIDANCE_SMGR: closing session for UUID '0aded7bf-0c0c-4833-a2e2-07a59d1d9b3a' with name 'v++_package_binary_container_1'
Thu Feb  8 20:54:48 2024: SYSTEM_DIAGRAM: closing session for UUID '0aded7bf-0c0c-4833-a2e2-07a59d1d9b3a' with name 'v++_package_binary_container_1'
Thu Feb  8 20:54:48 2024: STOP_SERVER received, server token: c0531004-7226-413d-9cba-a69b6cffd427, passed token: c0531004-7226-413d-9cba-a69b6cffd427
Thu Feb  8 20:54:48 2024: Socket received request to stop server.
Thu Feb  8 20:54:48 2024: Dispatch Server: do_await_stop
Thu Feb  8 20:54:48 2024: Dispatch Server: stopping mainFifo_
Thu Feb  8 20:54:48 2024: XCD main fifo: Stopping
Thu Feb  8 20:54:48 2024: XCD main fifo: do_read error code: Operation canceled
Thu Feb  8 20:54:48 2024: XCD main fifo: bytes_transferred: 0
Thu Feb  8 20:54:48 2024: SERVER: destructor for server bound to port 36501
Thu Feb  8 20:54:48 2024: XCD main fifo: Good unlink of /tmp/xcdmainc0531004-7226-413d-9cba-a69b6cffd427
Thu Feb  8 20:54:48 2024: Server exiting with status 0.
Thu Feb  8 20:54:48 2024: Closing log file.
Thu Feb  8 20:59:51 2024: Running xcd server. This server was built by gradle.
Thu Feb  8 20:59:51 2024: Server was asked to start on port: '40417'
Thu Feb  8 20:59:51 2024: Server is using token UUID: '6e62ac54-e6de-480f-85de-94e658954d35'
Thu Feb  8 20:59:51 2024: SESSION_MGR: creating session with session uuid: '6d04a3e9-ade5-4ab9-8d63-1f78fcd2ec76' and name 'default'
Thu Feb  8 20:59:51 2024: Attempting to start server on port '40417'
Thu Feb  8 20:59:51 2024: XCD main fifo: created main fifo '/tmp/xcdmain6e62ac54-e6de-480f-85de-94e658954d35', fd read = 13
Thu Feb  8 20:59:51 2024: Running Dispatch Server
Thu Feb  8 20:59:51 2024: Version 2.2.0
Thu Feb  8 20:59:53 2024: Dispatch Server: Accepted socket connection from client
Thu Feb  8 20:59:53 2024: Starting Socket connection
Thu Feb  8 20:59:53 2024: EXCHANGE_TOKEN received, server token: 6e62ac54-e6de-480f-85de-94e658954d35, passed token: 6e62ac54-e6de-480f-85de-94e658954d35
Thu Feb  8 20:59:53 2024: DISPATCH_HANDLER: Adding handler from function makeHandler in library libxv_system_diagram
Thu Feb  8 20:59:53 2024: SESSION_MGR: creating session with session uuid: '35001c26-d4c1-455d-b08e-de7c39e9f574' and name 'v++_package_binary_container_1'
Thu Feb  8 20:59:53 2024: KERNEL_SVC: creating session with uuid: '35001c26-d4c1-455d-b08e-de7c39e9f574' and name 'v++_package_binary_container_1'
Thu Feb  8 20:59:53 2024: GUIDANCE_SMGR: creating guidance session with uuid: '35001c26-d4c1-455d-b08e-de7c39e9f574' and name 'v++_package_binary_container_1'
Thu Feb  8 20:59:53 2024: SYSTEM_DIAGRAM: creating session with uuid: '35001c26-d4c1-455d-b08e-de7c39e9f574' and name 'v++_package_binary_container_1'
Thu Feb  8 20:59:54 2024: SESSION_MGR: closing session for UUID '35001c26-d4c1-455d-b08e-de7c39e9f574' with name 'v++_package_binary_container_1'
Thu Feb  8 20:59:54 2024: KERNEL_SVC: closing session for UUID '35001c26-d4c1-455d-b08e-de7c39e9f574' with name 'v++_package_binary_container_1'
Thu Feb  8 20:59:54 2024: GUIDANCE_SMGR: closing session for UUID '35001c26-d4c1-455d-b08e-de7c39e9f574' with name 'v++_package_binary_container_1'
Thu Feb  8 20:59:54 2024: SYSTEM_DIAGRAM: closing session for UUID '35001c26-d4c1-455d-b08e-de7c39e9f574' with name 'v++_package_binary_container_1'
Thu Feb  8 20:59:54 2024: STOP_SERVER received, server token: 6e62ac54-e6de-480f-85de-94e658954d35, passed token: 6e62ac54-e6de-480f-85de-94e658954d35
Thu Feb  8 20:59:54 2024: Socket received request to stop server.
Thu Feb  8 20:59:54 2024: Dispatch Server: do_await_stop
Thu Feb  8 20:59:54 2024: Dispatch Server: stopping mainFifo_
Thu Feb  8 20:59:54 2024: XCD main fifo: Stopping
Thu Feb  8 20:59:54 2024: XCD main fifo: do_read error code: Operation canceled
Thu Feb  8 20:59:54 2024: XCD main fifo: bytes_transferred: 0
Thu Feb  8 20:59:54 2024: SERVER: destructor for server bound to port 40417
Thu Feb  8 20:59:54 2024: XCD main fifo: Good unlink of /tmp/xcdmain6e62ac54-e6de-480f-85de-94e658954d35
Thu Feb  8 20:59:54 2024: Server exiting with status 0.
Thu Feb  8 20:59:54 2024: Closing log file.
Thu Feb  8 21:18:38 2024: Running xcd server. This server was built by gradle.
Thu Feb  8 21:18:38 2024: Server was asked to start on port: '33049'
Thu Feb  8 21:18:38 2024: Server is using token UUID: '4982cc61-566e-4115-838b-c8a0046492f9'
Thu Feb  8 21:18:38 2024: SESSION_MGR: creating session with session uuid: '6d04a3e9-ade5-4ab9-8d63-1f78fcd2ec76' and name 'default'
Thu Feb  8 21:18:38 2024: Attempting to start server on port '33049'
Thu Feb  8 21:18:38 2024: XCD main fifo: created main fifo '/tmp/xcdmain4982cc61-566e-4115-838b-c8a0046492f9', fd read = 13
Thu Feb  8 21:18:38 2024: Running Dispatch Server
Thu Feb  8 21:18:38 2024: Version 2.2.0
Thu Feb  8 21:18:40 2024: Dispatch Server: Accepted socket connection from client
Thu Feb  8 21:18:40 2024: Starting Socket connection
Thu Feb  8 21:18:40 2024: EXCHANGE_TOKEN received, server token: 4982cc61-566e-4115-838b-c8a0046492f9, passed token: 4982cc61-566e-4115-838b-c8a0046492f9
Thu Feb  8 21:18:40 2024: DISPATCH_HANDLER: Adding handler from function makeHandler in library libxv_system_diagram
Thu Feb  8 21:18:40 2024: SESSION_MGR: creating session with session uuid: 'b4f2f099-a5c1-4a58-8612-e7696bbe6a73' and name 'v++_package_binary_container_1'
Thu Feb  8 21:18:40 2024: KERNEL_SVC: creating session with uuid: 'b4f2f099-a5c1-4a58-8612-e7696bbe6a73' and name 'v++_package_binary_container_1'
Thu Feb  8 21:18:40 2024: GUIDANCE_SMGR: creating guidance session with uuid: 'b4f2f099-a5c1-4a58-8612-e7696bbe6a73' and name 'v++_package_binary_container_1'
Thu Feb  8 21:18:40 2024: SYSTEM_DIAGRAM: creating session with uuid: 'b4f2f099-a5c1-4a58-8612-e7696bbe6a73' and name 'v++_package_binary_container_1'
Thu Feb  8 21:18:41 2024: SESSION_MGR: closing session for UUID 'b4f2f099-a5c1-4a58-8612-e7696bbe6a73' with name 'v++_package_binary_container_1'
Thu Feb  8 21:18:41 2024: KERNEL_SVC: closing session for UUID 'b4f2f099-a5c1-4a58-8612-e7696bbe6a73' with name 'v++_package_binary_container_1'
Thu Feb  8 21:18:41 2024: GUIDANCE_SMGR: closing session for UUID 'b4f2f099-a5c1-4a58-8612-e7696bbe6a73' with name 'v++_package_binary_container_1'
Thu Feb  8 21:18:41 2024: SYSTEM_DIAGRAM: closing session for UUID 'b4f2f099-a5c1-4a58-8612-e7696bbe6a73' with name 'v++_package_binary_container_1'
Thu Feb  8 21:18:41 2024: STOP_SERVER received, server token: 4982cc61-566e-4115-838b-c8a0046492f9, passed token: 4982cc61-566e-4115-838b-c8a0046492f9
Thu Feb  8 21:18:41 2024: Socket received request to stop server.
Thu Feb  8 21:18:41 2024: Dispatch Server: do_await_stop
Thu Feb  8 21:18:41 2024: Dispatch Server: stopping mainFifo_
Thu Feb  8 21:18:41 2024: XCD main fifo: Stopping
Thu Feb  8 21:18:41 2024: XCD main fifo: do_read error code: Operation canceled
Thu Feb  8 21:18:41 2024: XCD main fifo: bytes_transferred: 0
Thu Feb  8 21:18:41 2024: SERVER: destructor for server bound to port 33049
Thu Feb  8 21:18:41 2024: XCD main fifo: Good unlink of /tmp/xcdmain4982cc61-566e-4115-838b-c8a0046492f9
Thu Feb  8 21:18:41 2024: Server exiting with status 0.
Thu Feb  8 21:18:41 2024: Closing log file.
Thu Feb  8 21:28:59 2024: Running xcd server. This server was built by gradle.
Thu Feb  8 21:28:59 2024: Server was asked to start on port: '42523'
Thu Feb  8 21:28:59 2024: Server is using token UUID: 'e492d9aa-351b-4849-b67a-b4efae46f6b1'
Thu Feb  8 21:28:59 2024: SESSION_MGR: creating session with session uuid: '6d04a3e9-ade5-4ab9-8d63-1f78fcd2ec76' and name 'default'
Thu Feb  8 21:28:59 2024: Attempting to start server on port '42523'
Thu Feb  8 21:28:59 2024: XCD main fifo: created main fifo '/tmp/xcdmaine492d9aa-351b-4849-b67a-b4efae46f6b1', fd read = 13
Thu Feb  8 21:28:59 2024: Running Dispatch Server
Thu Feb  8 21:28:59 2024: Version 2.2.0
Thu Feb  8 21:29:01 2024: Dispatch Server: Accepted socket connection from client
Thu Feb  8 21:29:01 2024: Starting Socket connection
Thu Feb  8 21:29:01 2024: EXCHANGE_TOKEN received, server token: e492d9aa-351b-4849-b67a-b4efae46f6b1, passed token: e492d9aa-351b-4849-b67a-b4efae46f6b1
Thu Feb  8 21:29:01 2024: DISPATCH_HANDLER: Adding handler from function makeHandler in library libxv_system_diagram
Thu Feb  8 21:29:01 2024: SESSION_MGR: creating session with session uuid: 'fddc305d-4bfe-47cc-ae44-e6c838fbb15d' and name 'v++_package_binary_container_1'
Thu Feb  8 21:29:01 2024: KERNEL_SVC: creating session with uuid: 'fddc305d-4bfe-47cc-ae44-e6c838fbb15d' and name 'v++_package_binary_container_1'
Thu Feb  8 21:29:01 2024: GUIDANCE_SMGR: creating guidance session with uuid: 'fddc305d-4bfe-47cc-ae44-e6c838fbb15d' and name 'v++_package_binary_container_1'
Thu Feb  8 21:29:01 2024: SYSTEM_DIAGRAM: creating session with uuid: 'fddc305d-4bfe-47cc-ae44-e6c838fbb15d' and name 'v++_package_binary_container_1'
Thu Feb  8 21:29:01 2024: SESSION_MGR: closing session for UUID 'fddc305d-4bfe-47cc-ae44-e6c838fbb15d' with name 'v++_package_binary_container_1'
Thu Feb  8 21:29:01 2024: KERNEL_SVC: closing session for UUID 'fddc305d-4bfe-47cc-ae44-e6c838fbb15d' with name 'v++_package_binary_container_1'
Thu Feb  8 21:29:01 2024: GUIDANCE_SMGR: closing session for UUID 'fddc305d-4bfe-47cc-ae44-e6c838fbb15d' with name 'v++_package_binary_container_1'
Thu Feb  8 21:29:01 2024: SYSTEM_DIAGRAM: closing session for UUID 'fddc305d-4bfe-47cc-ae44-e6c838fbb15d' with name 'v++_package_binary_container_1'
Thu Feb  8 21:29:02 2024: STOP_SERVER received, server token: e492d9aa-351b-4849-b67a-b4efae46f6b1, passed token: e492d9aa-351b-4849-b67a-b4efae46f6b1
Thu Feb  8 21:29:02 2024: Socket received request to stop server.
Thu Feb  8 21:29:02 2024: Dispatch Server: do_await_stop
Thu Feb  8 21:29:02 2024: Dispatch Server: stopping mainFifo_
Thu Feb  8 21:29:02 2024: XCD main fifo: Stopping
Thu Feb  8 21:29:02 2024: XCD main fifo: do_read error code: Operation canceled
Thu Feb  8 21:29:02 2024: XCD main fifo: bytes_transferred: 0
Thu Feb  8 21:29:02 2024: SERVER: destructor for server bound to port 42523
Thu Feb  8 21:29:02 2024: XCD main fifo: Good unlink of /tmp/xcdmaine492d9aa-351b-4849-b67a-b4efae46f6b1
Thu Feb  8 21:29:02 2024: Server exiting with status 0.
Thu Feb  8 21:29:02 2024: Closing log file.
Thu Feb  8 22:41:19 2024: Running xcd server. This server was built by gradle.
Thu Feb  8 22:41:19 2024: Server was asked to start on port: '46085'
Thu Feb  8 22:41:19 2024: Server is using token UUID: '7c611214-a7d0-4755-b26d-8e513123bada'
Thu Feb  8 22:41:19 2024: SESSION_MGR: creating session with session uuid: '6d04a3e9-ade5-4ab9-8d63-1f78fcd2ec76' and name 'default'
Thu Feb  8 22:41:19 2024: Attempting to start server on port '46085'
Thu Feb  8 22:41:19 2024: XCD main fifo: created main fifo '/tmp/xcdmain7c611214-a7d0-4755-b26d-8e513123bada', fd read = 13
Thu Feb  8 22:41:19 2024: Running Dispatch Server
Thu Feb  8 22:41:19 2024: Version 2.2.0
Thu Feb  8 22:41:21 2024: Dispatch Server: Accepted socket connection from client
Thu Feb  8 22:41:21 2024: Starting Socket connection
Thu Feb  8 22:41:21 2024: EXCHANGE_TOKEN received, server token: 7c611214-a7d0-4755-b26d-8e513123bada, passed token: 7c611214-a7d0-4755-b26d-8e513123bada
Thu Feb  8 22:41:21 2024: DISPATCH_HANDLER: Adding handler from function makeHandler in library libxv_system_diagram
Thu Feb  8 22:41:21 2024: SESSION_MGR: creating session with session uuid: '15118c04-4a95-42e3-9e77-6cddde3e16b2' and name 'v++_package_binary_container_1'
Thu Feb  8 22:41:21 2024: KERNEL_SVC: creating session with uuid: '15118c04-4a95-42e3-9e77-6cddde3e16b2' and name 'v++_package_binary_container_1'
Thu Feb  8 22:41:21 2024: GUIDANCE_SMGR: creating guidance session with uuid: '15118c04-4a95-42e3-9e77-6cddde3e16b2' and name 'v++_package_binary_container_1'
Thu Feb  8 22:41:21 2024: SYSTEM_DIAGRAM: creating session with uuid: '15118c04-4a95-42e3-9e77-6cddde3e16b2' and name 'v++_package_binary_container_1'
Thu Feb  8 22:41:22 2024: SESSION_MGR: closing session for UUID '15118c04-4a95-42e3-9e77-6cddde3e16b2' with name 'v++_package_binary_container_1'
Thu Feb  8 22:41:22 2024: KERNEL_SVC: closing session for UUID '15118c04-4a95-42e3-9e77-6cddde3e16b2' with name 'v++_package_binary_container_1'
Thu Feb  8 22:41:22 2024: GUIDANCE_SMGR: closing session for UUID '15118c04-4a95-42e3-9e77-6cddde3e16b2' with name 'v++_package_binary_container_1'
Thu Feb  8 22:41:22 2024: SYSTEM_DIAGRAM: closing session for UUID '15118c04-4a95-42e3-9e77-6cddde3e16b2' with name 'v++_package_binary_container_1'
Thu Feb  8 22:41:22 2024: STOP_SERVER received, server token: 7c611214-a7d0-4755-b26d-8e513123bada, passed token: 7c611214-a7d0-4755-b26d-8e513123bada
Thu Feb  8 22:41:22 2024: Socket received request to stop server.
Thu Feb  8 22:41:22 2024: Dispatch Server: do_await_stop
Thu Feb  8 22:41:22 2024: Dispatch Server: stopping mainFifo_
Thu Feb  8 22:41:22 2024: XCD main fifo: Stopping
Thu Feb  8 22:41:22 2024: XCD main fifo: do_read error code: Operation canceled
Thu Feb  8 22:41:22 2024: XCD main fifo: bytes_transferred: 0
Thu Feb  8 22:41:22 2024: SERVER: destructor for server bound to port 46085
Thu Feb  8 22:41:22 2024: XCD main fifo: Good unlink of /tmp/xcdmain7c611214-a7d0-4755-b26d-8e513123bada
Thu Feb  8 22:41:22 2024: Server exiting with status 0.
Thu Feb  8 22:41:22 2024: Closing log file.
Thu Feb  8 22:50:29 2024: Running xcd server. This server was built by gradle.
Thu Feb  8 22:50:29 2024: Server was asked to start on port: '44599'
Thu Feb  8 22:50:29 2024: Server is using token UUID: 'b01030cb-19bd-41e6-bc1b-655025f89051'
Thu Feb  8 22:50:29 2024: SESSION_MGR: creating session with session uuid: '6d04a3e9-ade5-4ab9-8d63-1f78fcd2ec76' and name 'default'
Thu Feb  8 22:50:29 2024: Attempting to start server on port '44599'
Thu Feb  8 22:50:29 2024: XCD main fifo: created main fifo '/tmp/xcdmainb01030cb-19bd-41e6-bc1b-655025f89051', fd read = 13
Thu Feb  8 22:50:29 2024: Running Dispatch Server
Thu Feb  8 22:50:29 2024: Version 2.2.0
Thu Feb  8 22:50:31 2024: Dispatch Server: Accepted socket connection from client
Thu Feb  8 22:50:31 2024: Starting Socket connection
Thu Feb  8 22:50:31 2024: EXCHANGE_TOKEN received, server token: b01030cb-19bd-41e6-bc1b-655025f89051, passed token: b01030cb-19bd-41e6-bc1b-655025f89051
Thu Feb  8 22:50:32 2024: DISPATCH_HANDLER: Adding handler from function makeHandler in library libxv_system_diagram
Thu Feb  8 22:50:32 2024: SESSION_MGR: creating session with session uuid: '37987b58-1283-4ee2-a0a9-e8293d7f3ff8' and name 'v++_package_binary_container_1'
Thu Feb  8 22:50:32 2024: KERNEL_SVC: creating session with uuid: '37987b58-1283-4ee2-a0a9-e8293d7f3ff8' and name 'v++_package_binary_container_1'
Thu Feb  8 22:50:32 2024: GUIDANCE_SMGR: creating guidance session with uuid: '37987b58-1283-4ee2-a0a9-e8293d7f3ff8' and name 'v++_package_binary_container_1'
Thu Feb  8 22:50:32 2024: SYSTEM_DIAGRAM: creating session with uuid: '37987b58-1283-4ee2-a0a9-e8293d7f3ff8' and name 'v++_package_binary_container_1'
Thu Feb  8 22:50:32 2024: SESSION_MGR: closing session for UUID '37987b58-1283-4ee2-a0a9-e8293d7f3ff8' with name 'v++_package_binary_container_1'
Thu Feb  8 22:50:32 2024: KERNEL_SVC: closing session for UUID '37987b58-1283-4ee2-a0a9-e8293d7f3ff8' with name 'v++_package_binary_container_1'
Thu Feb  8 22:50:32 2024: GUIDANCE_SMGR: closing session for UUID '37987b58-1283-4ee2-a0a9-e8293d7f3ff8' with name 'v++_package_binary_container_1'
Thu Feb  8 22:50:32 2024: SYSTEM_DIAGRAM: closing session for UUID '37987b58-1283-4ee2-a0a9-e8293d7f3ff8' with name 'v++_package_binary_container_1'
Thu Feb  8 22:50:32 2024: STOP_SERVER received, server token: b01030cb-19bd-41e6-bc1b-655025f89051, passed token: b01030cb-19bd-41e6-bc1b-655025f89051
Thu Feb  8 22:50:32 2024: Socket received request to stop server.
Thu Feb  8 22:50:32 2024: Dispatch Server: do_await_stop
Thu Feb  8 22:50:32 2024: Dispatch Server: stopping mainFifo_
Thu Feb  8 22:50:32 2024: XCD main fifo: Stopping
Thu Feb  8 22:50:32 2024: XCD main fifo: do_read error code: Operation canceled
Thu Feb  8 22:50:32 2024: XCD main fifo: bytes_transferred: 0
Thu Feb  8 22:50:32 2024: SERVER: destructor for server bound to port 44599
Thu Feb  8 22:50:32 2024: XCD main fifo: Good unlink of /tmp/xcdmainb01030cb-19bd-41e6-bc1b-655025f89051
Thu Feb  8 22:50:32 2024: Server exiting with status 0.
Thu Feb  8 22:50:32 2024: Closing log file.
Fri Feb  9 23:24:42 2024: Running xcd server. This server was built by gradle.
Fri Feb  9 23:24:42 2024: Server was asked to start on port: '42667'
Fri Feb  9 23:24:42 2024: Server is using token UUID: 'b8be74c0-07d5-4a79-a1fa-884b51b91f54'
Fri Feb  9 23:24:42 2024: SESSION_MGR: creating session with session uuid: '6d04a3e9-ade5-4ab9-8d63-1f78fcd2ec76' and name 'default'
Fri Feb  9 23:24:42 2024: Attempting to start server on port '42667'
Fri Feb  9 23:24:42 2024: XCD main fifo: created main fifo '/tmp/xcdmainb8be74c0-07d5-4a79-a1fa-884b51b91f54', fd read = 13
Fri Feb  9 23:24:42 2024: Running Dispatch Server
Fri Feb  9 23:24:42 2024: Version 2.2.0
Fri Feb  9 23:24:44 2024: Dispatch Server: Accepted socket connection from client
Fri Feb  9 23:24:44 2024: Starting Socket connection
Fri Feb  9 23:24:44 2024: EXCHANGE_TOKEN received, server token: b8be74c0-07d5-4a79-a1fa-884b51b91f54, passed token: b8be74c0-07d5-4a79-a1fa-884b51b91f54
Fri Feb  9 23:24:44 2024: DISPATCH_HANDLER: Adding handler from function makeHandler in library libxv_system_diagram
Fri Feb  9 23:24:44 2024: SESSION_MGR: creating session with session uuid: 'a7eb8b68-7df3-4d21-b74d-11144088ef4b' and name 'v++_package_binary_container_1'
Fri Feb  9 23:24:44 2024: KERNEL_SVC: creating session with uuid: 'a7eb8b68-7df3-4d21-b74d-11144088ef4b' and name 'v++_package_binary_container_1'
Fri Feb  9 23:24:44 2024: GUIDANCE_SMGR: creating guidance session with uuid: 'a7eb8b68-7df3-4d21-b74d-11144088ef4b' and name 'v++_package_binary_container_1'
Fri Feb  9 23:24:44 2024: SYSTEM_DIAGRAM: creating session with uuid: 'a7eb8b68-7df3-4d21-b74d-11144088ef4b' and name 'v++_package_binary_container_1'
Fri Feb  9 23:24:45 2024: SESSION_MGR: closing session for UUID 'a7eb8b68-7df3-4d21-b74d-11144088ef4b' with name 'v++_package_binary_container_1'
Fri Feb  9 23:24:45 2024: KERNEL_SVC: closing session for UUID 'a7eb8b68-7df3-4d21-b74d-11144088ef4b' with name 'v++_package_binary_container_1'
Fri Feb  9 23:24:45 2024: GUIDANCE_SMGR: closing session for UUID 'a7eb8b68-7df3-4d21-b74d-11144088ef4b' with name 'v++_package_binary_container_1'
Fri Feb  9 23:24:45 2024: SYSTEM_DIAGRAM: closing session for UUID 'a7eb8b68-7df3-4d21-b74d-11144088ef4b' with name 'v++_package_binary_container_1'
Fri Feb  9 23:24:45 2024: STOP_SERVER received, server token: b8be74c0-07d5-4a79-a1fa-884b51b91f54, passed token: b8be74c0-07d5-4a79-a1fa-884b51b91f54
Fri Feb  9 23:24:45 2024: Socket received request to stop server.
Fri Feb  9 23:24:45 2024: Dispatch Server: do_await_stop
Fri Feb  9 23:24:45 2024: Dispatch Server: stopping mainFifo_
Fri Feb  9 23:24:45 2024: XCD main fifo: Stopping
Fri Feb  9 23:24:45 2024: XCD main fifo: do_read error code: Operation canceled
Fri Feb  9 23:24:45 2024: XCD main fifo: bytes_transferred: 0
Fri Feb  9 23:24:45 2024: SERVER: destructor for server bound to port 42667
Fri Feb  9 23:24:45 2024: XCD main fifo: Good unlink of /tmp/xcdmainb8be74c0-07d5-4a79-a1fa-884b51b91f54
Fri Feb  9 23:24:45 2024: Server exiting with status 0.
Fri Feb  9 23:24:45 2024: Closing log file.
