Add module pass {anonymous}::GuidancePass
Add module pass {anonymous}::ChessOptionsPass
Add module pass {anonymous}::DisableInliningInMainPass
Add module pass {anonymous}::XLModuleAdaptor<llvm::PromotePass>
Add module pass {anonymous}::IpConstPropPass
Add module pass {anonymous}::XLModuleAdaptor<llvm::SimplifyCFGPass>
Add module pass {anonymous}::XLModuleAdaptor<llvm::LoopSimplifyPass>
Add module pass {anonymous}::XLModuleAdaptor<llvm::FunctionToLoopPassAdaptor>
Add module pass {anonymous}::XLModuleAdaptor<{anonymous}::AIELoopInfoPass>
Add module pass cdno::xlopt::AIEAnnotatePragmaPass
Add module pass {anonymous}::XLModuleAdaptor<{anonymous}::AIELoopPeelPass>
Add module pass {anonymous}::AIEAliasAnalysisPass


--------------- FILTER ANALYSIS INFO LOG ---------------

Reading Header IR from ir/_header.ll 

--------------------------------------------------------



--------------- LOOP STATISTICS : _Z9matrix256P12input_streamIiES1_P13output_streamIiE ---------------

Total loops = 1
Loops with prepare for pipelining pragma = 1
Loops with unroll pragma = 0
Loops with flatten pragma = 0
Loops with min range pragma = 1
Loops with max range pragma = 1
Loops with known trip count = 1

------------------------------------------------------------------------------------------------------



--------------- LOOP STATISTICS : main ---------------

Total loops = 2
Loops with prepare for pipelining pragma = 0
Loops with unroll pragma = 0
Loops with flatten pragma = 0
Loops with min range pragma = 0
Loops with max range pragma = 0
Loops with known trip count = 0

------------------------------------------------------



--------------- PRAGMA INSERTION LOG (unroll threshold = 3000, max unroll factor = 8) ---------------

Adding pragma to function _Z9matrix256P12input_streamIiES1_P13output_streamIiE :
	Pragma added to loop at line 18 in file aie_component/src/kernels/vitis_single_node_templates.cc : chess_loop_range(32,32)

-----------------------------------------------------------------------------------------------------

