INFO: [aiecompiler 77-3355] ###[Start]: Reading in platform specification from /tools/Xilinx/Vitis/2023.2/base_platforms/xilinx_vck190_base_202320_1/xilinx_vck190_base_202320_1.xpfm
INFO: [aiecompiler 55-2099] Unable to extract 'pdi_files' from /tools/Xilinx/Vitis/2023.2/base_platforms/xilinx_vck190_base_202320_1/hw/hw.xsa to /tools/Xilinx/Vitis/2023.2/base_platforms/xilinx_vck190_base_202320_1/hw/extracted/vitis_design_wrapper_0. XSA may not contain 'pdi_files' or the destination directory is read-only
INFO: [aiecompiler 55-2053] elapsed time for repository (/tools/Xilinx/Vivado/2023.2/data/embeddedsw) loading 0 seconds
INFO: [aiecompiler 77-3354] ###[Finish]:  Reading in platform specification from /tools/Xilinx/Vitis/2023.2/base_platforms/xilinx_vck190_base_202320_1/xilinx_vck190_base_202320_1.xpfm
INFO: [aiecompiler 21-403] Loading part xcvc1902-vsva2197-2MP-e-S
INFO: [aiecompiler 77-3379] Extracted physical device part from platform is : xcvc1902-vsva2197-2MP-e-S 
INFO: [aiecompiler 77-297] Cmd Line : /tools/Xilinx/Vitis/2023.2/aietools/bin/unwrapped/lnx64.o/aiecompiler --config /home/yzwu/Desktop/soc_test/matrix_plio/build/x86sim/Work/aie_x86sim.cfg 
INFO: [aiecompiler 77-404] Executing Cmd: ${XILINX_VITIS_AIETOOLS}/tps/lnx64/gcc/bin/g++ -E -std=c++17 -D__ADF_FRONTEND__ -D__AIE_ARCH__=10 -I/tools/Xilinx/Vitis/2023.2/aietools/include  -I .  -I /home/yzwu/Desktop/soc_test/aie_component -I /home/yzwu/Desktop/soc_test/aie_component/src /home/yzwu/Desktop/soc_test/matrix_plio/src/project.cpp > /home/yzwu/Desktop/soc_test/matrix_plio/build/x86sim/./Work/temp/project.ii
INFO: [aiecompiler 77-404] Executing Cmd: graph_preprocessor /home/yzwu/Desktop/soc_test/matrix_plio/build/x86sim/./Work/temp/project.ii -o /home/yzwu/Desktop/soc_test/matrix_plio/build/x86sim/./Work/temp/project.processed.ii -report-core-dump  -- -std=c++17  -ftemplate-depth=2048  -Wno-return-stack-address  -Wno-missing-declarations  -Wno-parentheses-equality  -Wno-shift-negative-value  
INFO: [aiecompiler 77-404] Executing Cmd: ${XILINX_VITIS_AIETOOLS}/tps/lnx64/gcc/bin/g++  -std=c++17  -I .  /home/yzwu/Desktop/soc_test/matrix_plio/build/x86sim/./Work/temp/project.processed.ii -o /home/yzwu/Desktop/soc_test/matrix_plio/build/x86sim/./Work/temp/project.out -L /tools/Xilinx/Vitis/2023.2/aietools/lib/lnx64.o -g -O0 -Wl,--unresolved-symbols=ignore-all  -Wno-return-stack-address  -Wno-missing-declarations  -lfxml_meir_frontend  -lfxml_adf_api_frontend 
INFO: [aiecompiler 77-404] Executing Cmd: /home/yzwu/Desktop/soc_test/matrix_plio/build/x86sim/./Work/temp/project.out -I /home/yzwu/Desktop/soc_test/aie_component -I /home/yzwu/Desktop/soc_test/aie_component/src -workdir=/home/yzwu/Desktop/soc_test/matrix_plio/build/x86sim/./Work -aiearch=aie -log-level=1 --pl-axi-lite=0 --enable-multi-layer=0 --disable-dma-autostart=0 --enable-light-cdo=0 --large-program-memory=0
INFO: [aiecompiler 77-749] Reading logical device VC1902.json
INFO: [aiecompiler 77-44894] Executing Cmd: aieir_be --time-passes=0  --disable-om-fifo-insertion=false  --logcfg-file=  --trace-plio-width=64  --pl-freq=312.5  --show-loggers=false  --fast-nonlinearfloats=false  --broadcast-enable-core=true  --high-performance=false  --kernel-address-location=false  --target=x86sim --swfifo-threshold=40  --single-mm2s-channel=false  --workdir=/home/yzwu/Desktop/soc_test/matrix_plio/build/x86sim/./Work  --exit-after=complete  --event-trace-config=  --test-iterations=-1  --stacksize=1024  --known-tripcount=false  --platform=/tools/Xilinx/Vitis/2023.2/base_platforms/xilinx_vck190_base_202320_1/xilinx_vck190_base_202320_1.xpfm  --event-trace-custom-config=  --output-archive=libadf.a  --write-partitioned-file=true  --schemafile=AIEGraphSchema.json  --disable-multirate=false  --include="/home/yzwu/Desktop/soc_test/aie_component" --include="/home/yzwu/Desktop/soc_test/aie_component/src" --fastmath=false  --event-trace-advanced-mapping=0  --lock-fence-mode=1  --enable-reconfig=false  --evaluate-fifo-depth=false  --gen-graph-cleanup=false  --use-canonical-net-names=false  --event-trace-port=gmio --use-phy-shim=true  --xlopt=1  --graph-iterator-event=false  --trace-aiesim-option=0  --mapped-soln-udm=  --optimize-pktids=false  --no-init=false  --adf-api-log-level=2  --num-trace-streams=16  --fast-floats=true  --quiet=false  --exec-timed=0  --Xchess="main:darts.xargs=-nb" --routed-soln-udm=  --large-kernel-program=false  --enable-profiling=false  --runtime-opt=false  --part=  --disable-transform-merge-broadcast=false  --verbose=false  --kernel-compile-replacement=  --event-trace-bounding-box=  --heapsize=1024  --logical-arch=  --enable-reconfig-dma-autostart=false  --nodot-graph=false  --disable-dma-autostart=false  --include-mem-tile=  --disable-transform-broadcast-split=true  --json=/home/yzwu/Desktop/soc_test/matrix_plio/build/x86sim/./Work/temp/project.json
INFO: [aiecompiler 77-3355] ###[Start]: Reading in platform specification from /tools/Xilinx/Vitis/2023.2/base_platforms/xilinx_vck190_base_202320_1/xilinx_vck190_base_202320_1.xpfm
INFO: [aiecompiler 55-2099] Unable to extract 'pdi_files' from /tools/Xilinx/Vitis/2023.2/base_platforms/xilinx_vck190_base_202320_1/hw/hw.xsa to /tools/Xilinx/Vitis/2023.2/base_platforms/xilinx_vck190_base_202320_1/hw/extracted/vitis_design_wrapper_0. XSA may not contain 'pdi_files' or the destination directory is read-only
INFO: [aiecompiler 55-2053] elapsed time for repository (/tools/Xilinx/Vivado/2023.2/data/embeddedsw) loading 0 seconds
INFO: [aiecompiler 77-3354] ###[Finish]:  Reading in platform specification from /tools/Xilinx/Vitis/2023.2/base_platforms/xilinx_vck190_base_202320_1/xilinx_vck190_base_202320_1.xpfm
INFO: [aiecompiler 77-757] Opening input file: /home/yzwu/Desktop/soc_test/matrix_plio/build/x86sim/./Work/temp/project.json
INFO: [aiecompiler 77-43940] Emitting AIEIr in file: /home/yzwu/Desktop/soc_test/matrix_plio/build/x86sim/./Work/temp/project_aieir_dump.txt
INFO: [aiecompiler 77-656] Processing Graph 'root'
INFO: [aiecompiler 77-5917] Repetition count for mygraph.first is 1.
INFO: [aiecompiler 77-5607] ### Entering X86Sim Switch Configuration pass
INFO: [aiecompiler 77-5606] ### Done with X86Sim Switch Configuration pass
DEBUG:Buildx86simCFGraph:### Entering Build CFGraph pass
DEBUG:Buildx86simCFGraph:### CF Graph is built
INFO: [aiecompiler 77-610] Performing x86Sim Graph Analysis
INFO: [aiecompiler 77-600] Emitting x86Sim Code
INFO: [aiecompiler 77-608] New x86Sim Code Generation Complete
INFO: [aiecompiler 77-599] Building simulation executable
INFO: [aiecompiler 77-404] Executing Cmd: make -j4 -C /home/yzwu/Desktop/soc_test/matrix_plio/build/x86sim/./Work/pthread -f makefile -O --no-print-directory all 
INFO: [aiecompiler 77-43881] ### Entering Packager pass
INFO: [aiecompiler 77-4236] Adding hardware components under: /home/yzwu/Desktop/soc_test/matrix_plio/build/x86sim/./Work/temp/hw.o  
INFO: [aiecompiler 77-4237] Adding software components under: /home/yzwu/Desktop/soc_test/matrix_plio/build/x86sim/./Work/temp/sw.o  
INFO: [aiecompiler 77-4235] Adding emulation and config components under: /home/yzwu/Desktop/soc_test/matrix_plio/build/x86sim/./Work/temp/cfg.o 
INFO: [aiecompiler 77-3462] Deleting existing hand-off archive: libadf.a
INFO: [aiecompiler 77-1086] Generating hand-off archive: libadf.a
INFO: [aiecompiler 77-43880] ### Done with Packager pass (0 secs)
INFO: [aiecompiler 77-44881] Run completed. Find additional information in:
	Guidance: /home/yzwu/Desktop/soc_test/matrix_plio/build/x86sim/./Work/reports/guidance.html

INFO: [aiecompiler 77-44882] Use the vitis_analyzer tool to visualize and navigate the relevant reports. Run: 
	vitis_analyzer /home/yzwu/Desktop/soc_test/matrix_plio/build/x86sim/./Work/project.aiecompile_summary

Compilation Complete
(WARNING:0, CRITICAL-WARNING:0, ERROR:0)
