Running AIE Simulator in Online mode...
AIEsim feature license is found.
Removed previously generated memcfg file
INFO: Executing config: ./Work/config/scsim_config.json
[INFO]: If you are running trace or profile, Xilinx recommends to use --xlopt=0. This will give a greater visibility into the design. One can verify --xlopt level in the aiecompiler command line.
profile data for cores: All
set use_simple_noc to: 1
Loading device config from: /tools/Xilinx/Vitis/2023.2/aietools/data/devices/VC1902.json
Removed previously generated option file
[INFO] : Reading options file at /home/yzwu/Desktop/soc_test/matrix_plio/build/hw/aiesimTraceOptions.txt
Initializing AIE driver...
Initializing ADF API...
XAIEFAL: INFO: Resource group Avail is created.
XAIEFAL: INFO: Resource group Static is created.
XAIEFAL: INFO: Resource group Generic is created.
IP-INFO: [ps_i4_ps_main] IP loaded.

Info: DEVICE FILE: /tools/Xilinx/Vitis/2023.2/aietools/data/devices/VC1902.json

Info: AIE SOLUTION FILE: ./Work/arch/aieshim_solution.aiesol
[AIESIM_OPTIONS]: aiesim_options file path aiesimulator_output/aiesim_options.txt
[INFO]: Disable Unused Tiles
[INFO]: Xpe File: /home/yzwu/Desktop/soc_test/matrix_plio/build/hw/./Work/reports/project.xpe
INFO  : INFO: Running AIE MTMODEL Simulation with 1 threads
ISS disables unused tiles
Optimized ISS Wrapper (R+W), r2p24
RPC SERVER MESSAGE
RPC SERVER MESSAGE iss rpc_server available on port 37907
RPC SERVER MESSAGE
INFO  : ROWS: 8 COLS: 50
Running Dispatch Server on port: 44679
Current Directory=/home/yzwu/Desktop/soc_test/matrix_plio/build/hw
--------------------------------------------------------------------------------------------------
SLAVE STREAM INFO:  | Port Name         | Port Width        | Stream Type       | Channel Index     
                    | S00_AXIS          | 32                | PL STREAM         | 193               
                    | S01_AXIS          | 32                | PL STREAM         | 194               
--------------------------------------------------------------------------------------------------
--------------------------------------------------------------------------------------------------
MASTER STREAM INFO: | Port Name         | Port Width        | Stream Type       | Channel Index     
                    | M00_AXIS          | 32                | PL STREAM         | 145               
--------------------------------------------------------------------------------------------------
Enabled fast PM writes.
Enabled fast DM writes.
Open VCD pipe: /tmp/vcd_fifo_7f0130be-1d42-4dfa-ab3a-90e4ea4e7d04
Info: (I702) default timescale unit used for tracing: 1 ps (/tmp/vcd_fifo_7f0130be-1d42-4dfa-ab3a-90e4ea4e7d04.vcd)
[INFO]: Enabled Stream Switch Port Latency 
IP-INFO: Starting to send data from file: ../../data/inputmatrixa.txt
IP-INFO: AMD recommends using the CSV based file format for simulating PLIO based input and outputs which provides support for enhanced data control. For more details, please refer UG 1076 https://docs.xilinx.com/r/en-US/ug1076-ai-engine-environment/Simulation-Input-and-Output-Data-Streams 
IP-INFO: Starting to send data from file: ../../data/inputmatrix.txt
Starting to receive data into file: aiesimulator_output/data/output_1.txt
IP-INFO: [ps_i4_ps_main] IP started.
me[::tl.aie_logical.aie_xtlm.math_engine.array.tile_24_1.cm.proc.iss] : Stack range [229408..230431] has been loaded from elf executable for stack memory DM_stack and stack pointer SP
me[::tl.aie_logical.aie_xtlm.math_engine.array.tile_24_1.cm.proc.iss] : Stack pointer SP for memory DM_stack has been initialised from elf executable to 229408
Loading elfs of graph mygraph...
Initializing graph mygraph...
MSG :   -1 : me[::tl.aie_logical.aie_xtlm.math_engine.array.tile_24_1.cm.proc.iss] : Stack range [229408..230431] has been loaded from elf executable for stack memory DM_stack and stack pointer SP : loadprogram (elf)
MSG :   -1 : me[::tl.aie_logical.aie_xtlm.math_engine.array.tile_24_1.cm.proc.iss] : Stack pointer SP for memory DM_stack has been initialised from elf executable to 229408 : loadprogram (elf)
Resetting cores of graph mygraph...
Configuring DMAs of graph mygraph...
Configuring PL-Interface for graph mygraph...
Set iterations for the core(s) of graph mygraph
Enabling core(s) of graph mygraph
Waiting for core(s) of graph mygraph to finish execution ...
core(s) are done executing
Waiting for core(s) of graph mygraph to finish execution ...
core(s) are done executing
time = 19160585 us

cycles of matrix : 61068125095

Exiting!
Cores are done executing but the simulation will run for some more cycles to allow PLIO to be flushed
generate profile data for all cores
WRN :   -2 : me[::tl.aie_logical.aie_xtlm.math_engine.array.tile_24_1.cm.proc.iss] : Execution tracing should be enabled when requesting function details : chkapi_function_profiling
WARNING : WRN (-2) : me[::tl.aie_logical.aie_xtlm.math_engine.array.tile_24_1.cm.proc.iss] : Execution tracing should be enabled when requesting function details : in function chkapi_function_profiling
generate profile data for all cores
WRN :   -2 : me[::tl.aie_logical.aie_xtlm.math_engine.array.tile_24_1.cm.proc.iss] : Execution tracing should be enabled when requesting function details : chkapi_function_profiling
Stopping Simulator.

Info: /OSCI/SystemC: Simulation stopped by user.
IP-INFO: deleting ip PSIP_ps_i4 
IP-INFO: deleting packet ip 
IP-INFO: deleting packet ip 
IP-INFO: deleting packet ip 
[INFO] : Simulation Finished, Sim result: 0 Total Simulation time 38012 ns
AIEsim feature license is released.
