Sat Feb 10 16:34:25 2024: Running xcd server. This server was built by gradle.
Sat Feb 10 16:34:25 2024: Server was asked to start on port: '38245'
Sat Feb 10 16:34:25 2024: Server is using token UUID: '78b9ece9-889e-4d6a-97af-f6510bd212a3'
Sat Feb 10 16:34:25 2024: SESSION_MGR: creating session with session uuid: '6d04a3e9-ade5-4ab9-8d63-1f78fcd2ec76' and name 'default'
Sat Feb 10 16:34:25 2024: Attempting to start server on port '38245'
Sat Feb 10 16:34:25 2024: XCD main fifo: created main fifo '/tmp/xcdmain78b9ece9-889e-4d6a-97af-f6510bd212a3', fd read = 13
Sat Feb 10 16:34:25 2024: Running Dispatch Server
Sat Feb 10 16:34:25 2024: Version 2.2.0
Sat Feb 10 16:34:27 2024: Dispatch Server: Accepted socket connection from client
Sat Feb 10 16:34:27 2024: Starting Socket connection
Sat Feb 10 16:34:27 2024: EXCHANGE_TOKEN received, server token: 78b9ece9-889e-4d6a-97af-f6510bd212a3, passed token: 78b9ece9-889e-4d6a-97af-f6510bd212a3
Sat Feb 10 16:34:27 2024: SESSION_MGR: creating session with session uuid: '913392a8-071f-4c32-ae1f-d52be5d5b4a6' and name 'AIE Simulation'
Sat Feb 10 16:34:27 2024: KERNEL_SVC: creating session with uuid: '913392a8-071f-4c32-ae1f-d52be5d5b4a6' and name 'AIE Simulation'
Sat Feb 10 16:34:27 2024: GUIDANCE_SMGR: creating guidance session with uuid: '913392a8-071f-4c32-ae1f-d52be5d5b4a6' and name 'AIE Simulation'
Sat Feb 10 16:37:02 2024: Running xcd server. This server was built by gradle.
Sat Feb 10 16:37:02 2024: Server was asked to start on port: '36477'
Sat Feb 10 16:37:02 2024: Server is using token UUID: '218d669f-229b-477c-8714-06ed16f41b57'
Sat Feb 10 16:37:02 2024: SESSION_MGR: creating session with session uuid: '6d04a3e9-ade5-4ab9-8d63-1f78fcd2ec76' and name 'default'
Sat Feb 10 16:37:02 2024: Attempting to start server on port '36477'
Sat Feb 10 16:37:02 2024: XCD main fifo: created main fifo '/tmp/xcdmain218d669f-229b-477c-8714-06ed16f41b57', fd read = 13
Sat Feb 10 16:37:02 2024: Running Dispatch Server
Sat Feb 10 16:37:02 2024: Version 2.2.0
Sat Feb 10 16:37:04 2024: Dispatch Server: Accepted socket connection from client
Sat Feb 10 16:37:04 2024: Starting Socket connection
Sat Feb 10 16:37:04 2024: EXCHANGE_TOKEN received, server token: 218d669f-229b-477c-8714-06ed16f41b57, passed token: 218d669f-229b-477c-8714-06ed16f41b57
Sat Feb 10 16:37:04 2024: SESSION_MGR: creating session with session uuid: '5c839af6-f186-450c-80bf-bc30a8bec9d7' and name 'AIE Simulation'
Sat Feb 10 16:37:04 2024: KERNEL_SVC: creating session with uuid: '5c839af6-f186-450c-80bf-bc30a8bec9d7' and name 'AIE Simulation'
Sat Feb 10 16:37:04 2024: GUIDANCE_SMGR: creating guidance session with uuid: '5c839af6-f186-450c-80bf-bc30a8bec9d7' and name 'AIE Simulation'
Sat Feb 10 16:37:37 2024: Running xcd server. This server was built by gradle.
Sat Feb 10 16:37:37 2024: Server was asked to start on port: '36927'
Sat Feb 10 16:37:37 2024: Server is using token UUID: 'bc443170-a21a-49b6-8c86-f6819ccd865c'
Sat Feb 10 16:37:37 2024: SESSION_MGR: creating session with session uuid: '6d04a3e9-ade5-4ab9-8d63-1f78fcd2ec76' and name 'default'
Sat Feb 10 16:37:37 2024: Attempting to start server on port '36927'
Sat Feb 10 16:37:37 2024: XCD main fifo: created main fifo '/tmp/xcdmainbc443170-a21a-49b6-8c86-f6819ccd865c', fd read = 13
Sat Feb 10 16:37:37 2024: Running Dispatch Server
Sat Feb 10 16:37:37 2024: Version 2.2.0
Sat Feb 10 16:37:39 2024: Dispatch Server: Accepted socket connection from client
Sat Feb 10 16:37:39 2024: Starting Socket connection
Sat Feb 10 16:37:39 2024: EXCHANGE_TOKEN received, server token: bc443170-a21a-49b6-8c86-f6819ccd865c, passed token: bc443170-a21a-49b6-8c86-f6819ccd865c
Sat Feb 10 16:37:39 2024: SESSION_MGR: creating session with session uuid: '991272f0-a6c7-4c95-8675-a4d7d249c312' and name 'AIE Simulation'
Sat Feb 10 16:37:39 2024: KERNEL_SVC: creating session with uuid: '991272f0-a6c7-4c95-8675-a4d7d249c312' and name 'AIE Simulation'
Sat Feb 10 16:37:39 2024: GUIDANCE_SMGR: creating guidance session with uuid: '991272f0-a6c7-4c95-8675-a4d7d249c312' and name 'AIE Simulation'
Sat Feb 10 16:39:47 2024: Running xcd server. This server was built by gradle.
Sat Feb 10 16:39:47 2024: Server was asked to start on port: '35451'
Sat Feb 10 16:39:47 2024: Server is using token UUID: '20995b8f-8761-4d4b-809f-6716c50656b6'
Sat Feb 10 16:39:47 2024: SESSION_MGR: creating session with session uuid: '6d04a3e9-ade5-4ab9-8d63-1f78fcd2ec76' and name 'default'
Sat Feb 10 16:39:47 2024: Attempting to start server on port '35451'
Sat Feb 10 16:39:47 2024: XCD main fifo: created main fifo '/tmp/xcdmain20995b8f-8761-4d4b-809f-6716c50656b6', fd read = 15
Sat Feb 10 16:39:47 2024: Running Dispatch Server
Sat Feb 10 16:39:47 2024: Version 2.2.0
Sat Feb 10 16:39:49 2024: Dispatch Server: Accepted socket connection from client
Sat Feb 10 16:39:49 2024: Starting Socket connection
Sat Feb 10 16:39:49 2024: EXCHANGE_TOKEN received, server token: 20995b8f-8761-4d4b-809f-6716c50656b6, passed token: 20995b8f-8761-4d4b-809f-6716c50656b6
Sat Feb 10 16:39:49 2024: SESSION_MGR: creating session with session uuid: '6344fc95-309c-4c9c-b0c2-06cc1ef90231' and name 'AIE Simulation'
Sat Feb 10 16:39:49 2024: KERNEL_SVC: creating session with uuid: '6344fc95-309c-4c9c-b0c2-06cc1ef90231' and name 'AIE Simulation'
Sat Feb 10 16:39:49 2024: GUIDANCE_SMGR: creating guidance session with uuid: '6344fc95-309c-4c9c-b0c2-06cc1ef90231' and name 'AIE Simulation'
Sun Feb 11 11:35:50 2024: Running xcd server. This server was built by gradle.
Sun Feb 11 11:35:50 2024: Server was asked to start on port: '42603'
Sun Feb 11 11:35:50 2024: Server is using token UUID: '31192ca0-257c-496f-83d3-8d8684aec457'
Sun Feb 11 11:35:50 2024: SESSION_MGR: creating session with session uuid: '6d04a3e9-ade5-4ab9-8d63-1f78fcd2ec76' and name 'default'
Sun Feb 11 11:35:50 2024: Attempting to start server on port '42603'
Sun Feb 11 11:35:50 2024: XCD main fifo: created main fifo '/tmp/xcdmain31192ca0-257c-496f-83d3-8d8684aec457', fd read = 15
Sun Feb 11 11:35:50 2024: Running Dispatch Server
Sun Feb 11 11:35:50 2024: Version 2.2.0
Sun Feb 11 11:35:52 2024: Dispatch Server: Accepted socket connection from client
Sun Feb 11 11:35:52 2024: Starting Socket connection
Sun Feb 11 11:35:52 2024: EXCHANGE_TOKEN received, server token: 31192ca0-257c-496f-83d3-8d8684aec457, passed token: 31192ca0-257c-496f-83d3-8d8684aec457
Sun Feb 11 11:35:52 2024: SESSION_MGR: creating session with session uuid: '00c2ba83-628b-4e24-aff8-f37ee35f63ae' and name 'AIE Simulation'
Sun Feb 11 11:35:52 2024: KERNEL_SVC: creating session with uuid: '00c2ba83-628b-4e24-aff8-f37ee35f63ae' and name 'AIE Simulation'
Sun Feb 11 11:35:52 2024: GUIDANCE_SMGR: creating guidance session with uuid: '00c2ba83-628b-4e24-aff8-f37ee35f63ae' and name 'AIE Simulation'
Sun Feb 11 16:24:20 2024: Running xcd server. This server was built by gradle.
Sun Feb 11 16:24:20 2024: Server was asked to start on port: '46473'
Sun Feb 11 16:24:20 2024: Server is using token UUID: '1172c204-d856-4e05-9f27-a924e80c9e1d'
Sun Feb 11 16:24:20 2024: SESSION_MGR: creating session with session uuid: '6d04a3e9-ade5-4ab9-8d63-1f78fcd2ec76' and name 'default'
Sun Feb 11 16:24:20 2024: Attempting to start server on port '46473'
Sun Feb 11 16:24:20 2024: XCD main fifo: created main fifo '/tmp/xcdmain1172c204-d856-4e05-9f27-a924e80c9e1d', fd read = 15
Sun Feb 11 16:24:20 2024: Running Dispatch Server
Sun Feb 11 16:24:20 2024: Version 2.2.0
Sun Feb 11 16:24:22 2024: Dispatch Server: Accepted socket connection from client
Sun Feb 11 16:24:22 2024: Starting Socket connection
Sun Feb 11 16:24:22 2024: EXCHANGE_TOKEN received, server token: 1172c204-d856-4e05-9f27-a924e80c9e1d, passed token: 1172c204-d856-4e05-9f27-a924e80c9e1d
Sun Feb 11 16:24:22 2024: SESSION_MGR: creating session with session uuid: 'e49f8bbe-fe57-4977-bc26-6439a6355094' and name 'AIE Simulation'
Sun Feb 11 16:24:22 2024: KERNEL_SVC: creating session with uuid: 'e49f8bbe-fe57-4977-bc26-6439a6355094' and name 'AIE Simulation'
Sun Feb 11 16:24:22 2024: GUIDANCE_SMGR: creating guidance session with uuid: 'e49f8bbe-fe57-4977-bc26-6439a6355094' and name 'AIE Simulation'
Sun Feb 11 16:26:05 2024: Running xcd server. This server was built by gradle.
Sun Feb 11 16:26:05 2024: Server was asked to start on port: '44955'
Sun Feb 11 16:26:05 2024: Server is using token UUID: '5a4176db-859d-4e0f-9584-ce9e4582d172'
Sun Feb 11 16:26:05 2024: SESSION_MGR: creating session with session uuid: '6d04a3e9-ade5-4ab9-8d63-1f78fcd2ec76' and name 'default'
Sun Feb 11 16:26:05 2024: Attempting to start server on port '44955'
Sun Feb 11 16:26:05 2024: XCD main fifo: created main fifo '/tmp/xcdmain5a4176db-859d-4e0f-9584-ce9e4582d172', fd read = 15
Sun Feb 11 16:26:05 2024: Running Dispatch Server
Sun Feb 11 16:26:05 2024: Version 2.2.0
Sun Feb 11 16:26:07 2024: Dispatch Server: Accepted socket connection from client
Sun Feb 11 16:26:07 2024: Starting Socket connection
Sun Feb 11 16:26:07 2024: EXCHANGE_TOKEN received, server token: 5a4176db-859d-4e0f-9584-ce9e4582d172, passed token: 5a4176db-859d-4e0f-9584-ce9e4582d172
Sun Feb 11 16:26:07 2024: SESSION_MGR: creating session with session uuid: '42a3003a-940d-48e3-bb76-10ceb1079171' and name 'AIE Simulation'
Sun Feb 11 16:26:07 2024: KERNEL_SVC: creating session with uuid: '42a3003a-940d-48e3-bb76-10ceb1079171' and name 'AIE Simulation'
Sun Feb 11 16:26:07 2024: GUIDANCE_SMGR: creating guidance session with uuid: '42a3003a-940d-48e3-bb76-10ceb1079171' and name 'AIE Simulation'
Sun Feb 11 16:26:59 2024: SESSION_MGR: closing session for UUID '42a3003a-940d-48e3-bb76-10ceb1079171' with name ''
Sun Feb 11 16:26:59 2024: KERNEL_SVC: closing session for UUID '42a3003a-940d-48e3-bb76-10ceb1079171' with name ''
Sun Feb 11 16:26:59 2024: GUIDANCE_SMGR: closing session for UUID '42a3003a-940d-48e3-bb76-10ceb1079171' with name ''
Sun Feb 11 16:26:59 2024: STOP_SERVER received, server token: 5a4176db-859d-4e0f-9584-ce9e4582d172, passed token: 5a4176db-859d-4e0f-9584-ce9e4582d172
Sun Feb 11 16:26:59 2024: Socket received request to stop server.
Sun Feb 11 16:26:59 2024: Dispatch Server: do_await_stop
Sun Feb 11 16:26:59 2024: Dispatch Server: stopping mainFifo_
Sun Feb 11 16:26:59 2024: XCD main fifo: Stopping
Sun Feb 11 16:26:59 2024: XCD main fifo: do_read error code: Operation canceled
Sun Feb 11 16:26:59 2024: XCD main fifo: bytes_transferred: 0
Sun Feb 11 16:26:59 2024: SERVER: destructor for server bound to port 44955
Sun Feb 11 16:26:59 2024: XCD main fifo: Good unlink of /tmp/xcdmain5a4176db-859d-4e0f-9584-ce9e4582d172
Sun Feb 11 16:26:59 2024: Server exiting with status 0.
Sun Feb 11 16:26:59 2024: Closing log file.
Mon Feb 12 11:49:09 2024: Running xcd server. This server was built by gradle.
Mon Feb 12 11:49:09 2024: Server was asked to start on port: '35365'
Mon Feb 12 11:49:09 2024: Server is using token UUID: '1725868d-00d3-4381-a8e8-59573a856564'
Mon Feb 12 11:49:09 2024: SESSION_MGR: creating session with session uuid: '6d04a3e9-ade5-4ab9-8d63-1f78fcd2ec76' and name 'default'
Mon Feb 12 11:49:09 2024: Attempting to start server on port '35365'
Mon Feb 12 11:49:09 2024: XCD main fifo: created main fifo '/tmp/xcdmain1725868d-00d3-4381-a8e8-59573a856564', fd read = 15
Mon Feb 12 11:49:09 2024: Running Dispatch Server
Mon Feb 12 11:49:09 2024: Version 2.2.0
Mon Feb 12 11:49:11 2024: Dispatch Server: Accepted socket connection from client
Mon Feb 12 11:49:11 2024: Starting Socket connection
Mon Feb 12 11:49:11 2024: EXCHANGE_TOKEN received, server token: 1725868d-00d3-4381-a8e8-59573a856564, passed token: 1725868d-00d3-4381-a8e8-59573a856564
Mon Feb 12 11:49:11 2024: SESSION_MGR: creating session with session uuid: '72692873-0080-4887-b93b-c9be65c64983' and name 'AIE Simulation'
Mon Feb 12 11:49:11 2024: KERNEL_SVC: creating session with uuid: '72692873-0080-4887-b93b-c9be65c64983' and name 'AIE Simulation'
Mon Feb 12 11:49:11 2024: GUIDANCE_SMGR: creating guidance session with uuid: '72692873-0080-4887-b93b-c9be65c64983' and name 'AIE Simulation'
Mon Feb 12 11:50:12 2024: SESSION_MGR: closing session for UUID '72692873-0080-4887-b93b-c9be65c64983' with name ''
Mon Feb 12 11:50:12 2024: KERNEL_SVC: closing session for UUID '72692873-0080-4887-b93b-c9be65c64983' with name ''
Mon Feb 12 11:50:12 2024: GUIDANCE_SMGR: closing session for UUID '72692873-0080-4887-b93b-c9be65c64983' with name ''
Mon Feb 12 11:50:12 2024: STOP_SERVER received, server token: 1725868d-00d3-4381-a8e8-59573a856564, passed token: 1725868d-00d3-4381-a8e8-59573a856564
Mon Feb 12 11:50:12 2024: Socket received request to stop server.
Mon Feb 12 11:50:12 2024: Dispatch Server: do_await_stop
Mon Feb 12 11:50:12 2024: Dispatch Server: stopping mainFifo_
Mon Feb 12 11:50:12 2024: XCD main fifo: Stopping
Mon Feb 12 11:50:12 2024: XCD main fifo: do_read error code: Operation canceled
Mon Feb 12 11:50:12 2024: XCD main fifo: bytes_transferred: 0
Mon Feb 12 11:50:12 2024: SERVER: destructor for server bound to port 35365
Mon Feb 12 11:50:12 2024: XCD main fifo: Good unlink of /tmp/xcdmain1725868d-00d3-4381-a8e8-59573a856564
Mon Feb 12 11:50:12 2024: Server exiting with status 0.
Mon Feb 12 11:50:12 2024: Closing log file.
Mon Feb 12 16:04:16 2024: Running xcd server. This server was built by gradle.
Mon Feb 12 16:04:16 2024: Server was asked to start on port: '41141'
Mon Feb 12 16:04:16 2024: Server is using token UUID: '41b5f385-4aab-4f6e-b064-5e0fa3425d09'
Mon Feb 12 16:04:16 2024: SESSION_MGR: creating session with session uuid: '6d04a3e9-ade5-4ab9-8d63-1f78fcd2ec76' and name 'default'
Mon Feb 12 16:04:16 2024: Attempting to start server on port '41141'
Mon Feb 12 16:04:16 2024: XCD main fifo: created main fifo '/tmp/xcdmain41b5f385-4aab-4f6e-b064-5e0fa3425d09', fd read = 15
Mon Feb 12 16:04:16 2024: Running Dispatch Server
Mon Feb 12 16:04:16 2024: Version 2.2.0
Mon Feb 12 16:04:18 2024: Dispatch Server: Accepted socket connection from client
Mon Feb 12 16:04:18 2024: Starting Socket connection
Mon Feb 12 16:04:18 2024: EXCHANGE_TOKEN received, server token: 41b5f385-4aab-4f6e-b064-5e0fa3425d09, passed token: 41b5f385-4aab-4f6e-b064-5e0fa3425d09
Mon Feb 12 16:04:18 2024: SESSION_MGR: creating session with session uuid: 'e2253aee-6d33-4ebe-a4fd-6797720aff40' and name 'AIE Simulation'
Mon Feb 12 16:04:18 2024: KERNEL_SVC: creating session with uuid: 'e2253aee-6d33-4ebe-a4fd-6797720aff40' and name 'AIE Simulation'
Mon Feb 12 16:04:18 2024: GUIDANCE_SMGR: creating guidance session with uuid: 'e2253aee-6d33-4ebe-a4fd-6797720aff40' and name 'AIE Simulation'
Mon Feb 12 16:05:17 2024: SESSION_MGR: closing session for UUID 'e2253aee-6d33-4ebe-a4fd-6797720aff40' with name ''
Mon Feb 12 16:05:17 2024: KERNEL_SVC: closing session for UUID 'e2253aee-6d33-4ebe-a4fd-6797720aff40' with name ''
Mon Feb 12 16:05:17 2024: GUIDANCE_SMGR: closing session for UUID 'e2253aee-6d33-4ebe-a4fd-6797720aff40' with name ''
Mon Feb 12 16:05:17 2024: STOP_SERVER received, server token: 41b5f385-4aab-4f6e-b064-5e0fa3425d09, passed token: 41b5f385-4aab-4f6e-b064-5e0fa3425d09
Mon Feb 12 16:05:17 2024: Socket received request to stop server.
Mon Feb 12 16:05:17 2024: Dispatch Server: do_await_stop
Mon Feb 12 16:05:17 2024: Dispatch Server: stopping mainFifo_
Mon Feb 12 16:05:17 2024: XCD main fifo: Stopping
Mon Feb 12 16:05:17 2024: XCD main fifo: do_read error code: Operation canceled
Mon Feb 12 16:05:17 2024: XCD main fifo: bytes_transferred: 0
Mon Feb 12 16:05:17 2024: SERVER: destructor for server bound to port 41141
Mon Feb 12 16:05:17 2024: XCD main fifo: Good unlink of /tmp/xcdmain41b5f385-4aab-4f6e-b064-5e0fa3425d09
Mon Feb 12 16:05:17 2024: Server exiting with status 0.
Mon Feb 12 16:05:17 2024: Closing log file.
Mon Feb 12 16:53:17 2024: Running xcd server. This server was built by gradle.
Mon Feb 12 16:53:17 2024: Server was asked to start on port: '40755'
Mon Feb 12 16:53:17 2024: Server is using token UUID: '4b7d835f-a269-4def-b211-6b1c756def2d'
Mon Feb 12 16:53:17 2024: SESSION_MGR: creating session with session uuid: '6d04a3e9-ade5-4ab9-8d63-1f78fcd2ec76' and name 'default'
Mon Feb 12 16:53:17 2024: Attempting to start server on port '40755'
Mon Feb 12 16:53:17 2024: XCD main fifo: created main fifo '/tmp/xcdmain4b7d835f-a269-4def-b211-6b1c756def2d', fd read = 15
Mon Feb 12 16:53:17 2024: Running Dispatch Server
Mon Feb 12 16:53:17 2024: Version 2.2.0
Mon Feb 12 16:53:19 2024: Dispatch Server: Accepted socket connection from client
Mon Feb 12 16:53:19 2024: Starting Socket connection
Mon Feb 12 16:53:19 2024: EXCHANGE_TOKEN received, server token: 4b7d835f-a269-4def-b211-6b1c756def2d, passed token: 4b7d835f-a269-4def-b211-6b1c756def2d
Mon Feb 12 16:53:19 2024: SESSION_MGR: creating session with session uuid: 'a2087d40-d9ff-4246-800f-d5c050663b16' and name 'AIE Simulation'
Mon Feb 12 16:53:19 2024: KERNEL_SVC: creating session with uuid: 'a2087d40-d9ff-4246-800f-d5c050663b16' and name 'AIE Simulation'
Mon Feb 12 16:53:19 2024: GUIDANCE_SMGR: creating guidance session with uuid: 'a2087d40-d9ff-4246-800f-d5c050663b16' and name 'AIE Simulation'
Mon Feb 12 17:06:16 2024: Running xcd server. This server was built by gradle.
Mon Feb 12 17:06:16 2024: Server was asked to start on port: '33893'
Mon Feb 12 17:06:16 2024: Server is using token UUID: '2c469254-deb4-4c9b-838b-f6113dbf0b15'
Mon Feb 12 17:06:16 2024: SESSION_MGR: creating session with session uuid: '6d04a3e9-ade5-4ab9-8d63-1f78fcd2ec76' and name 'default'
Mon Feb 12 17:06:16 2024: Attempting to start server on port '33893'
Mon Feb 12 17:06:16 2024: XCD main fifo: created main fifo '/tmp/xcdmain2c469254-deb4-4c9b-838b-f6113dbf0b15', fd read = 15
Mon Feb 12 17:06:16 2024: Running Dispatch Server
Mon Feb 12 17:06:16 2024: Version 2.2.0
Mon Feb 12 17:06:18 2024: Dispatch Server: Accepted socket connection from client
Mon Feb 12 17:06:18 2024: Starting Socket connection
Mon Feb 12 17:06:18 2024: EXCHANGE_TOKEN received, server token: 2c469254-deb4-4c9b-838b-f6113dbf0b15, passed token: 2c469254-deb4-4c9b-838b-f6113dbf0b15
Mon Feb 12 17:06:18 2024: SESSION_MGR: creating session with session uuid: '0e959e3f-996d-46e6-adaf-be4fccd55dbb' and name 'AIE Simulation'
Mon Feb 12 17:06:18 2024: KERNEL_SVC: creating session with uuid: '0e959e3f-996d-46e6-adaf-be4fccd55dbb' and name 'AIE Simulation'
Mon Feb 12 17:06:18 2024: GUIDANCE_SMGR: creating guidance session with uuid: '0e959e3f-996d-46e6-adaf-be4fccd55dbb' and name 'AIE Simulation'
Mon Feb 12 17:06:59 2024: SESSION_MGR: closing session for UUID '0e959e3f-996d-46e6-adaf-be4fccd55dbb' with name ''
Mon Feb 12 17:06:59 2024: KERNEL_SVC: closing session for UUID '0e959e3f-996d-46e6-adaf-be4fccd55dbb' with name ''
Mon Feb 12 17:06:59 2024: GUIDANCE_SMGR: closing session for UUID '0e959e3f-996d-46e6-adaf-be4fccd55dbb' with name ''
Mon Feb 12 17:06:59 2024: STOP_SERVER received, server token: 2c469254-deb4-4c9b-838b-f6113dbf0b15, passed token: 2c469254-deb4-4c9b-838b-f6113dbf0b15
Mon Feb 12 17:06:59 2024: Socket received request to stop server.
Mon Feb 12 17:06:59 2024: Dispatch Server: do_await_stop
Mon Feb 12 17:06:59 2024: Dispatch Server: stopping mainFifo_
Mon Feb 12 17:06:59 2024: XCD main fifo: Stopping
Mon Feb 12 17:06:59 2024: XCD main fifo: do_read error code: Operation canceled
Mon Feb 12 17:06:59 2024: XCD main fifo: bytes_transferred: 0
Mon Feb 12 17:06:59 2024: SERVER: destructor for server bound to port 33893
Mon Feb 12 17:06:59 2024: XCD main fifo: Good unlink of /tmp/xcdmain2c469254-deb4-4c9b-838b-f6113dbf0b15
Mon Feb 12 17:06:59 2024: Server exiting with status 0.
Mon Feb 12 17:06:59 2024: Closing log file.
Mon Feb 12 17:11:10 2024: Running xcd server. This server was built by gradle.
Mon Feb 12 17:11:10 2024: Server was asked to start on port: '37609'
Mon Feb 12 17:11:10 2024: Server is using token UUID: '85408847-9c4e-4cf5-ac78-70f24078fb9b'
Mon Feb 12 17:11:10 2024: SESSION_MGR: creating session with session uuid: '6d04a3e9-ade5-4ab9-8d63-1f78fcd2ec76' and name 'default'
Mon Feb 12 17:11:10 2024: Attempting to start server on port '37609'
Mon Feb 12 17:11:10 2024: XCD main fifo: created main fifo '/tmp/xcdmain85408847-9c4e-4cf5-ac78-70f24078fb9b', fd read = 15
Mon Feb 12 17:11:10 2024: Running Dispatch Server
Mon Feb 12 17:11:10 2024: Version 2.2.0
Mon Feb 12 17:11:12 2024: Dispatch Server: Accepted socket connection from client
Mon Feb 12 17:11:12 2024: Starting Socket connection
Mon Feb 12 17:11:12 2024: EXCHANGE_TOKEN received, server token: 85408847-9c4e-4cf5-ac78-70f24078fb9b, passed token: 85408847-9c4e-4cf5-ac78-70f24078fb9b
Mon Feb 12 17:11:12 2024: SESSION_MGR: creating session with session uuid: '6a9e6416-8db3-45a3-a65d-5a367c5fc069' and name 'AIE Simulation'
Mon Feb 12 17:11:12 2024: KERNEL_SVC: creating session with uuid: '6a9e6416-8db3-45a3-a65d-5a367c5fc069' and name 'AIE Simulation'
Mon Feb 12 17:11:12 2024: GUIDANCE_SMGR: creating guidance session with uuid: '6a9e6416-8db3-45a3-a65d-5a367c5fc069' and name 'AIE Simulation'
Mon Feb 12 17:11:52 2024: SESSION_MGR: closing session for UUID '6a9e6416-8db3-45a3-a65d-5a367c5fc069' with name ''
Mon Feb 12 17:11:52 2024: KERNEL_SVC: closing session for UUID '6a9e6416-8db3-45a3-a65d-5a367c5fc069' with name ''
Mon Feb 12 17:11:52 2024: GUIDANCE_SMGR: closing session for UUID '6a9e6416-8db3-45a3-a65d-5a367c5fc069' with name ''
Mon Feb 12 17:11:52 2024: STOP_SERVER received, server token: 85408847-9c4e-4cf5-ac78-70f24078fb9b, passed token: 85408847-9c4e-4cf5-ac78-70f24078fb9b
Mon Feb 12 17:11:52 2024: Socket received request to stop server.
Mon Feb 12 17:11:52 2024: Dispatch Server: do_await_stop
Mon Feb 12 17:11:52 2024: Dispatch Server: stopping mainFifo_
Mon Feb 12 17:11:52 2024: XCD main fifo: Stopping
Mon Feb 12 17:11:52 2024: XCD main fifo: do_read error code: Operation canceled
Mon Feb 12 17:11:52 2024: XCD main fifo: bytes_transferred: 0
Mon Feb 12 17:11:52 2024: SERVER: destructor for server bound to port 37609
Mon Feb 12 17:11:52 2024: XCD main fifo: Good unlink of /tmp/xcdmain85408847-9c4e-4cf5-ac78-70f24078fb9b
Mon Feb 12 17:11:52 2024: Server exiting with status 0.
Mon Feb 12 17:11:52 2024: Closing log file.
Mon Feb 12 17:20:13 2024: Running xcd server. This server was built by gradle.
Mon Feb 12 17:20:13 2024: Server was asked to start on port: '33187'
Mon Feb 12 17:20:13 2024: Server is using token UUID: 'a39dbb90-02bd-4f03-a00e-ea1bbc75d660'
Mon Feb 12 17:20:13 2024: SESSION_MGR: creating session with session uuid: '6d04a3e9-ade5-4ab9-8d63-1f78fcd2ec76' and name 'default'
Mon Feb 12 17:20:13 2024: Attempting to start server on port '33187'
Mon Feb 12 17:20:13 2024: XCD main fifo: created main fifo '/tmp/xcdmaina39dbb90-02bd-4f03-a00e-ea1bbc75d660', fd read = 15
Mon Feb 12 17:20:13 2024: Running Dispatch Server
Mon Feb 12 17:20:13 2024: Version 2.2.0
Mon Feb 12 17:20:15 2024: Dispatch Server: Accepted socket connection from client
Mon Feb 12 17:20:15 2024: Starting Socket connection
Mon Feb 12 17:20:15 2024: EXCHANGE_TOKEN received, server token: a39dbb90-02bd-4f03-a00e-ea1bbc75d660, passed token: a39dbb90-02bd-4f03-a00e-ea1bbc75d660
Mon Feb 12 17:20:15 2024: SESSION_MGR: creating session with session uuid: '614ad500-6f8d-47bf-9bc3-ba77f2fe0e0a' and name 'AIE Simulation'
Mon Feb 12 17:20:15 2024: KERNEL_SVC: creating session with uuid: '614ad500-6f8d-47bf-9bc3-ba77f2fe0e0a' and name 'AIE Simulation'
Mon Feb 12 17:20:15 2024: GUIDANCE_SMGR: creating guidance session with uuid: '614ad500-6f8d-47bf-9bc3-ba77f2fe0e0a' and name 'AIE Simulation'
Mon Feb 12 17:20:54 2024: SESSION_MGR: closing session for UUID '614ad500-6f8d-47bf-9bc3-ba77f2fe0e0a' with name ''
Mon Feb 12 17:20:54 2024: KERNEL_SVC: closing session for UUID '614ad500-6f8d-47bf-9bc3-ba77f2fe0e0a' with name ''
Mon Feb 12 17:20:54 2024: GUIDANCE_SMGR: closing session for UUID '614ad500-6f8d-47bf-9bc3-ba77f2fe0e0a' with name ''
Mon Feb 12 17:20:54 2024: STOP_SERVER received, server token: a39dbb90-02bd-4f03-a00e-ea1bbc75d660, passed token: a39dbb90-02bd-4f03-a00e-ea1bbc75d660
Mon Feb 12 17:20:54 2024: Socket received request to stop server.
Mon Feb 12 17:20:54 2024: Dispatch Server: do_await_stop
Mon Feb 12 17:20:54 2024: Dispatch Server: stopping mainFifo_
Mon Feb 12 17:20:54 2024: XCD main fifo: Stopping
Mon Feb 12 17:20:54 2024: XCD main fifo: do_read error code: Operation canceled
Mon Feb 12 17:20:54 2024: XCD main fifo: bytes_transferred: 0
Mon Feb 12 17:20:54 2024: SERVER: destructor for server bound to port 33187
Mon Feb 12 17:20:54 2024: XCD main fifo: Good unlink of /tmp/xcdmaina39dbb90-02bd-4f03-a00e-ea1bbc75d660
Mon Feb 12 17:20:54 2024: Server exiting with status 0.
Mon Feb 12 17:20:54 2024: Closing log file.
Mon Feb 12 17:22:50 2024: Running xcd server. This server was built by gradle.
Mon Feb 12 17:22:50 2024: Server was asked to start on port: '43553'
Mon Feb 12 17:22:50 2024: Server is using token UUID: 'c780eb15-0669-42d9-86f6-0593aa21d085'
Mon Feb 12 17:22:50 2024: SESSION_MGR: creating session with session uuid: '6d04a3e9-ade5-4ab9-8d63-1f78fcd2ec76' and name 'default'
Mon Feb 12 17:22:50 2024: Attempting to start server on port '43553'
Mon Feb 12 17:22:50 2024: XCD main fifo: created main fifo '/tmp/xcdmainc780eb15-0669-42d9-86f6-0593aa21d085', fd read = 15
Mon Feb 12 17:22:50 2024: Running Dispatch Server
Mon Feb 12 17:22:50 2024: Version 2.2.0
Mon Feb 12 17:22:52 2024: Dispatch Server: Accepted socket connection from client
Mon Feb 12 17:22:52 2024: Starting Socket connection
Mon Feb 12 17:22:52 2024: EXCHANGE_TOKEN received, server token: c780eb15-0669-42d9-86f6-0593aa21d085, passed token: c780eb15-0669-42d9-86f6-0593aa21d085
Mon Feb 12 17:22:52 2024: SESSION_MGR: creating session with session uuid: 'ffab522e-454b-456f-8e67-fa62dfbf226c' and name 'AIE Simulation'
Mon Feb 12 17:22:52 2024: KERNEL_SVC: creating session with uuid: 'ffab522e-454b-456f-8e67-fa62dfbf226c' and name 'AIE Simulation'
Mon Feb 12 17:22:52 2024: GUIDANCE_SMGR: creating guidance session with uuid: 'ffab522e-454b-456f-8e67-fa62dfbf226c' and name 'AIE Simulation'
Mon Feb 12 17:23:31 2024: SESSION_MGR: closing session for UUID 'ffab522e-454b-456f-8e67-fa62dfbf226c' with name ''
Mon Feb 12 17:23:31 2024: KERNEL_SVC: closing session for UUID 'ffab522e-454b-456f-8e67-fa62dfbf226c' with name ''
Mon Feb 12 17:23:31 2024: GUIDANCE_SMGR: closing session for UUID 'ffab522e-454b-456f-8e67-fa62dfbf226c' with name ''
Mon Feb 12 17:23:31 2024: STOP_SERVER received, server token: c780eb15-0669-42d9-86f6-0593aa21d085, passed token: c780eb15-0669-42d9-86f6-0593aa21d085
Mon Feb 12 17:23:31 2024: Socket received request to stop server.
Mon Feb 12 17:23:31 2024: Dispatch Server: do_await_stop
Mon Feb 12 17:23:31 2024: Dispatch Server: stopping mainFifo_
Mon Feb 12 17:23:31 2024: XCD main fifo: Stopping
Mon Feb 12 17:23:31 2024: XCD main fifo: do_read error code: Operation canceled
Mon Feb 12 17:23:31 2024: XCD main fifo: bytes_transferred: 0
Mon Feb 12 17:23:31 2024: SERVER: destructor for server bound to port 43553
Mon Feb 12 17:23:31 2024: XCD main fifo: Good unlink of /tmp/xcdmainc780eb15-0669-42d9-86f6-0593aa21d085
Mon Feb 12 17:23:31 2024: Server exiting with status 0.
Mon Feb 12 17:23:31 2024: Closing log file.
Mon Feb 12 17:24:36 2024: Running xcd server. This server was built by gradle.
Mon Feb 12 17:24:36 2024: Server was asked to start on port: '46649'
Mon Feb 12 17:24:36 2024: Server is using token UUID: '63ecf95f-7b58-4e32-a555-56ea7d690286'
Mon Feb 12 17:24:36 2024: SESSION_MGR: creating session with session uuid: '6d04a3e9-ade5-4ab9-8d63-1f78fcd2ec76' and name 'default'
Mon Feb 12 17:24:36 2024: Attempting to start server on port '46649'
Mon Feb 12 17:24:36 2024: XCD main fifo: created main fifo '/tmp/xcdmain63ecf95f-7b58-4e32-a555-56ea7d690286', fd read = 15
Mon Feb 12 17:24:36 2024: Running Dispatch Server
Mon Feb 12 17:24:36 2024: Version 2.2.0
Mon Feb 12 17:24:38 2024: Dispatch Server: Accepted socket connection from client
Mon Feb 12 17:24:38 2024: Starting Socket connection
Mon Feb 12 17:24:38 2024: EXCHANGE_TOKEN received, server token: 63ecf95f-7b58-4e32-a555-56ea7d690286, passed token: 63ecf95f-7b58-4e32-a555-56ea7d690286
Mon Feb 12 17:24:38 2024: SESSION_MGR: creating session with session uuid: '6a8435ad-c2fd-40e1-b5fb-e2ff912be487' and name 'AIE Simulation'
Mon Feb 12 17:24:38 2024: KERNEL_SVC: creating session with uuid: '6a8435ad-c2fd-40e1-b5fb-e2ff912be487' and name 'AIE Simulation'
Mon Feb 12 17:24:38 2024: GUIDANCE_SMGR: creating guidance session with uuid: '6a8435ad-c2fd-40e1-b5fb-e2ff912be487' and name 'AIE Simulation'
Mon Feb 12 17:25:20 2024: SESSION_MGR: closing session for UUID '6a8435ad-c2fd-40e1-b5fb-e2ff912be487' with name ''
Mon Feb 12 17:25:20 2024: KERNEL_SVC: closing session for UUID '6a8435ad-c2fd-40e1-b5fb-e2ff912be487' with name ''
Mon Feb 12 17:25:20 2024: GUIDANCE_SMGR: closing session for UUID '6a8435ad-c2fd-40e1-b5fb-e2ff912be487' with name ''
Mon Feb 12 17:25:20 2024: STOP_SERVER received, server token: 63ecf95f-7b58-4e32-a555-56ea7d690286, passed token: 63ecf95f-7b58-4e32-a555-56ea7d690286
Mon Feb 12 17:25:20 2024: Socket received request to stop server.
Mon Feb 12 17:25:20 2024: Dispatch Server: do_await_stop
Mon Feb 12 17:25:20 2024: Dispatch Server: stopping mainFifo_
Mon Feb 12 17:25:20 2024: XCD main fifo: Stopping
Mon Feb 12 17:25:20 2024: XCD main fifo: do_read error code: Operation canceled
Mon Feb 12 17:25:20 2024: XCD main fifo: bytes_transferred: 0
Mon Feb 12 17:25:20 2024: SERVER: destructor for server bound to port 46649
Mon Feb 12 17:25:20 2024: XCD main fifo: Good unlink of /tmp/xcdmain63ecf95f-7b58-4e32-a555-56ea7d690286
Mon Feb 12 17:25:20 2024: Server exiting with status 0.
Mon Feb 12 17:25:20 2024: Closing log file.
Mon Feb 12 17:47:52 2024: Running xcd server. This server was built by gradle.
Mon Feb 12 17:47:52 2024: Server was asked to start on port: '37019'
Mon Feb 12 17:47:52 2024: Server is using token UUID: 'cbb763f2-c3e7-476b-bb49-966117120914'
Mon Feb 12 17:47:52 2024: SESSION_MGR: creating session with session uuid: '6d04a3e9-ade5-4ab9-8d63-1f78fcd2ec76' and name 'default'
Mon Feb 12 17:47:52 2024: Attempting to start server on port '37019'
Mon Feb 12 17:47:52 2024: XCD main fifo: created main fifo '/tmp/xcdmaincbb763f2-c3e7-476b-bb49-966117120914', fd read = 15
Mon Feb 12 17:47:52 2024: Running Dispatch Server
Mon Feb 12 17:47:52 2024: Version 2.2.0
Mon Feb 12 17:47:54 2024: Dispatch Server: Accepted socket connection from client
Mon Feb 12 17:47:54 2024: Starting Socket connection
Mon Feb 12 17:47:54 2024: EXCHANGE_TOKEN received, server token: cbb763f2-c3e7-476b-bb49-966117120914, passed token: cbb763f2-c3e7-476b-bb49-966117120914
Mon Feb 12 17:47:54 2024: SESSION_MGR: creating session with session uuid: '6c762872-66b1-4d71-b80d-4fe5c1ce764a' and name 'AIE Simulation'
Mon Feb 12 17:47:54 2024: KERNEL_SVC: creating session with uuid: '6c762872-66b1-4d71-b80d-4fe5c1ce764a' and name 'AIE Simulation'
Mon Feb 12 17:47:54 2024: GUIDANCE_SMGR: creating guidance session with uuid: '6c762872-66b1-4d71-b80d-4fe5c1ce764a' and name 'AIE Simulation'
Mon Feb 12 17:49:06 2024: Running xcd server. This server was built by gradle.
Mon Feb 12 17:49:06 2024: Server was asked to start on port: '34173'
Mon Feb 12 17:49:06 2024: Server is using token UUID: 'db69f585-7323-4b08-8b06-3637ebafbac5'
Mon Feb 12 17:49:06 2024: SESSION_MGR: creating session with session uuid: '6d04a3e9-ade5-4ab9-8d63-1f78fcd2ec76' and name 'default'
Mon Feb 12 17:49:06 2024: Attempting to start server on port '34173'
Mon Feb 12 17:49:06 2024: XCD main fifo: created main fifo '/tmp/xcdmaindb69f585-7323-4b08-8b06-3637ebafbac5', fd read = 15
Mon Feb 12 17:49:06 2024: Running Dispatch Server
Mon Feb 12 17:49:06 2024: Version 2.2.0
Mon Feb 12 17:49:08 2024: Dispatch Server: Accepted socket connection from client
Mon Feb 12 17:49:08 2024: Starting Socket connection
Mon Feb 12 17:49:08 2024: EXCHANGE_TOKEN received, server token: db69f585-7323-4b08-8b06-3637ebafbac5, passed token: db69f585-7323-4b08-8b06-3637ebafbac5
Mon Feb 12 17:49:08 2024: SESSION_MGR: creating session with session uuid: '5ae200e8-c600-49e6-bd18-c8c3f479fca6' and name 'AIE Simulation'
Mon Feb 12 17:49:08 2024: KERNEL_SVC: creating session with uuid: '5ae200e8-c600-49e6-bd18-c8c3f479fca6' and name 'AIE Simulation'
Mon Feb 12 17:49:08 2024: GUIDANCE_SMGR: creating guidance session with uuid: '5ae200e8-c600-49e6-bd18-c8c3f479fca6' and name 'AIE Simulation'
Mon Feb 12 17:51:19 2024: Running xcd server. This server was built by gradle.
Mon Feb 12 17:51:19 2024: Server was asked to start on port: '44815'
Mon Feb 12 17:51:19 2024: Server is using token UUID: '6dce2bf8-cbcd-45f1-b5ea-4e6383720e78'
Mon Feb 12 17:51:19 2024: SESSION_MGR: creating session with session uuid: '6d04a3e9-ade5-4ab9-8d63-1f78fcd2ec76' and name 'default'
Mon Feb 12 17:51:19 2024: Attempting to start server on port '44815'
Mon Feb 12 17:51:19 2024: XCD main fifo: created main fifo '/tmp/xcdmain6dce2bf8-cbcd-45f1-b5ea-4e6383720e78', fd read = 15
Mon Feb 12 17:51:19 2024: Running Dispatch Server
Mon Feb 12 17:51:19 2024: Version 2.2.0
Mon Feb 12 17:51:21 2024: Dispatch Server: Accepted socket connection from client
Mon Feb 12 17:51:21 2024: Starting Socket connection
Mon Feb 12 17:51:21 2024: EXCHANGE_TOKEN received, server token: 6dce2bf8-cbcd-45f1-b5ea-4e6383720e78, passed token: 6dce2bf8-cbcd-45f1-b5ea-4e6383720e78
Mon Feb 12 17:51:21 2024: SESSION_MGR: creating session with session uuid: 'fd148814-129f-4422-a530-932e5262e4cc' and name 'AIE Simulation'
Mon Feb 12 17:51:21 2024: KERNEL_SVC: creating session with uuid: 'fd148814-129f-4422-a530-932e5262e4cc' and name 'AIE Simulation'
Mon Feb 12 17:51:21 2024: GUIDANCE_SMGR: creating guidance session with uuid: 'fd148814-129f-4422-a530-932e5262e4cc' and name 'AIE Simulation'
Tue Feb 13 11:13:16 2024: Running xcd server. This server was built by gradle.
Tue Feb 13 11:13:16 2024: Server was asked to start on port: '44679'
Tue Feb 13 11:13:16 2024: Server is using token UUID: '89a44a5f-02dd-4b57-a785-0028de02f276'
Tue Feb 13 11:13:16 2024: SESSION_MGR: creating session with session uuid: '6d04a3e9-ade5-4ab9-8d63-1f78fcd2ec76' and name 'default'
Tue Feb 13 11:13:16 2024: Attempting to start server on port '44679'
Tue Feb 13 11:13:16 2024: XCD main fifo: created main fifo '/tmp/xcdmain89a44a5f-02dd-4b57-a785-0028de02f276', fd read = 15
Tue Feb 13 11:13:16 2024: Running Dispatch Server
Tue Feb 13 11:13:16 2024: Version 2.2.0
Tue Feb 13 11:13:18 2024: Dispatch Server: Accepted socket connection from client
Tue Feb 13 11:13:18 2024: Starting Socket connection
Tue Feb 13 11:13:18 2024: EXCHANGE_TOKEN received, server token: 89a44a5f-02dd-4b57-a785-0028de02f276, passed token: 89a44a5f-02dd-4b57-a785-0028de02f276
Tue Feb 13 11:13:18 2024: SESSION_MGR: creating session with session uuid: '90fa0180-baa8-49f0-aa75-3c92492aaa64' and name 'AIE Simulation'
Tue Feb 13 11:13:18 2024: KERNEL_SVC: creating session with uuid: '90fa0180-baa8-49f0-aa75-3c92492aaa64' and name 'AIE Simulation'
Tue Feb 13 11:13:18 2024: GUIDANCE_SMGR: creating guidance session with uuid: '90fa0180-baa8-49f0-aa75-3c92492aaa64' and name 'AIE Simulation'
Tue Feb 13 11:13:59 2024: SESSION_MGR: closing session for UUID '90fa0180-baa8-49f0-aa75-3c92492aaa64' with name ''
Tue Feb 13 11:13:59 2024: KERNEL_SVC: closing session for UUID '90fa0180-baa8-49f0-aa75-3c92492aaa64' with name ''
Tue Feb 13 11:13:59 2024: GUIDANCE_SMGR: closing session for UUID '90fa0180-baa8-49f0-aa75-3c92492aaa64' with name ''
Tue Feb 13 11:13:59 2024: STOP_SERVER received, server token: 89a44a5f-02dd-4b57-a785-0028de02f276, passed token: 89a44a5f-02dd-4b57-a785-0028de02f276
Tue Feb 13 11:13:59 2024: Socket received request to stop server.
Tue Feb 13 11:13:59 2024: Dispatch Server: do_await_stop
Tue Feb 13 11:13:59 2024: Dispatch Server: stopping mainFifo_
Tue Feb 13 11:13:59 2024: XCD main fifo: Stopping
Tue Feb 13 11:13:59 2024: XCD main fifo: do_read error code: Operation canceled
Tue Feb 13 11:13:59 2024: XCD main fifo: bytes_transferred: 0
Tue Feb 13 11:13:59 2024: SERVER: destructor for server bound to port 44679
Tue Feb 13 11:13:59 2024: XCD main fifo: Good unlink of /tmp/xcdmain89a44a5f-02dd-4b57-a785-0028de02f276
Tue Feb 13 11:13:59 2024: Server exiting with status 0.
Tue Feb 13 11:13:59 2024: Closing log file.
