
// File generated by darts version U-2022.12#3eec2545bc#230622, Mon Feb 12 16:52:54 2024
// Copyright 2014-2022 Synopsys, Inc. All rights reserved.
// darts -I/tools/Xilinx/Vitis/2023.2/aietools/data/versal_prod/lib -d -h -I/tools/Xilinx/Vitis/2023.2/aietools/include -I/home/yzwu/Desktop/soc_test/aie_component -I/home/yzwu/Desktop/soc_test/aie_component/src -I/home/yzwu/Desktop/soc_test/matrix_plio/build/hw/. -I/home/yzwu/Desktop/soc_test/matrix_plio/build/hw/./src/kernels -I/home/yzwu/Desktop/soc_test/matrix_plio/build/hw/home/yzwu/Desktop/soc_test/aie_component -I/home/yzwu/Desktop/soc_test/matrix_plio/build/hw/home/yzwu/Desktop/soc_test/aie_component/src -I/tools/Xilinx/Vitis/2023.2/aietools/data/versal_prod/lib/runtime_cxx/libcxx-lite/include -I/tools/Xilinx/Vitis/2023.2/aietools/data/versal_prod/lib/runtime_cxx/libs/libcxx-9.0.0/include-lite -I/tools/Xilinx/Vitis/2023.2/aietools/data/versal_prod/lib/runtime/include -D__AIENGINE__ -D__AIE_ARCH__=10 -DDEPLOYMENT_ELF=1 -D__LOCK_FENCE_MODE__=0 -DAIE_OPTION_SCALAR_FLOAT_ON_VECTOR -D__tct_tgt__=230622 -L +Ihex +nanno -nb ../Release/24_0.o me

// Release: ipp U-2022.12-TGT-230622
.data_segment_name
.data local 16 _ZL11sync_buffer DMb
	0x0
	0x0
	0x0
	0x0
	0xff
	0xff
	0xff
	0xff
	0x0
	0x0
	0x0
	0x0
	0x0
	0x0
	0x0
	0x0
	0x0
	0x0
	0x0
	0x0
	0x0
	0x0
	0x0
	0x0
	0x0
	0x0
	0x0
	0x0
	0x0
	0x0
	0x0
	0x0

.undef local data _ZL11sync_buffer

.undef global data _ZN12me_primitive3ss0E


.undef global data _ZN12me_primitive3ms0E


.undef global data _ZN12me_primitive4sst0E


.undef global data _ZN12me_primitive4ssc0E


.undef global data _ZN12me_primitive5wsst0E


.undef global data _ZN12me_primitive4msc0E


.undef global data _ZN12me_primitive3ss1E


.undef global data _ZN12me_primitive3ms1E


.undef global data _ZN12me_primitive4sst1E


.undef global data _ZN12me_primitive4ssc1E


.undef global data _ZN12me_primitive5wsst1E


.undef global data _ZN12me_primitive4msc1E


.undef global data ZERO

.undef global data ONES

.text_segment_name
.text global 16 _Z9matrix256P12input_streamIiES1_P13output_streamIiE
.label __Z9matrix256P12input_streamIiES1_P13output_streamIiE___func_begin0
.function_start
	     0     MOV.s10 lc, #32;    MOV.s9 r0, #0;      NOP;                                                        MOV.u20 cl0, #274960;         NOP
	    12                                             NOP;                                                        MOV.u20 cl1, #0;              NOP
	    20                                             NOP;                                                        MOV.u20 ls, #(ZLS_F_Z9matrix256P12input_streamIiES1_P13output_streamIiE_80 + 0);NOP
	    28     LDA r1, [p1];       LDB r2, [p0];       NOP;                                                        MOV.u20 le, #(ZLE_F_Z9matrix256P12input_streamIiES1_P13output_streamIiE_144 + 0);NOP
	    40                                             NOP;                                                        MOV.u20 ch1, #0;              NOP
	    48                                             NOP;                                                        MOVT.s12 cl0, #1893;          NOP
	    56                                             NOP;                                                        MOVT.s12 cl1, #1;             NOP
	    64     NOP
	    66     NOP
	    68     NOP
	    70     NOP
	    72     NOP;                                                                                                MOV md0[8], r2[0]
	    76     NOP;                                                                                                MOV md0[9], r1[0]
.label ZLS_F_Z9matrix256P12input_streamIiES1_P13output_streamIiE_80
.loop_nesting 1
.begin_of_loop
	    80     NOP;                                                                                                VMOV0 vrl0, WSS.md0[ 8]
	    84     NOP
	    86     NOP
	    88     NOP
	    90     NOP;                                                                                                VMOV0 vrh0, WSS.md0[ 8]
	    94     NOP
	    96     NOP
	    98     NOP
	   100     NOP;                                                                                                VMOV0 vcl0, WSS.md0[ 9]
	   104     NOP
	   106     NOP
	   108     NOP;                                                                  NOP
	   112     NOP;                                                                                                VMOV0 vch0, WSS.md0[ 9]
	   116     NOP;                NOP;                NOP;                          NOP;                          NOP
	   128     NOP;                NOP;                NOP;                          NOP;                          NOP;                          NOP;                                    VMAC.80 bm0, ya.s32, r0, c0, r0, wc0.s32, #0, c0, c1
.label ZLE_F_Z9matrix256P12input_streamIiES1_P13output_streamIiE_144
.end_of_loop
	   144     NOP;                NOP;                NOP;                          NOP;                          NOP;                          NOP;                                    NOP
.loop_nesting 0
	   160     LDA r5, [p2];       MOV.s9 r7, #4;                                    MOV.s12 r3, #1;               MOV.u20 cl2, #49152;          NOP
	   172     MOV.s10 r6, #2;     NOP;                                              ADD.NRM s0, r3, #0;           MOV.u20 ch2, #65536;          NOP
	   184                                             NOP;                                                        MOV.u20 ch0, #0;              NOP
	   192                                             NOP;                                                        MOVT.s12 cl2, #1;             NOP
	   200     NOP;                                    VMOVS.80.SRSS wr0, bm0, s0
	   204     NOP
	   206     NOP
	   208     NOP;                                                                                                                                                                      VCMP xd, r7, ya.s32, r0, c0, r7, c0, c2
	   212     NOP;                                                                                                MOV md0[10], r5[0]
	   216     NOP;                                                                  RET lr;                                                                                             VCMP xd, r5, yd.s32, r0, c0, r6, c0, c2
.delay_slot
.swstall delay_slot
	   224     NOP
.delay_slot
	   226     NOP;                                                                                                                                                                      VCMP xd, r0, yd.s32, r0, c0, r3, c0, c2
.delay_slot
.swstall delay_slot
	   230     NOP
.delay_slot
	   232     NOP;                                    NOP;                                                                                      VEXT.32 r9, vdl0[0]
.label _Z9matrix256P12input_streamIiES1_P13output_streamIiE__end last
.label __Z9matrix256P12input_streamIiES1_P13output_streamIiE___func_end0 last
.delay_slot
	   240     NOP;                                    NOP;                                                                                      MOV1 MS.md0[10], r9, #0

.text_segment_name
.text global 16 _main
.label _main___func_begin0
.function_start
	     0     NOP;                MOV.s9 r8, #0;                                    MOV.s12 m0, #32;              MOV.u20 p3, #_ZL11sync_buffer;NOP
	    12     PADDA [sp], m0;     MOV.s9 r9, #1;      NOP;                          MOV.s12 m2, #-4;              MOV r12, lr
	    24     NOP;                                                                  MOV.s12 m0, #-8
	    28                                             ST r8, [p3], #4;              MOV.s12 m1, #-12;             MOV r13, sp
	    36     NOP;                                                                                                MOV p2, r13
.noswbrkpt
	    40     PADDA [p2], m1;                                                       NOP;                          MOV p0, p2
.nohwbrkpt
.noswbrkpt
	    48     PADDA [p0], m2;                                                       NOP;                          MOV p1, p2
	    56     PADDA [p1], m0;                         ST r8, [p2];                  NOP
	    64     NOP;                                    ST r8, [p0]
	    68     NOP;                NOP;                ST r9, [p1];                  NOP;                          NOP
.label TGT_F_main_80
.loop_nesting 1
	    80     LDA r13, [p3], #-4;                     NOP;                          NOP
	    88     NOP
	    90     NOP
	    92     NOP
	    94     NOP
	    96     NOP
	    98     NOP
	   100     NOP
	   102                                             NOP;                                                        BEQZ r13,#TGT_F_main_192;     NOP
.delay_slot
.swstall delay_slot
	   110     NOP
.delay_slot
.swstall delay_slot
	   112     NOP
.delay_slot
.swstall delay_slot
	   114     NOP
.delay_slot
.swstall delay_slot
	   116     NOP;                                                                  NOP
.delay_slot
.swstall delay_slot
	   120     NOP;                                    NOP;                          NOP
.label TGT_F_main_128
.loop_nesting 2
.no_stack_arguments
	   128                                             NOP;                                                        JAL #_Z9matrix256P12input_streamIiES1_P13output_streamIiE;NOP
.delay_slot
.swstall delay_slot
	   136     NOP
.delay_slot
.swstall delay_slot
	   138     NOP
.delay_slot
.swstall delay_slot
	   140     NOP
.delay_slot
.swstall delay_slot
	   142     NOP
.delay_slot
.swstall delay_slot
	   144     NOP;                NOP;                NOP;                          NOP;                          NOP;                          NOP;                                    NOP
.return_address
	   160     NOP;                                                                  LT r9, r8, r13
	   164     NOP;                                                                  SUB r13, r13, r9
	   168                                             NOP;                                                        BNEZ r13,#TGT_F_main_128;     NOP
.delay_slot
.swstall delay_slot
	   176     NOP
.delay_slot
.swstall delay_slot
	   178     NOP
.delay_slot
.swstall delay_slot
	   180     NOP
.delay_slot
.swstall delay_slot
	   182     NOP
.delay_slot
.swstall delay_slot
	   184     NOP;                                    NOP;                          NOP
.label TGT_F_main_192
.loop_nesting 1
.swstall chess_separator_scheduler
	   192     NOP
.swstall chess_separator_scheduler
	   194     NOP
.swstall chess_separator_scheduler
	   196     NOP
.swstall chess_separator_scheduler
	   198     NOP
.swstall chess_separator_scheduler
	   200     NOP
.swstall chess_separator_scheduler
	   202     NOP
.swstall chess_separator_scheduler
	   204     NOP
.swstall chess_separator_scheduler
	   206     NOP
	   208     NOP;                                                                  EVENT #2
.swstall chess_separator_scheduler
	   212     NOP
.swstall chess_separator_scheduler
	   214     NOP
.swstall chess_separator_scheduler
	   216     NOP
.swstall chess_separator_scheduler
	   218     NOP
.swstall chess_separator_scheduler
	   220     NOP
	   222     LDA r9, [p3], #4;                       NOP;                          NOP
	   230     NOP
	   232     NOP
	   234     NOP
	   236     NOP
	   238     NOP
	   240     NOP
	   242     NOP
	   244     NOP;                                                                  GE r9, r8, r9
	   248                                             NOP;                                                        BNEZ r9,#TGT_F_main_80;       NOP
.delay_slot
.swstall delay_slot
	   256     NOP
.delay_slot
.swstall delay_slot
	   258     NOP
.delay_slot
.swstall delay_slot
	   260     NOP
.delay_slot
.swstall delay_slot
	   262     NOP
.delay_slot
.swstall delay_slot
	   264     NOP
.loop_nesting 0
	   266     MOV.s10 r0, #0;                                                       MOV.s12 m0, #-32;             MOV lr, r12
	   274     PADDA [sp], m0;                         NOP;                          NOP
	   282     NOP
	   284     NOP
	   286     NOP
	   288     NOP
	   290     NOP
	   292     NOP
.end_of_main
	   294     RET lr
.delay_slot
.swstall delay_slot
	   296     NOP
.delay_slot
.swstall delay_slot
	   298     NOP
.delay_slot
.swstall delay_slot
	   300     NOP
.delay_slot
.swstall delay_slot
	   302     NOP
.label _main__end last
.label _main___func_end0 last
.delay_slot
.swstall delay_slot
	   304     NOP

.undef global data main

.undef global text _Z9matrix256P12input_streamIiES1_P13output_streamIiE



.direct_eval +,-,(,)
