Mon Feb 12 17:09:34 2024: Running xcd server. This server was built by gradle.
Mon Feb 12 17:09:34 2024: Server was asked to start on port: '39277'
Mon Feb 12 17:09:34 2024: Server is using token UUID: '3906258a-dc99-4872-8586-99a04060e4e0'
Mon Feb 12 17:09:34 2024: SESSION_MGR: creating session with session uuid: '6d04a3e9-ade5-4ab9-8d63-1f78fcd2ec76' and name 'default'
Mon Feb 12 17:09:34 2024: Attempting to start server on port '39277'
Mon Feb 12 17:09:34 2024: XCD main fifo: created main fifo '/tmp/xcdmain3906258a-dc99-4872-8586-99a04060e4e0', fd read = 13
Mon Feb 12 17:09:34 2024: Running Dispatch Server
Mon Feb 12 17:09:34 2024: Version 2.2.0
Mon Feb 12 17:09:36 2024: Dispatch Server: Accepted socket connection from client
Mon Feb 12 17:09:36 2024: Starting Socket connection
Mon Feb 12 17:09:36 2024: EXCHANGE_TOKEN received, server token: 3906258a-dc99-4872-8586-99a04060e4e0, passed token: 3906258a-dc99-4872-8586-99a04060e4e0
Mon Feb 12 17:09:36 2024: DISPATCH_HANDLER: Adding handler from function makeHandler in library libxv_system_diagram
Mon Feb 12 17:09:36 2024: SESSION_MGR: creating session with session uuid: '4d576785-488e-4ca8-80e7-a93acd87d127' and name 'v++_compile_Work'
Mon Feb 12 17:09:36 2024: KERNEL_SVC: creating session with uuid: '4d576785-488e-4ca8-80e7-a93acd87d127' and name 'v++_compile_Work'
Mon Feb 12 17:09:36 2024: GUIDANCE_SMGR: creating guidance session with uuid: '4d576785-488e-4ca8-80e7-a93acd87d127' and name 'v++_compile_Work'
Mon Feb 12 17:09:36 2024: SYSTEM_DIAGRAM: creating session with uuid: '4d576785-488e-4ca8-80e7-a93acd87d127' and name 'v++_compile_Work'
Mon Feb 12 17:09:46 2024: Dispatch Server: Accepted socket connection from client
Mon Feb 12 17:09:46 2024: Starting Socket connection
Mon Feb 12 17:09:46 2024: SESSION_MGR: creating session with session uuid: '20e063ad-1cfb-4895-9865-9e1c9e4b7999' and name 'AIE Compilation'
Mon Feb 12 17:09:46 2024: KERNEL_SVC: creating session with uuid: '20e063ad-1cfb-4895-9865-9e1c9e4b7999' and name 'AIE Compilation'
Mon Feb 12 17:09:46 2024: GUIDANCE_SMGR: creating guidance session with uuid: '20e063ad-1cfb-4895-9865-9e1c9e4b7999' and name 'AIE Compilation'
Mon Feb 12 17:09:46 2024: SYSTEM_DIAGRAM: creating session with uuid: '20e063ad-1cfb-4895-9865-9e1c9e4b7999' and name 'AIE Compilation'
Mon Feb 12 17:09:48 2024: Dispatch Server: Accepted socket connection from client
Mon Feb 12 17:09:48 2024: Starting Socket connection
Mon Feb 12 17:10:12 2024: SESSION_MGR: closing session for UUID '20e063ad-1cfb-4895-9865-9e1c9e4b7999' with name ''
Mon Feb 12 17:10:12 2024: KERNEL_SVC: closing session for UUID '20e063ad-1cfb-4895-9865-9e1c9e4b7999' with name ''
Mon Feb 12 17:10:12 2024: GUIDANCE_SMGR: closing session for UUID '20e063ad-1cfb-4895-9865-9e1c9e4b7999' with name ''
Mon Feb 12 17:10:12 2024: SYSTEM_DIAGRAM: closing session for UUID '20e063ad-1cfb-4895-9865-9e1c9e4b7999' with name ''
Mon Feb 12 17:10:12 2024: SESSION_MGR: closing session for UUID '4d576785-488e-4ca8-80e7-a93acd87d127' with name 'v++_compile_Work'
Mon Feb 12 17:10:12 2024: KERNEL_SVC: closing session for UUID '4d576785-488e-4ca8-80e7-a93acd87d127' with name 'v++_compile_Work'
Mon Feb 12 17:10:12 2024: GUIDANCE_SMGR: closing session for UUID '4d576785-488e-4ca8-80e7-a93acd87d127' with name 'v++_compile_Work'
Mon Feb 12 17:10:12 2024: SYSTEM_DIAGRAM: closing session for UUID '4d576785-488e-4ca8-80e7-a93acd87d127' with name 'v++_compile_Work'
Mon Feb 12 17:10:12 2024: STOP_SERVER received, server token: 3906258a-dc99-4872-8586-99a04060e4e0, passed token: 3906258a-dc99-4872-8586-99a04060e4e0
Mon Feb 12 17:10:12 2024: Socket received request to stop server.
Mon Feb 12 17:10:12 2024: Dispatch Server: do_await_stop
Mon Feb 12 17:10:12 2024: Dispatch Server: stopping mainFifo_
Mon Feb 12 17:10:12 2024: XCD main fifo: Stopping
Mon Feb 12 17:10:12 2024: XCD main fifo: do_read error code: Operation canceled
Mon Feb 12 17:10:12 2024: XCD main fifo: bytes_transferred: 0
Mon Feb 12 17:10:12 2024: SERVER: destructor for server bound to port 39277
Mon Feb 12 17:10:12 2024: XCD main fifo: Good unlink of /tmp/xcdmain3906258a-dc99-4872-8586-99a04060e4e0
Mon Feb 12 17:10:12 2024: Server exiting with status 0.
Mon Feb 12 17:10:12 2024: Closing log file.
Mon Feb 12 17:17:09 2024: Running xcd server. This server was built by gradle.
Mon Feb 12 17:17:09 2024: Server was asked to start on port: '43677'
Mon Feb 12 17:17:09 2024: Server is using token UUID: '46756212-afa5-4e6d-a8ce-5e163b0b59aa'
Mon Feb 12 17:17:09 2024: SESSION_MGR: creating session with session uuid: '6d04a3e9-ade5-4ab9-8d63-1f78fcd2ec76' and name 'default'
Mon Feb 12 17:17:09 2024: Attempting to start server on port '43677'
Mon Feb 12 17:17:09 2024: XCD main fifo: created main fifo '/tmp/xcdmain46756212-afa5-4e6d-a8ce-5e163b0b59aa', fd read = 13
Mon Feb 12 17:17:09 2024: Running Dispatch Server
Mon Feb 12 17:17:09 2024: Version 2.2.0
Mon Feb 12 17:17:11 2024: Dispatch Server: Accepted socket connection from client
Mon Feb 12 17:17:11 2024: Starting Socket connection
Mon Feb 12 17:17:11 2024: EXCHANGE_TOKEN received, server token: 46756212-afa5-4e6d-a8ce-5e163b0b59aa, passed token: 46756212-afa5-4e6d-a8ce-5e163b0b59aa
Mon Feb 12 17:17:11 2024: DISPATCH_HANDLER: Adding handler from function makeHandler in library libxv_system_diagram
Mon Feb 12 17:17:11 2024: SESSION_MGR: creating session with session uuid: 'aefccd84-7759-48e8-926c-c157d37882a3' and name 'v++_compile_Work'
Mon Feb 12 17:17:11 2024: KERNEL_SVC: creating session with uuid: 'aefccd84-7759-48e8-926c-c157d37882a3' and name 'v++_compile_Work'
Mon Feb 12 17:17:11 2024: GUIDANCE_SMGR: creating guidance session with uuid: 'aefccd84-7759-48e8-926c-c157d37882a3' and name 'v++_compile_Work'
Mon Feb 12 17:17:11 2024: SYSTEM_DIAGRAM: creating session with uuid: 'aefccd84-7759-48e8-926c-c157d37882a3' and name 'v++_compile_Work'
Mon Feb 12 17:17:20 2024: Dispatch Server: Accepted socket connection from client
Mon Feb 12 17:17:20 2024: Starting Socket connection
Mon Feb 12 17:17:20 2024: SESSION_MGR: creating session with session uuid: 'b763ad0e-4874-4051-b71f-3ec541f2b446' and name 'AIE Compilation'
Mon Feb 12 17:17:20 2024: KERNEL_SVC: creating session with uuid: 'b763ad0e-4874-4051-b71f-3ec541f2b446' and name 'AIE Compilation'
Mon Feb 12 17:17:20 2024: GUIDANCE_SMGR: creating guidance session with uuid: 'b763ad0e-4874-4051-b71f-3ec541f2b446' and name 'AIE Compilation'
Mon Feb 12 17:17:20 2024: SYSTEM_DIAGRAM: creating session with uuid: 'b763ad0e-4874-4051-b71f-3ec541f2b446' and name 'AIE Compilation'
Mon Feb 12 17:17:22 2024: Dispatch Server: Accepted socket connection from client
Mon Feb 12 17:17:22 2024: Starting Socket connection
Mon Feb 12 17:17:41 2024: SESSION_MGR: closing session for UUID 'b763ad0e-4874-4051-b71f-3ec541f2b446' with name ''
Mon Feb 12 17:17:41 2024: KERNEL_SVC: closing session for UUID 'b763ad0e-4874-4051-b71f-3ec541f2b446' with name ''
Mon Feb 12 17:17:41 2024: GUIDANCE_SMGR: closing session for UUID 'b763ad0e-4874-4051-b71f-3ec541f2b446' with name ''
Mon Feb 12 17:17:41 2024: SYSTEM_DIAGRAM: closing session for UUID 'b763ad0e-4874-4051-b71f-3ec541f2b446' with name ''
Mon Feb 12 17:17:42 2024: SESSION_MGR: closing session for UUID 'aefccd84-7759-48e8-926c-c157d37882a3' with name 'v++_compile_Work'
Mon Feb 12 17:17:42 2024: KERNEL_SVC: closing session for UUID 'aefccd84-7759-48e8-926c-c157d37882a3' with name 'v++_compile_Work'
Mon Feb 12 17:17:42 2024: GUIDANCE_SMGR: closing session for UUID 'aefccd84-7759-48e8-926c-c157d37882a3' with name 'v++_compile_Work'
Mon Feb 12 17:17:42 2024: SYSTEM_DIAGRAM: closing session for UUID 'aefccd84-7759-48e8-926c-c157d37882a3' with name 'v++_compile_Work'
Mon Feb 12 17:17:42 2024: STOP_SERVER received, server token: 46756212-afa5-4e6d-a8ce-5e163b0b59aa, passed token: 46756212-afa5-4e6d-a8ce-5e163b0b59aa
Mon Feb 12 17:17:42 2024: Socket received request to stop server.
Mon Feb 12 17:17:42 2024: Dispatch Server: do_await_stop
Mon Feb 12 17:17:42 2024: Dispatch Server: stopping mainFifo_
Mon Feb 12 17:17:42 2024: XCD main fifo: Stopping
Mon Feb 12 17:17:42 2024: XCD main fifo: do_read error code: Operation canceled
Mon Feb 12 17:17:42 2024: XCD main fifo: bytes_transferred: 0
Mon Feb 12 17:17:42 2024: SERVER: destructor for server bound to port 43677
Mon Feb 12 17:17:42 2024: XCD main fifo: Good unlink of /tmp/xcdmain46756212-afa5-4e6d-a8ce-5e163b0b59aa
Mon Feb 12 17:17:42 2024: Server exiting with status 0.
Mon Feb 12 17:17:42 2024: Closing log file.
